Archive member included to satisfy reference by file (symbol)

C:/ST/STM32CubeIDE_1.19.0/STM32CubeIDE/plugins/com.st.stm32cube.ide.mcu.externaltools.gnu-tools-for-stm32.13.3.rel1.win32_1.0.0.202411081344/tools/bin/../lib/gcc/arm-none-eabi/13.3.1/../../../../arm-none-eabi/lib/thumb/v7-m/nofp\libc_nano.a(libc_a-exit.o)
                              C:/ST/STM32CubeIDE_1.19.0/STM32CubeIDE/plugins/com.st.stm32cube.ide.mcu.externaltools.gnu-tools-for-stm32.13.3.rel1.win32_1.0.0.202411081344/tools/bin/../lib/gcc/arm-none-eabi/13.3.1/../../../../arm-none-eabi/lib/thumb/v7-m/nofp/crt0.o (exit)
C:/ST/STM32CubeIDE_1.19.0/STM32CubeIDE/plugins/com.st.stm32cube.ide.mcu.externaltools.gnu-tools-for-stm32.13.3.rel1.win32_1.0.0.202411081344/tools/bin/../lib/gcc/arm-none-eabi/13.3.1/../../../../arm-none-eabi/lib/thumb/v7-m/nofp\libc_nano.a(libc_a-nano-vfprintf_float.o)
                              (_printf_float)
C:/ST/STM32CubeIDE_1.19.0/STM32CubeIDE/plugins/com.st.stm32cube.ide.mcu.externaltools.gnu-tools-for-stm32.13.3.rel1.win32_1.0.0.202411081344/tools/bin/../lib/gcc/arm-none-eabi/13.3.1/../../../../arm-none-eabi/lib/thumb/v7-m/nofp\libc_nano.a(libc_a-nano-vfprintf_i.o)
                              C:/ST/STM32CubeIDE_1.19.0/STM32CubeIDE/plugins/com.st.stm32cube.ide.mcu.externaltools.gnu-tools-for-stm32.13.3.rel1.win32_1.0.0.202411081344/tools/bin/../lib/gcc/arm-none-eabi/13.3.1/../../../../arm-none-eabi/lib/thumb/v7-m/nofp\libc_nano.a(libc_a-nano-vfprintf_float.o) (_printf_common)
C:/ST/STM32CubeIDE_1.19.0/STM32CubeIDE/plugins/com.st.stm32cube.ide.mcu.externaltools.gnu-tools-for-stm32.13.3.rel1.win32_1.0.0.202411081344/tools/bin/../lib/gcc/arm-none-eabi/13.3.1/../../../../arm-none-eabi/lib/thumb/v7-m/nofp\libc_nano.a(libc_a-nano-vfscanf_float.o)
                              (_scanf_float)
C:/ST/STM32CubeIDE_1.19.0/STM32CubeIDE/plugins/com.st.stm32cube.ide.mcu.externaltools.gnu-tools-for-stm32.13.3.rel1.win32_1.0.0.202411081344/tools/bin/../lib/gcc/arm-none-eabi/13.3.1/../../../../arm-none-eabi/lib/thumb/v7-m/nofp\libc_nano.a(libc_a-findfp.o)
                              C:/ST/STM32CubeIDE_1.19.0/STM32CubeIDE/plugins/com.st.stm32cube.ide.mcu.externaltools.gnu-tools-for-stm32.13.3.rel1.win32_1.0.0.202411081344/tools/bin/../lib/gcc/arm-none-eabi/13.3.1/../../../../arm-none-eabi/lib/thumb/v7-m/nofp\libc_nano.a(libc_a-exit.o) (__stdio_exit_handler)
C:/ST/STM32CubeIDE_1.19.0/STM32CubeIDE/plugins/com.st.stm32cube.ide.mcu.externaltools.gnu-tools-for-stm32.13.3.rel1.win32_1.0.0.202411081344/tools/bin/../lib/gcc/arm-none-eabi/13.3.1/../../../../arm-none-eabi/lib/thumb/v7-m/nofp\libc_nano.a(libc_a-fwalk.o)
                              C:/ST/STM32CubeIDE_1.19.0/STM32CubeIDE/plugins/com.st.stm32cube.ide.mcu.externaltools.gnu-tools-for-stm32.13.3.rel1.win32_1.0.0.202411081344/tools/bin/../lib/gcc/arm-none-eabi/13.3.1/../../../../arm-none-eabi/lib/thumb/v7-m/nofp\libc_nano.a(libc_a-findfp.o) (_fwalk_sglue)
C:/ST/STM32CubeIDE_1.19.0/STM32CubeIDE/plugins/com.st.stm32cube.ide.mcu.externaltools.gnu-tools-for-stm32.13.3.rel1.win32_1.0.0.202411081344/tools/bin/../lib/gcc/arm-none-eabi/13.3.1/../../../../arm-none-eabi/lib/thumb/v7-m/nofp\libc_nano.a(libc_a-sprintf.o)
                              C:/ST/STM32CubeIDE_1.19.0/STM32CubeIDE/plugins/com.st.stm32cube.ide.mcu.externaltools.gnu-tools-for-stm32.13.3.rel1.win32_1.0.0.202411081344/tools/bin/../lib/gcc/arm-none-eabi/13.3.1/../../../../arm-none-eabi/lib/thumb/v7-m/nofp\libc_nano.a(libc_a-nano-vfscanf_float.o) (sprintf)
C:/ST/STM32CubeIDE_1.19.0/STM32CubeIDE/plugins/com.st.stm32cube.ide.mcu.externaltools.gnu-tools-for-stm32.13.3.rel1.win32_1.0.0.202411081344/tools/bin/../lib/gcc/arm-none-eabi/13.3.1/../../../../arm-none-eabi/lib/thumb/v7-m/nofp\libc_nano.a(libc_a-stdio.o)
                              C:/ST/STM32CubeIDE_1.19.0/STM32CubeIDE/plugins/com.st.stm32cube.ide.mcu.externaltools.gnu-tools-for-stm32.13.3.rel1.win32_1.0.0.202411081344/tools/bin/../lib/gcc/arm-none-eabi/13.3.1/../../../../arm-none-eabi/lib/thumb/v7-m/nofp\libc_nano.a(libc_a-findfp.o) (__sread)
C:/ST/STM32CubeIDE_1.19.0/STM32CubeIDE/plugins/com.st.stm32cube.ide.mcu.externaltools.gnu-tools-for-stm32.13.3.rel1.win32_1.0.0.202411081344/tools/bin/../lib/gcc/arm-none-eabi/13.3.1/../../../../arm-none-eabi/lib/thumb/v7-m/nofp\libc_nano.a(libc_a-vsnprintf.o)
                              ./Core/Src/UART.o (vsnprintf)
C:/ST/STM32CubeIDE_1.19.0/STM32CubeIDE/plugins/com.st.stm32cube.ide.mcu.externaltools.gnu-tools-for-stm32.13.3.rel1.win32_1.0.0.202411081344/tools/bin/../lib/gcc/arm-none-eabi/13.3.1/../../../../arm-none-eabi/lib/thumb/v7-m/nofp\libc_nano.a(libc_a-memset.o)
                              C:/ST/STM32CubeIDE_1.19.0/STM32CubeIDE/plugins/com.st.stm32cube.ide.mcu.externaltools.gnu-tools-for-stm32.13.3.rel1.win32_1.0.0.202411081344/tools/bin/../lib/gcc/arm-none-eabi/13.3.1/../../../../arm-none-eabi/lib/thumb/v7-m/nofp/crt0.o (memset)
[...]
Memory Configuration

Name             Origin             Length             Attributes
RAM              0x20000000         0x00005000         xrw
FLASH            0x08000000         0x00020000         xr
*default*        0x00000000         0xffffffff

Linker script and memory map

LOAD C:/ST/STM32CubeIDE_1.19.0/STM32CubeIDE/plugins/com.st.stm32cube.ide.mcu.externaltools.gnu-tools-for-stm32.13.3.rel1.win32_1.0.0.202411081344/tools/bin/../lib/gcc/arm-none-eabi/13.3.1/thumb/v7-m/nofp/crti.o
LOAD C:/ST/STM32CubeIDE_1.19.0/STM32CubeIDE/plugins/com.st.stm32cube.ide.mcu.externaltools.gnu-tools-for-stm32.13.3.rel1.win32_1.0.0.202411081344/tools/bin/../lib/gcc/arm-none-eabi/13.3.1/thumb/v7-m/nofp/crtbegin.o
LOAD C:/ST/STM32CubeIDE_1.19.0/STM32CubeIDE/plugins/com.st.stm32cube.ide.mcu.externaltools.gnu-tools-for-stm32.13.3.rel1.win32_1.0.0.202411081344/tools/bin/../lib/gcc/arm-none-eabi/13.3.1/../../../../arm-none-eabi/lib/thumb/v7-m/nofp/crt0.o
LOAD ./Core/Src/ADC.o
LOAD ./Core/Src/CAN.o
LOAD ./Core/Src/DECODE_BATTERY_MANAGEMENT_SYSTEM.o
LOAD ./Core/Src/DECODE_MOTOR_CONTROLLER.o
LOAD ./Core/Src/DWIN_DISPLAY.o
LOAD ./Core/Src/GPIO.o
LOAD ./Core/Src/MCP2515.o
LOAD ./Core/Src/PRINT_DECODE_BATTERY_MANAGEMENT_SYSTEM.o
LOAD ./Core/Src/PROCESS.o
LOAD ./Core/Src/RCC.o
LOAD ./Core/Src/SPI.o
LOAD ./Core/Src/SYSTICK.o
LOAD ./Core/Src/TASK_TIMER.o
LOAD ./Core/Src/UART.o
LOAD ./Core/Src/main.o
LOAD ./Core/Src/stm32f1xx_hal_msp.o
LOAD ./Core/Src/stm32f1xx_it.o
LOAD ./Core/Src/syscalls.o
LOAD ./Core/Src/sysmem.o
LOAD ./Core/Src/system_stm32f1xx.o
LOAD ./Core/Startup/startup_stm32f103cbtx.o
LOAD ./Drivers/STM32F1xx_HAL_Driver/Src/stm32f1xx_hal.o
LOAD ./Drivers/STM32F1xx_HAL_Driver/Src/stm32f1xx_hal_cortex.o
LOAD ./Drivers/STM32F1xx_HAL_Driver/Src/stm32f1xx_hal_dma.o
LOAD ./Drivers/STM32F1xx_HAL_Driver/Src/stm32f1xx_hal_exti.o
LOAD ./Drivers/STM32F1xx_HAL_Driver/Src/stm32f1xx_hal_flash.o
LOAD ./Drivers/STM32F1xx_HAL_Driver/Src/stm32f1xx_hal_flash_ex.o
LOAD ./Drivers/STM32F1xx_HAL_Driver/Src/stm32f1xx_hal_gpio.o
LOAD ./Drivers/STM32F1xx_HAL_Driver/Src/stm32f1xx_hal_gpio_ex.o
LOAD ./Drivers/STM32F1xx_HAL_Driver/Src/stm32f1xx_hal_pwr.o
LOAD ./Drivers/STM32F1xx_HAL_Driver/Src/stm32f1xx_hal_rcc.o
LOAD ./Drivers/STM32F1xx_HAL_Driver/Src/stm32f1xx_hal_rcc_ex.o
START GROUP
LOAD C:/ST/STM32CubeIDE_1.19.0/STM32CubeIDE/plugins/com.st.stm32cube.ide.mcu.externaltools.gnu-tools-for-stm32.13.3.rel1.win32_1.0.0.202411081344/tools/bin/../lib/gcc/arm-none-eabi/13.3.1/../../../../arm-none-eabi/lib/thumb/v7-m/nofp\libc_nano.a
LOAD C:/ST/STM32CubeIDE_1.19.0/STM32CubeIDE/plugins/com.st.stm32cube.ide.mcu.externaltools.gnu-tools-for-stm32.13.3.rel1.win32_1.0.0.202411081344/tools/bin/../lib/gcc/arm-none-eabi/13.3.1/../../../../arm-none-eabi/lib/thumb/v7-m/nofp\libm.a
END GROUP
START GROUP
LOAD C:/ST/STM32CubeIDE_1.19.0/STM32CubeIDE/plugins/com.st.stm32cube.ide.mcu.externaltools.gnu-tools-for-stm32.13.3.rel1.win32_1.0.0.202411081344/tools/bin/../lib/gcc/arm-none-eabi/13.3.1/thumb/v7-m/nofp\libgcc.a
LOAD C:/ST/STM32CubeIDE_1.19.0/STM32CubeIDE/plugins/com.st.stm32cube.ide.mcu.externaltools.gnu-tools-for-stm32.13.3.rel1.win32_1.0.0.202411081344/tools/bin/../lib/gcc/arm-none-eabi/13.3.1/../../../../arm-none-eabi/lib/thumb/v7-m/nofp\libc_nano.a
END GROUP
START GROUP
LOAD C:/ST/STM32CubeIDE_1.19.0/STM32CubeIDE/plugins/com.st.stm32cube.ide.mcu.externaltools.gnu-tools-for-stm32.13.3.rel1.win32_1.0.0.202411081344/tools/bin/../lib/gcc/arm-none-eabi/13.3.1/thumb/v7-m/nofp\libgcc.a
LOAD C:/ST/STM32CubeIDE_1.19.0/STM32CubeIDE/plugins/com.st.stm32cube.ide.mcu.externaltools.gnu-tools-for-stm32.13.3.rel1.win32_1.0.0.202411081344/tools/bin/../lib/gcc/arm-none-eabi/13.3.1/../../../../arm-none-eabi/lib/thumb/v7-m/nofp\libc_nano.a
LOAD C:/ST/STM32CubeIDE_1.19.0/STM32CubeIDE/plugins/com.st.stm32cube.ide.mcu.externaltools.gnu-tools-for-stm32.13.3.rel1.win32_1.0.0.202411081344/tools/bin/../lib/gcc/arm-none-eabi/13.3.1/../../../../arm-none-eabi/lib/thumb/v7-m/nofp\libnosys.a
END GROUP
START GROUP
LOAD C:/ST/STM32CubeIDE_1.19.0/STM32CubeIDE/plugins/com.st.stm32cube.ide.mcu.externaltools.gnu-tools-for-stm32.13.3.rel1.win32_1.0.0.202411081344/tools/bin/../lib/gcc/arm-none-eabi/13.3.1/thumb/v7-m/nofp\libgcc.a
LOAD C:/ST/STM32CubeIDE_1.19.0/STM32CubeIDE/plugins/com.st.stm32cube.ide.mcu.externaltools.gnu-tools-for-stm32.13.3.rel1.win32_1.0.0.202411081344/tools/bin/../lib/gcc/arm-none-eabi/13.3.1/../../../../arm-none-eabi/lib/thumb/v7-m/nofp\libc_nano.a
LOAD C:/ST/STM32CubeIDE_1.19.0/STM32CubeIDE/plugins/com.st.stm32cube.ide.mcu.externaltools.gnu-tools-for-stm32.13.3.rel1.win32_1.0.0.202411081344/tools/bin/../lib/gcc/arm-none-eabi/13.3.1/../../../../arm-none-eabi/lib/thumb/v7-m/nofp\libnosys.a
END GROUP
LOAD C:/ST/STM32CubeIDE_1.19.0/STM32CubeIDE/plugins/com.st.stm32cube.ide.mcu.externaltools.gnu-tools-for-stm32.13.3.rel1.win32_1.0.0.202411081344/tools/bin/../lib/gcc/arm-none-eabi/13.3.1/thumb/v7-m/nofp/crtend.o
LOAD C:/ST/STM32CubeIDE_1.19.0/STM32CubeIDE/plugins/com.st.stm32cube.ide.mcu.externaltools.gnu-tools-for-stm32.13.3.rel1.win32_1.0.0.202411081344/tools/bin/../lib/gcc/arm-none-eabi/13.3.1/thumb/v7-m/nofp/crtn.o
                0x20005000                        _estack = (ORIGIN (RAM) + LENGTH (RAM))
                0x00000200                        _Min_Heap_Size = 0x200
                0x00000400                        _Min_Stack_Size = 0x400

.isr_vector     0x08000000      0x10c
                0x08000000                        . = ALIGN (0x4)
 *(.isr_vector)
 .isr_vector    0x08000000      0x10c ./Core/Startup/startup_stm32f103cbtx.o
                0x08000000                g_pfnVectors
                0x0800010c                        . = ALIGN (0x4)

.text           0x08000110     0xb5ac
                0x08000110                        . = ALIGN (0x4)
 *(.text)
 .text          0x08000110       0x40 C:/ST/STM32CubeIDE_1.19.0/STM32CubeIDE/plugins/com.st.stm32cube.ide.mcu.externaltools.gnu-tools-for-stm32.13.3.rel1.win32_1.0.0.202411081344/tools/bin/../lib/gcc/arm-none-eabi/13.3.1/thumb/v7-m/nofp/crtbegin.o
 .text          0x08000150       0x10 C:/ST/STM32CubeIDE_1.19.0/STM32CubeIDE/plugins/com.st.stm32cube.ide.mcu.externaltools.gnu-tools-for-stm32.13.3.rel1.win32_1.0.0.202411081344/tools/bin/../lib/gcc/arm-none-eabi/13.3.1/../../../../arm-none-eabi/lib/thumb/v7-m/nofp\libc_nano.a(libc_a-strlen.o)
                0x08000150                strlen
 .text          0x08000160      0x378 C:/ST/STM32CubeIDE_1.19.0/STM32CubeIDE/plugins/com.st.stm32cube.ide.mcu.externaltools.gnu-tools-for-stm32.13.3.rel1.win32_1.0.0.202411081344/tools/bin/../lib/gcc/arm-none-eabi/13.3.1/thumb/v7-m/nofp\libgcc.a(_arm_addsubdf3.o)
                0x08000160                __aeabi_drsub
                0x08000168                __aeabi_dsub
                0x08000168                __subdf3
                0x0800016c                __aeabi_dadd
                0x0800016c                __adddf3
                0x080003e4                __floatunsidf
                0x080003e4                __aeabi_ui2d
                0x08000404                __floatsidf
                0x08000404                __aeabi_i2d
                0x08000428                __aeabi_f2d
                0x08000428                __extendsfdf2
                0x0800046c                __floatundidf
                0x0800046c                __aeabi_ul2d
                0x0800047c                __floatdidf
                0x0800047c                __aeabi_l2d
 .text          0x080004d8      0x424 C:/ST/STM32CubeIDE_1.19.0/STM32CubeIDE/plugins/com.st.stm32cube.ide.mcu.externaltools.gnu-tools-for-stm32.13.3.rel1.win32_1.0.0.202411081344/tools/bin/../lib/gcc/arm-none-eabi/13.3.1/thumb/v7-m/nofp\libgcc.a(_arm_muldivdf3.o)
                0x080004d8                __aeabi_dmul
                0x080004d8                __muldf3
                0x0800072c                __divdf3
                0x0800072c                __aeabi_ddiv
 .text          0x080008fc      0x110 C:/ST/STM32CubeIDE_1.19.0/STM32CubeIDE/plugins/com.st.stm32cube.ide.mcu.externaltools.gnu-tools-for-stm32.13.3.rel1.win32_1.0.0.202411081344/tools/bin/../lib/gcc/arm-none-eabi/13.3.1/thumb/v7-m/nofp\libgcc.a(_arm_cmpdf2.o)
                0x080008fc                __gtdf2
                0x080008fc                __gedf2
                0x08000904                __ltdf2
                0x08000904                __ledf2
                0x0800090c                __nedf2
                0x0800090c                __eqdf2
                0x0800090c                __cmpdf2
                0x08000988                __aeabi_cdrcmple
                0x08000998                __aeabi_cdcmpeq
                0x08000998                __aeabi_cdcmple
                0x080009a8                __aeabi_dcmpeq
                0x080009bc                __aeabi_dcmplt
                0x080009d0                __aeabi_dcmple
                0x080009e4                __aeabi_dcmpge
                0x080009f8                __aeabi_dcmpgt
 .text          0x08000a0c       0x2c C:/ST/STM32CubeIDE_1.19.0/STM32CubeIDE/plugins/com.st.stm32cube.ide.mcu.externaltools.gnu-tools-for-stm32.13.3.rel1.win32_1.0.0.202411081344/tools/bin/../lib/gcc/arm-none-eabi/13.3.1/thumb/v7-m/nofp\libgcc.a(_arm_unorddf2.o)
                0x08000a0c                __unorddf2
                0x08000a0c                __aeabi_dcmpun
 .text          0x08000a38       0x50 C:/ST/STM32CubeIDE_1.19.0/STM32CubeIDE/plugins/com.st.stm32cube.ide.mcu.externaltools.gnu-tools-for-stm32.13.3.rel1.win32_1.0.0.202411081344/tools/bin/../lib/gcc/arm-none-eabi/13.3.1/thumb/v7-m/nofp\libgcc.a(_arm_fixdfsi.o)
                0x08000a38                __aeabi_d2iz
                0x08000a38                __fixdfsi
 .text          0x08000a88       0x40 C:/ST/STM32CubeIDE_1.19.0/STM32CubeIDE/plugins/com.st.stm32cube.ide.mcu.externaltools.gnu-tools-for-stm32.13.3.rel1.win32_1.0.0.202411081344/tools/bin/../lib/gcc/arm-none-eabi/13.3.1/thumb/v7-m/nofp\libgcc.a(_arm_fixunsdfsi.o)
                0x08000a88                __aeabi_d2uiz
                0x08000a88                __fixunsdfsi
 .text          0x08000ac8       0xa0 C:/ST/STM32CubeIDE_1.19.0/STM32CubeIDE/plugins/com.st.stm32cube.ide.mcu.externaltools.gnu-tools-for-stm32.13.3.rel1.win32_1.0.0.202411081344/tools/bin/../lib/gcc/arm-none-eabi/13.3.1/thumb/v7-m/nofp\libgcc.a(_arm_truncdfsf2.o)
                0x08000ac8                __truncdfsf2
                0x08000ac8                __aeabi_d2f
 .text          0x08000b68      0x21c C:/ST/STM32CubeIDE_1.19.0/STM32CubeIDE/plugins/com.st.stm32cube.ide.mcu.externaltools.gnu-tools-for-stm32.13.3.rel1.win32_1.0.0.202411081344/tools/bin/../lib/gcc/arm-none-eabi/13.3.1/thumb/v7-m/nofp\libgcc.a(_arm_addsubsf3.o)
                0x08000b68                __aeabi_frsub
                0x08000b70                __subsf3
                0x08000b70                __aeabi_fsub
                0x08000b74                __aeabi_fadd
                0x08000b74                __addsf3
                0x08000cd4                __aeabi_ui2f
                0x08000cd4                __floatunsisf
                0x08000cdc                __aeabi_i2f
                0x08000cdc                __floatsisf
                0x08000cf8                __aeabi_ul2f
                0x08000cf8                __floatundisf
                0x08000d08                __aeabi_l2f
                0x08000d08                __floatdisf
 .text          0x08000d84      0x2a0 C:/ST/STM32CubeIDE_1.19.0/STM32CubeIDE/plugins/com.st.stm32cube.ide.mcu.externaltools.gnu-tools-for-stm32.13.3.rel1.win32_1.0.0.202411081344/tools/bin/../lib/gcc/arm-none-eabi/13.3.1/thumb/v7-m/nofp\libgcc.a(_arm_muldivsf3.o)
                0x08000d84                __mulsf3
                0x08000d84                __aeabi_fmul
                0x08000eec                __aeabi_fdiv
                0x08000eec                __divsf3
 .text          0x08001024       0xec C:/ST/STM32CubeIDE_1.19.0/STM32CubeIDE/plugins/com.st.stm32cube.ide.mcu.externaltools.gnu-tools-for-stm32.13.3.rel1.win32_1.0.0.202411081344/tools/bin/../lib/gcc/arm-none-eabi/13.3.1/thumb/v7-m/nofp\libgcc.a(_arm_cmpsf2.o)
                0x08001024                __gesf2
                0x08001024                __gtsf2
                0x0800102c                __lesf2
                0x0800102c                __ltsf2
                0x08001034                __nesf2
                0x08001034                __eqsf2
                0x08001034                __cmpsf2
                0x08001094                __aeabi_cfrcmple
                0x0800109c                __aeabi_cfcmpeq
                0x0800109c                __aeabi_cfcmple
                0x080010ac                __aeabi_fcmpeq
                0x080010c0                __aeabi_fcmplt
                0x080010d4                __aeabi_fcmple
                0x080010e8                __aeabi_fcmpge
                0x080010fc                __aeabi_fcmpgt
 .text          0x08001110       0x4c C:/ST/STM32CubeIDE_1.19.0/STM32CubeIDE/plugins/com.st.stm32cube.ide.mcu.externaltools.gnu-tools-for-stm32.13.3.rel1.win32_1.0.0.202411081344/tools/bin/../lib/gcc/arm-none-eabi/13.3.1/thumb/v7-m/nofp\libgcc.a(_arm_fixsfsi.o)
                0x08001110                __aeabi_f2iz
                0x08001110                __fixsfsi
 .text          0x0800115c       0x40 C:/ST/STM32CubeIDE_1.19.0/STM32CubeIDE/plugins/com.st.stm32cube.ide.mcu.externaltools.gnu-tools-for-stm32.13.3.rel1.win32_1.0.0.202411081344/tools/bin/../lib/gcc/arm-none-eabi/13.3.1/thumb/v7-m/nofp\libgcc.a(_arm_fixunssfsi.o)
                0x0800115c                __fixunssfsi
                0x0800115c                __aeabi_f2uiz
 .text          0x0800119c       0x30 C:/ST/STM32CubeIDE_1.19.0/STM32CubeIDE/plugins/com.st.stm32cube.ide.mcu.externaltools.gnu-tools-for-stm32.13.3.rel1.win32_1.0.0.202411081344/tools/bin/../lib/gcc/arm-none-eabi/13.3.1/thumb/v7-m/nofp\libgcc.a(_fixdfdi.o)
                0x0800119c                __fixdfdi
                0x0800119c                __aeabi_d2lz
 .text          0x080011cc       0x3c C:/ST/STM32CubeIDE_1.19.0/STM32CubeIDE/plugins/com.st.stm32cube.ide.mcu.externaltools.gnu-tools-for-stm32.13.3.rel1.win32_1.0.0.202411081344/tools/bin/../lib/gcc/arm-none-eabi/13.3.1/thumb/v7-m/nofp\libgcc.a(_fixunsdfdi.o)
                0x080011cc                __fixunsdfdi
                0x080011cc                __aeabi_d2ulz
 *(.text*)
 .text.ADC_Pin_Init
                0x08001208       0x4c ./Core/Src/ADC.o
 .text.ADC_Set_Prescaler
                0x08001254       0x80 ./Core/Src/ADC.o
 .text.ADC_Init
                0x080012d4      0x1c8 ./Core/Src/ADC.o
 .text.ADC_Read_Channel
                0x0800149c       0xd6 ./Core/Src/ADC.o
                0x0800149c                ADC_Read_Channel
 *fill*         0x08001572        0x2 
 .text.Battery_ADC_Get_Average
                0x08001574       0x44 ./Core/Src/ADC.o
 .text.Battery_Voltage_Update
                0x080015b8       0xb8 ./Core/Src/ADC.o
                0x080015b8                Battery_Voltage_Update
 .text.Print_Adc_Data
                0x08001670       0x78 ./Core/Src/ADC.o
 .text.Task_Id_For_Adc_Print
                0x080016e8       0x38 ./Core/Src/ADC.o
 .text.Enable_Adc_Print_Task
                0x08001720        0xe ./Core/Src/ADC.o
                0x08001720                Enable_Adc_Print_Task
 .text.Update_Adc
                0x0800172e        0xc ./Core/Src/ADC.o
                0x0800172e                Update_Adc
 *fill*         0x0800173a        0x2 
 .text.Get_Adc_Data
                0x0800173c       0x30 ./Core/Src/ADC.o
                0x0800173c                Get_Adc_Data
 .text.Analog_To_Digital_Converter_Init
                0x0800176c       0x70 ./Core/Src/ADC.o
                0x0800176c                Analog_To_Digital_Converter_Init
 .text.CAN_Filter_Init
                0x080017dc      0x270 ./Core/Src/CAN.o
 .text.CAN1_Set_Bit_Timing
                0x08001a4c       0x94 ./Core/Src/CAN.o
 .text.CAN1_Init
                0x08001ae0      0x114 ./Core/Src/CAN.o
 .text.CAN1_Tx_Frame
                0x08001bf4      0x190 ./Core/Src/CAN.o
 .text.CAN1_Rx_Frame
                0x08001d84      0x114 ./Core/Src/CAN.o
 .text.CAN_Get_Free_Tx_Mailbox
                0x08001e98       0x48 ./Core/Src/CAN.o
 .text.CAN_Message_Pending
                0x08001ee0       0x34 ./Core/Src/CAN.o
 .text.Configure_Can_filter_Ids
                0x08001f14       0x30 ./Core/Src/CAN.o
                0x08001f14                Configure_Can_filter_Ids
 .text.Can_Send_Frame
                0x08001f44       0x2e ./Core/Src/CAN.o
                0x08001f44                Can_Send_Frame
 .text.Can_Collect_Frame
                0x08001f72       0x2e ./Core/Src/CAN.o
                0x08001f72                Can_Collect_Frame
 .text.Controller_Area_Network_Init
                0x08001fa0        0xe ./Core/Src/CAN.o
                0x08001fa0                Controller_Area_Network_Init
 *fill*         0x08001fae        0x2 
 .text.Decode_CAN_0x100
                0x08001fb0       0xa0 ./Core/Src/DECODE_BATTERY_MANAGEMENT_SYSTEM.o
 .text.Decode_CAN_0x101
                0x08002050       0x8c ./Core/Src/DECODE_BATTERY_MANAGEMENT_SYSTEM.o
 .text.Decode_CAN_0x103
                0x080020dc       0x7a ./Core/Src/DECODE_BATTERY_MANAGEMENT_SYSTEM.o
                0x080020dc                Decode_CAN_0x103
 .text.Decode_CAN_0x102
                0x08002156       0xd6 ./Core/Src/DECODE_BATTERY_MANAGEMENT_SYSTEM.o
 .text.Decode_CAN_0x104
                0x0800222c       0x36 ./Core/Src/DECODE_BATTERY_MANAGEMENT_SYSTEM.o
 *fill*         0x08002262        0x2 
 .text.Decode_CAN_0x105
                0x08002264       0xfc ./Core/Src/DECODE_BATTERY_MANAGEMENT_SYSTEM.o
 .text.Decode_CAN_0x106
                0x08002360       0xf0 ./Core/Src/DECODE_BATTERY_MANAGEMENT_SYSTEM.o
 .text.Decode_CAN_0x107
                0x08002450       0xa0 ./Core/Src/DECODE_BATTERY_MANAGEMENT_SYSTEM.o
 .text.Decode_CAN_0x108
                0x080024f0       0xa0 ./Core/Src/DECODE_BATTERY_MANAGEMENT_SYSTEM.o
 .text.Decode_CAN_0x109
                0x08002590       0xa0 ./Core/Src/DECODE_BATTERY_MANAGEMENT_SYSTEM.o
 .text.Decode_CAN_0x10A
                0x08002630       0xa0 ./Core/Src/DECODE_BATTERY_MANAGEMENT_SYSTEM.o
 .text.Decode_CAN_0x10B
                0x080026d0       0xa0 ./Core/Src/DECODE_BATTERY_MANAGEMENT_SYSTEM.o
 .text.Decode_CAN_0x10C
                0x08002770       0x50 ./Core/Src/DECODE_BATTERY_MANAGEMENT_SYSTEM.o
 .text.Print_Jbd_Bms_0x100_t
                0x080027c0       0x54 ./Core/Src/DECODE_BATTERY_MANAGEMENT_SYSTEM.o
 .text.Print_Jbd_Bms_0x105_t
                0x08002814       0x54 ./Core/Src/DECODE_BATTERY_MANAGEMENT_SYSTEM.o
 .text.Print_Jbd_Bms_0x106_t
                0x08002868       0x54 ./Core/Src/DECODE_BATTERY_MANAGEMENT_SYSTEM.o
 .text.Print_Jbd_Bms_0x107_t
                0x080028bc       0x54 ./Core/Src/DECODE_BATTERY_MANAGEMENT_SYSTEM.o
 .text.Print_Jbd_Bms_0x108_t
                0x08002910       0x54 ./Core/Src/DECODE_BATTERY_MANAGEMENT_SYSTEM.o
 .text.Print_Jbd_Bms_0x109_t
                0x08002964       0x54 ./Core/Src/DECODE_BATTERY_MANAGEMENT_SYSTEM.o
 .text.Print_Jbd_Bms_0x10A_t
                0x080029b8       0x54 ./Core/Src/DECODE_BATTERY_MANAGEMENT_SYSTEM.o
 .text.Print_Jbd_Bms_0x10B_t
                0x08002a0c       0x54 ./Core/Src/DECODE_BATTERY_MANAGEMENT_SYSTEM.o
 .text.Print_Jbd_Bms_0x10C_t
                0x08002a60       0x34 ./Core/Src/DECODE_BATTERY_MANAGEMENT_SYSTEM.o
 .text.Print_Bms_Messages
                0x08002a94       0x78 ./Core/Src/DECODE_BATTERY_MANAGEMENT_SYSTEM.o
 .text.Process_Bms_Messages
                0x08002b0c      0x1c0 ./Core/Src/DECODE_BATTERY_MANAGEMENT_SYSTEM.o
                0x08002b0c                Process_Bms_Messages
 .text.Task_Id_For_Bms_Print
                0x08002ccc       0x38 ./Core/Src/DECODE_BATTERY_MANAGEMENT_SYSTEM.o
 .text.Enable_Bms_Print_Task
                0x08002d04        0xe ./Core/Src/DECODE_BATTERY_MANAGEMENT_SYSTEM.o
                0x08002d04                Enable_Bms_Print_Task
 *fill*         0x08002d12        0x2 
 .text.Get_Bms_Data
                0x08002d14      0x154 ./Core/Src/DECODE_BATTERY_MANAGEMENT_SYSTEM.o
                0x08002d14                Get_Bms_Data
 .text.Extract_Raw_signal_Intel
                0x08002e68       0xe0 ./Core/Src/DECODE_MOTOR_CONTROLLER.o
 .text.Decode_MCU_0x011
                0x08002f48       0xfc ./Core/Src/DECODE_MOTOR_CONTROLLER.o
 .text.Decode_MCU_0x012
                0x08003044      0x128 ./Core/Src/DECODE_MOTOR_CONTROLLER.o
 .text.Decode_MCU_0x013
                0x0800316c       0xd4 ./Core/Src/DECODE_MOTOR_CONTROLLER.o
 .text.Decode_MCU_0x014
                0x08003240       0x6c ./Core/Src/DECODE_MOTOR_CONTROLLER.o
 .text.Print_MCU_Msg_0x011
                0x080032ac       0xf0 ./Core/Src/DECODE_MOTOR_CONTROLLER.o
 .text.Print_MCU_Msg_0x012
                0x0800339c       0xe8 ./Core/Src/DECODE_MOTOR_CONTROLLER.o
 .text.Print_MCU_Msg_0x013
                0x08003484       0xb4 ./Core/Src/DECODE_MOTOR_CONTROLLER.o
 .text.Print_MCU_Msg_0x014
                0x08003538       0x90 ./Core/Src/DECODE_MOTOR_CONTROLLER.o
 .text.Print_Motor_Messages
                0x080035c8       0x48 ./Core/Src/DECODE_MOTOR_CONTROLLER.o
                0x080035c8                Print_Motor_Messages
 .text.Process_Motor_Controller_Messages
                0x08003610       0x98 ./Core/Src/DECODE_MOTOR_CONTROLLER.o
                0x08003610                Process_Motor_Controller_Messages
 .text.Task_Id_For_Mcu_Print
                0x080036a8       0x38 ./Core/Src/DECODE_MOTOR_CONTROLLER.o
 .text.Enable_Mcu_Print_Task
                0x080036e0        0xe ./Core/Src/DECODE_MOTOR_CONTROLLER.o
                0x080036e0                Enable_Mcu_Print_Task
 *fill*         0x080036ee        0x2 
 .text.Get_Mcu_Data
                0x080036f0      0x10c ./Core/Src/DECODE_MOTOR_CONTROLLER.o
                0x080036f0                Get_Mcu_Data
 .text.Send_Cmd
                0x080037fc       0xf4 ./Core/Src/DWIN_DISPLAY.o
 .text.DWIN_Write_VP
                0x080038f0       0x36 ./Core/Src/DWIN_DISPLAY.o
 *fill*         0x08003926        0x2 
 .text.Update_Dwin_Display
                0x08003928      0x2f8 ./Core/Src/DWIN_DISPLAY.o
 .text.Update_Display_strucutres
                0x08003c20       0x30 ./Core/Src/DWIN_DISPLAY.o
 .text.Display_Update_All
                0x08003c50       0x10 ./Core/Src/DWIN_DISPLAY.o
                0x08003c50                Display_Update_All
 .text.Print_Display_Data
                0x08003c60      0x40c ./Core/Src/DWIN_DISPLAY.o
 .text.Task_Id_For_Dispaly_Print
                0x0800406c       0x38 ./Core/Src/DWIN_DISPLAY.o
 .text.Enable_Display_Print_Task
                0x080040a4        0xe ./Core/Src/DWIN_DISPLAY.o
                0x080040a4                Enable_Display_Print_Task
 *fill*         0x080040b2        0x2 
 .text.Input_Pin_Init
                0x080040b4      0x130 ./Core/Src/GPIO.o
 .text.Output_Pin_Init
                0x080041e4      0x128 ./Core/Src/GPIO.o
 .text.Debounce_Get_State
                0x0800430c       0x60 ./Core/Src/GPIO.o
 .text.Gpio_Update_Input_States
                0x0800436c      0x120 ./Core/Src/GPIO.o
 .text.GPIO_Set_Reset_Verify
                0x0800448c       0x78 ./Core/Src/GPIO.o
                0x0800448c                GPIO_Set_Reset_Verify
 .text.Gpio_Update_Output_Pins
                0x08004504       0x50 ./Core/Src/GPIO.o
 .text.Digital_Input_Pins_Init
                0x08004554       0x58 ./Core/Src/GPIO.o
 .text.Digital_Output_Pins_Init
                0x080045ac       0x64 ./Core/Src/GPIO.o
 .text.Debounce_Read_Pin
                0x08004610       0x2c ./Core/Src/GPIO.o
 .text.Debounce_Update_Pin
                0x0800463c       0xb4 ./Core/Src/GPIO.o
 .text.Debounce_Init
                0x080046f0       0x38 ./Core/Src/GPIO.o
 .text.Debounce_Register_Pin
                0x08004728      0x15c ./Core/Src/GPIO.o
 .text.Debounce_Update_All
                0x08004884       0xb0 ./Core/Src/GPIO.o
 .text.Debounce_Get_Raw_State
                0x08004934       0x60 ./Core/Src/GPIO.o
 .text.Debounce_Pins_Init
                0x08004994      0x12c ./Core/Src/GPIO.o
 .text.Update_Gpio_Pins
                0x08004ac0       0x14 ./Core/Src/GPIO.o
 .text.Debounce_Print_Status
                0x08004ad4       0xac ./Core/Src/GPIO.o
 .text.Print_Gpio_Data
                0x08004b80      0x120 ./Core/Src/GPIO.o
 .text.Task_Id_For_Gpio_Print
                0x08004ca0       0x38 ./Core/Src/GPIO.o
 .text.Update_Gpio
                0x08004cd8        0xc ./Core/Src/GPIO.o
                0x08004cd8                Update_Gpio
 .text.Get_IO_Data
                0x08004ce4       0x48 ./Core/Src/GPIO.o
                0x08004ce4                Get_IO_Data
 .text.Enable_Gpio_Print_Task
                0x08004d2c        0xe ./Core/Src/GPIO.o
                0x08004d2c                Enable_Gpio_Print_Task
 .text.General_Purpose_Input_Output_Init
                0x08004d3a       0x46 ./Core/Src/GPIO.o
                0x08004d3a                General_Purpose_Input_Output_Init
 .text.MCP2515_Read_Register
                0x08004d80       0x38 ./Core/Src/MCP2515.o
 .text.MCP2515_Get_Mode
                0x08004db8       0x16 ./Core/Src/MCP2515.o
 .text.MCP2515_Bit_Modify
                0x08004dce       0x44 ./Core/Src/MCP2515.o
 .text.MCP2515_Clear_Rx_Buffer
                0x08004e12       0x34 ./Core/Src/MCP2515.o
 .text.MCP2515_Write_Register
                0x08004e46       0x3a ./Core/Src/MCP2515.o
 .text.MCP2515_Set_Mode
                0x08004e80       0x48 ./Core/Src/MCP2515.o
 .text.MCP2515_Read_Rx_Buffer
                0x08004ec8       0xf8 ./Core/Src/MCP2515.o
 .text.MCP2515_Receive_Message
                0x08004fc0       0x54 ./Core/Src/MCP2515.o
 .text.MCP2515_Set_Bitrate
                0x08005014       0x8c ./Core/Src/MCP2515.o
 .text.MCP2515_Set_Filter
                0x080050a0      0x12c ./Core/Src/MCP2515.o
 .text.MCP2515_Set_Mask
                0x080051cc       0xec ./Core/Src/MCP2515.o
 .text.MCP2515_Reset
                0x080052b8       0x38 ./Core/Src/MCP2515.o
 .text.MCP2515_Set_Filters
                0x080052f0       0xe0 ./Core/Src/MCP2515.o
 .text.MCP2515_Is_Message_Available
                0x080053d0       0x28 ./Core/Src/MCP2515.o
 .text.MCP2515_Init
                0x080053f8       0x5e ./Core/Src/MCP2515.o
 .text.Micro_Chip_Product_2515_Init
                0x08005456       0x12 ./Core/Src/MCP2515.o
                0x08005456                Micro_Chip_Product_2515_Init
 .text.MCP2515_Can_Collect_Frame
                0x08005468       0x26 ./Core/Src/MCP2515.o
                0x08005468                MCP2515_Can_Collect_Frame
 *fill*         0x0800548e        0x2 
 .text.Configure_Mcp2515_Can_Ids
                0x08005490       0x2c ./Core/Src/MCP2515.o
                0x08005490                Configure_Mcp2515_Can_Ids
 .text.Process_Can_Messages
                0x080054bc       0x40 ./Core/Src/PROCESS.o
                0x080054bc                Process_Can_Messages
 .text.Request_Bms_Messages
                0x080054fc       0x60 ./Core/Src/PROCESS.o
                0x080054fc                Request_Bms_Messages
 .text.system_clock_init_to_72MHZ
                0x0800555c       0xac ./Core/Src/RCC.o
 .text.Get_SYSCLK_freq
                0x08005608       0xa8 ./Core/Src/RCC.o
                0x08005608                Get_SYSCLK_freq
 .text.Get_AHB_freq
                0x080056b0       0x54 ./Core/Src/RCC.o
                0x080056b0                Get_AHB_freq
 .text.Get_APB1_freq
                0x08005704       0x4c ./Core/Src/RCC.o
                0x08005704                Get_APB1_freq
 .text.Get_APB2_freq
                0x08005750       0x4c ./Core/Src/RCC.o
                0x08005750                Get_APB2_freq
 .text.Stm32f103_System_Clock_Init
                0x0800579c        0xc ./Core/Src/RCC.o
                0x0800579c                Stm32f103_System_Clock_Init
 .text.SPI2_Init
                0x080057a8      0x134 ./Core/Src/SPI.o
 .text.SPI2_Chip_Select
                0x080058dc       0x30 ./Core/Src/SPI.o
                0x080058dc                SPI2_Chip_Select
 .text.SPI2_Transmit_Receive_Byte
                0x0800590c       0x70 ./Core/Src/SPI.o
                0x0800590c                SPI2_Transmit_Receive_Byte
 .text.Serial_Peripheral_Interface_Init
                0x0800597c        0xe ./Core/Src/SPI.o
                0x0800597c                Serial_Peripheral_Interface_Init
 *fill*         0x0800598a        0x2 
 .text.Systick_Timer_Init
                0x0800598c       0x50 ./Core/Src/SYSTICK.o
 .text.Get_Tick_Ms
                0x080059dc       0x14 ./Core/Src/SYSTICK.o
                0x080059dc                Get_Tick_Ms
 .text.Core_Timer_Init
                0x080059f0        0xe ./Core/Src/SYSTICK.o
                0x080059f0                Core_Timer_Init
 *fill*         0x080059fe        0x2 
 .text.Task_Timer_Init
                0x08005a00       0x6c ./Core/Src/TASK_TIMER.o
                0x08005a00                Task_Timer_Init
 .text.Task_Timer_Register
                0x08005a6c       0x98 ./Core/Src/TASK_TIMER.o
                0x08005a6c                Task_Timer_Register
 .text.Task_Timer_Run_All
                0x08005b04       0x9c ./Core/Src/TASK_TIMER.o
                0x08005b04                Task_Timer_Run_All
 .text.Task_Timer_Delete
                0x08005ba0       0x68 ./Core/Src/TASK_TIMER.o
                0x08005ba0                Task_Timer_Delete
 .text.Enable_Task_Timer_Init
                0x08005c08        0xe ./Core/Src/TASK_TIMER.o
                0x08005c08                Enable_Task_Timer_Init
 .text.Calculate_BRR
                0x08005c16       0x6a ./Core/Src/UART.o
 .text.UART1_Init
                0x08005c80       0xa4 ./Core/Src/UART.o
 .text.UART3_Init
                0x08005d24       0xa4 ./Core/Src/UART.o
 .text.USART1_Send_Char
                0x08005dc8       0x48 ./Core/Src/UART.o
                0x08005dc8                USART1_Send_Char
 .text.USART1_Send_String
                0x08005e10       0x2a ./Core/Src/UART.o
                0x08005e10                USART1_Send_String
 .text.Send_On_Display_Uart
                0x08005e3a       0x38 ./Core/Src/UART.o
                0x08005e3a                Send_On_Display_Uart
 .text.Uart_Printf
                0x08005e72       0x30 ./Core/Src/UART.o
                0x08005e72                Uart_Printf
 .text.Universal_Asyn_Rx_Tx_1_Init
                0x08005ea2        0xe ./Core/Src/UART.o
                0x08005ea2                Universal_Asyn_Rx_Tx_1_Init
 .text.Universal_Asyn_Rx_Tx_3_Init
                0x08005eb0        0xe ./Core/Src/UART.o
                0x08005eb0                Universal_Asyn_Rx_Tx_3_Init
 *fill*         0x08005ebe        0x2 
 .text.main     0x08005ec0      0x268 ./Core/Src/main.o
                0x08005ec0                main
 .text.SystemClock_Config
                0x08006128       0x76 ./Core/Src/main.o
                0x08006128                SystemClock_Config
 *fill*         0x0800619e        0x2 
 .text.LED_Init
                0x080061a0       0x40 ./Core/Src/main.o
                0x080061a0                LED_Init
 .text.Error_Handler
                0x080061e0       0x24 ./Core/Src/main.o
                0x080061e0                Error_Handler
 .text.HAL_MspInit
                0x08006204       0x64 ./Core/Src/stm32f1xx_hal_msp.o
                0x08006204                HAL_MspInit
 .text.NMI_Handler
                0x08006268        0x8 ./Core/Src/stm32f1xx_it.o
                0x08006268                NMI_Handler
 .text.HardFault_Handler
                0x08006270        0x8 ./Core/Src/stm32f1xx_it.o
                0x08006270                HardFault_Handler
 .text.MemManage_Handler
                0x08006278        0x8 ./Core/Src/stm32f1xx_it.o
                0x08006278                MemManage_Handler
 .text.BusFault_Handler
                0x08006280        0x8 ./Core/Src/stm32f1xx_it.o
                0x08006280                BusFault_Handler
 .text.UsageFault_Handler
                0x08006288        0x8 ./Core/Src/stm32f1xx_it.o
                0x08006288                UsageFault_Handler
 .text.SVC_Handler
                0x08006290        0xc ./Core/Src/stm32f1xx_it.o
                0x08006290                SVC_Handler
 .text.DebugMon_Handler
                0x0800629c        0xc ./Core/Src/stm32f1xx_it.o
                0x0800629c                DebugMon_Handler
 .text.PendSV_Handler
                0x080062a8        0xc ./Core/Src/stm32f1xx_it.o
                0x080062a8                PendSV_Handler
 .text.SysTick_Handler
                0x080062b4       0x1c ./Core/Src/stm32f1xx_it.o
                0x080062b4                SysTick_Handler
 .text._getpid  0x080062d0        0xe ./Core/Src/syscalls.o
                0x080062d0                _getpid
 .text._kill    0x080062de       0x20 ./Core/Src/syscalls.o
                0x080062de                _kill
 .text._exit    0x080062fe       0x16 ./Core/Src/syscalls.o
                0x080062fe                _exit
 .text._read    0x08006314       0x3a ./Core/Src/syscalls.o
                0x08006314                _read
 .text._write   0x0800634e       0x38 ./Core/Src/syscalls.o
                0x0800634e                _write
 .text._close   0x08006386       0x16 ./Core/Src/syscalls.o
                0x08006386                _close
 .text._fstat   0x0800639c       0x1e ./Core/Src/syscalls.o
                0x0800639c                _fstat
 .text._isatty  0x080063ba       0x14 ./Core/Src/syscalls.o
                0x080063ba                _isatty
 .text._lseek   0x080063ce       0x18 ./Core/Src/syscalls.o
                0x080063ce                _lseek
 *fill*         0x080063e6        0x2 
 .text._sbrk    0x080063e8       0x6c ./Core/Src/sysmem.o
                0x080063e8                _sbrk
 .text.SystemInit
                0x08006454        0xc ./Core/Src/system_stm32f1xx.o
                0x08006454                SystemInit
 .text.Reset_Handler
                0x08006460       0x48 ./Core/Startup/startup_stm32f103cbtx.o
                0x08006460                Reset_Handler
 .text.Default_Handler
                0x080064a8        0x2 ./Core/Startup/startup_stm32f103cbtx.o
                0x080064a8                RTC_Alarm_IRQHandler
                0x080064a8                EXTI2_IRQHandler
                0x080064a8                TIM1_CC_IRQHandler
                0x080064a8                PVD_IRQHandler
                0x080064a8                EXTI3_IRQHandler
                0x080064a8                EXTI0_IRQHandler
                0x080064a8                I2C2_EV_IRQHandler
                0x080064a8                ADC1_2_IRQHandler
                0x080064a8                SPI1_IRQHandler
                0x080064a8                TAMPER_IRQHandler
                0x080064a8                DMA1_Channel4_IRQHandler
                0x080064a8                USART3_IRQHandler
                0x080064a8                RTC_IRQHandler
                0x080064a8                DMA1_Channel7_IRQHandler
                0x080064a8                CAN1_RX1_IRQHandler
                0x080064a8                TIM4_IRQHandler
                0x080064a8                I2C1_EV_IRQHandler
                0x080064a8                DMA1_Channel6_IRQHandler
                0x080064a8                TIM3_IRQHandler
                0x080064a8                RCC_IRQHandler
                0x080064a8                TIM1_TRG_COM_IRQHandler
                0x080064a8                DMA1_Channel1_IRQHandler
                0x080064a8                Default_Handler
                0x080064a8                EXTI15_10_IRQHandler
                0x080064a8                EXTI9_5_IRQHandler
                0x080064a8                SPI2_IRQHandler
                0x080064a8                DMA1_Channel5_IRQHandler
                0x080064a8                EXTI4_IRQHandler
                0x080064a8                USB_LP_CAN1_RX0_IRQHandler
                0x080064a8                USB_HP_CAN1_TX_IRQHandler
                0x080064a8                DMA1_Channel3_IRQHandler
                0x080064a8                TIM1_UP_IRQHandler
                0x080064a8                WWDG_IRQHandler
                0x080064a8                TIM2_IRQHandler
                0x080064a8                TIM1_BRK_IRQHandler
                0x080064a8                EXTI1_IRQHandler
                0x080064a8                USART2_IRQHandler
                0x080064a8                I2C2_ER_IRQHandler
                0x080064a8                DMA1_Channel2_IRQHandler
                0x080064a8                CAN1_SCE_IRQHandler
                0x080064a8                FLASH_IRQHandler
                0x080064a8                USART1_IRQHandler
                0x080064a8                I2C1_ER_IRQHandler
                0x080064a8                USBWakeUp_IRQHandler
 *fill*         0x080064aa        0x2 
 .text.HAL_Init
                0x080064ac       0x2c ./Drivers/STM32F1xx_HAL_Driver/Src/stm32f1xx_hal.o
                0x080064ac                HAL_Init
 .text.HAL_InitTick
                0x080064d8       0x60 ./Drivers/STM32F1xx_HAL_Driver/Src/stm32f1xx_hal.o
                0x080064d8                HAL_InitTick
 .text.HAL_IncTick
                0x08006538       0x24 ./Drivers/STM32F1xx_HAL_Driver/Src/stm32f1xx_hal.o
                0x08006538                HAL_IncTick
 .text.HAL_GetTick
                0x0800655c       0x14 ./Drivers/STM32F1xx_HAL_Driver/Src/stm32f1xx_hal.o
                0x0800655c                HAL_GetTick
 .text.HAL_Delay
                0x08006570       0x48 ./Drivers/STM32F1xx_HAL_Driver/Src/stm32f1xx_hal.o
                0x08006570                HAL_Delay
 .text.__NVIC_SetPriorityGrouping
                0x080065b8       0x48 ./Drivers/STM32F1xx_HAL_Driver/Src/stm32f1xx_hal_cortex.o
 .text.__NVIC_GetPriorityGrouping
                0x08006600       0x1c ./Drivers/STM32F1xx_HAL_Driver/Src/stm32f1xx_hal_cortex.o
 .text.__NVIC_SetPriority
                0x0800661c       0x54 ./Drivers/STM32F1xx_HAL_Driver/Src/stm32f1xx_hal_cortex.o
 .text.NVIC_EncodePriority
                0x08006670       0x64 ./Drivers/STM32F1xx_HAL_Driver/Src/stm32f1xx_hal_cortex.o
 .text.SysTick_Config
                0x080066d4       0x44 ./Drivers/STM32F1xx_HAL_Driver/Src/stm32f1xx_hal_cortex.o
 .text.HAL_NVIC_SetPriorityGrouping
                0x08006718       0x16 ./Drivers/STM32F1xx_HAL_Driver/Src/stm32f1xx_hal_cortex.o
                0x08006718                HAL_NVIC_SetPriorityGrouping
 .text.HAL_NVIC_SetPriority
                0x0800672e       0x38 ./Drivers/STM32F1xx_HAL_Driver/Src/stm32f1xx_hal_cortex.o
                0x0800672e                HAL_NVIC_SetPriority
 .text.HAL_SYSTICK_Config
                0x08006766       0x18 ./Drivers/STM32F1xx_HAL_Driver/Src/stm32f1xx_hal_cortex.o
                0x08006766                HAL_SYSTICK_Config
 .text.HAL_GPIO_ReadPin
                0x0800677e       0x2e ./Drivers/STM32F1xx_HAL_Driver/Src/stm32f1xx_hal_gpio.o
                0x0800677e                HAL_GPIO_ReadPin
 .text.HAL_RCC_OscConfig
                0x080067ac      0x504 ./Drivers/STM32F1xx_HAL_Driver/Src/stm32f1xx_hal_rcc.o
                0x080067ac                HAL_RCC_OscConfig
 .text.HAL_RCC_ClockConfig
                0x08006cb0      0x1d4 ./Drivers/STM32F1xx_HAL_Driver/Src/stm32f1xx_hal_rcc.o
                0x08006cb0                HAL_RCC_ClockConfig
 .text.HAL_RCC_GetSysClockFreq
                0x08006e84       0xa8 ./Drivers/STM32F1xx_HAL_Driver/Src/stm32f1xx_hal_rcc.o
                0x08006e84                HAL_RCC_GetSysClockFreq
 .text.RCC_Delay
                0x08006f2c       0x3c ./Drivers/STM32F1xx_HAL_Driver/Src/stm32f1xx_hal_rcc.o
 .text.__cvt    0x08006f68       0xc8 C:/ST/STM32CubeIDE_1.19.0/STM32CubeIDE/plugins/com.st.stm32cube.ide.mcu.externaltools.gnu-tools-for-stm32.13.3.rel1.win32_1.0.0.202411081344/tools/bin/../lib/gcc/arm-none-eabi/13.3.1/../../../../arm-none-eabi/lib/thumb/v7-m/nofp\libc_nano.a(libc_a-nano-vfprintf_float.o)
                0x08006f68                __cvt
 .text.__exponent
                0x08007030       0x74 C:/ST/STM32CubeIDE_1.19.0/STM32CubeIDE/plugins/com.st.stm32cube.ide.mcu.externaltools.gnu-tools-for-stm32.13.3.rel1.win32_1.0.0.202411081344/tools/bin/../lib/gcc/arm-none-eabi/13.3.1/../../../../arm-none-eabi/lib/thumb/v7-m/nofp\libc_nano.a(libc_a-nano-vfprintf_float.o)
                0x08007030                __exponent
 .text._printf_float
                0x080070a4      0x458 C:/ST/STM32CubeIDE_1.19.0/STM32CubeIDE/plugins/com.st.stm32cube.ide.mcu.externaltools.gnu-tools-for-stm32.13.3.rel1.win32_1.0.0.202411081344/tools/bin/../lib/gcc/arm-none-eabi/13.3.1/../../../../arm-none-eabi/lib/thumb/v7-m/nofp\libc_nano.a(libc_a-nano-vfprintf_float.o)
                0x080070a4                _printf_float
 .text._printf_common
                0x080074fc       0xe4 C:/ST/STM32CubeIDE_1.19.0/STM32CubeIDE/plugins/com.st.stm32cube.ide.mcu.externaltools.gnu-tools-for-stm32.13.3.rel1.win32_1.0.0.202411081344/tools/bin/../lib/gcc/arm-none-eabi/13.3.1/../../../../arm-none-eabi/lib/thumb/v7-m/nofp\libc_nano.a(libc_a-nano-vfprintf_i.o)
                0x080074fc                _printf_common
 .text._printf_i
                0x080075e0      0x23c C:/ST/STM32CubeIDE_1.19.0/STM32CubeIDE/plugins/com.st.stm32cube.ide.mcu.externaltools.gnu-tools-for-stm32.13.3.rel1.win32_1.0.0.202411081344/tools/bin/../lib/gcc/arm-none-eabi/13.3.1/../../../../arm-none-eabi/lib/thumb/v7-m/nofp\libc_nano.a(libc_a-nano-vfprintf_i.o)
                0x080075e0                _printf_i
 .text._scanf_float
                0x0800781c      0x414 C:/ST/STM32CubeIDE_1.19.0/STM32CubeIDE/plugins/com.st.stm32cube.ide.mcu.externaltools.gnu-tools-for-stm32.13.3.rel1.win32_1.0.0.202411081344/tools/bin/../lib/gcc/arm-none-eabi/13.3.1/../../../../arm-none-eabi/lib/thumb/v7-m/nofp\libc_nano.a(libc_a-nano-vfscanf_float.o)
                0x0800781c                _scanf_float
 .text.std      0x08007c30       0x6c C:/ST/STM32CubeIDE_1.19.0/STM32CubeIDE/plugins/com.st.stm32cube.ide.mcu.externaltools.gnu-tools-for-stm32.13.3.rel1.win32_1.0.0.202411081344/tools/bin/../lib/gcc/arm-none-eabi/13.3.1/../../../../arm-none-eabi/lib/thumb/v7-m/nofp\libc_nano.a(libc_a-findfp.o)
 .text.stdio_exit_handler
                0x08007c9c       0x18 C:/ST/STM32CubeIDE_1.19.0/STM32CubeIDE/plugins/com.st.stm32cube.ide.mcu.externaltools.gnu-tools-for-stm32.13.3.rel1.win32_1.0.0.202411081344/tools/bin/../lib/gcc/arm-none-eabi/13.3.1/../../../../arm-none-eabi/lib/thumb/v7-m/nofp\libc_nano.a(libc_a-findfp.o)
 .text.cleanup_stdio
                0x08007cb4       0x40 C:/ST/STM32CubeIDE_1.19.0/STM32CubeIDE/plugins/com.st.stm32cube.ide.mcu.externaltools.gnu-tools-for-stm32.13.3.rel1.win32_1.0.0.202411081344/tools/bin/../lib/gcc/arm-none-eabi/13.3.1/../../../../arm-none-eabi/lib/thumb/v7-m/nofp\libc_nano.a(libc_a-findfp.o)
 .text.global_stdio_init.part.0
                0x08007cf4       0x3c C:/ST/STM32CubeIDE_1.19.0/STM32CubeIDE/plugins/com.st.stm32cube.ide.mcu.externaltools.gnu-tools-for-stm32.13.3.rel1.win32_1.0.0.202411081344/tools/bin/../lib/gcc/arm-none-eabi/13.3.1/../../../../arm-none-eabi/lib/thumb/v7-m/nofp\libc_nano.a(libc_a-findfp.o)
 .text.__sfp_lock_acquire
                0x08007d30        0xc C:/ST/STM32CubeIDE_1.19.0/STM32CubeIDE/plugins/com.st.stm32cube.ide.mcu.externaltools.gnu-tools-for-stm32.13.3.rel1.win32_1.0.0.202411081344/tools/bin/../lib/gcc/arm-none-eabi/13.3.1/../../../../arm-none-eabi/lib/thumb/v7-m/nofp\libc_nano.a(libc_a-findfp.o)
                0x08007d30                __sfp_lock_acquire
 .text.__sfp_lock_release
                0x08007d3c        0xc C:/ST/STM32CubeIDE_1.19.0/STM32CubeIDE/plugins/com.st.stm32cube.ide.mcu.externaltools.gnu-tools-for-stm32.13.3.rel1.win32_1.0.0.202411081344/tools/bin/../lib/gcc/arm-none-eabi/13.3.1/../../../../arm-none-eabi/lib/thumb/v7-m/nofp\libc_nano.a(libc_a-findfp.o)
                0x08007d3c                __sfp_lock_release
 .text.__sinit  0x08007d48       0x30 C:/ST/STM32CubeIDE_1.19.0/STM32CubeIDE/plugins/com.st.stm32cube.ide.mcu.externaltools.gnu-tools-for-stm32.13.3.rel1.win32_1.0.0.202411081344/tools/bin/../lib/gcc/arm-none-eabi/13.3.1/../../../../arm-none-eabi/lib/thumb/v7-m/nofp\libc_nano.a(libc_a-findfp.o)
                0x08007d48                __sinit
 .text._fwalk_sglue
                0x08007d78       0x3c C:/ST/STM32CubeIDE_1.19.0/STM32CubeIDE/plugins/com.st.stm32cube.ide.mcu.externaltools.gnu-tools-for-stm32.13.3.rel1.win32_1.0.0.202411081344/tools/bin/../lib/gcc/arm-none-eabi/13.3.1/../../../../arm-none-eabi/lib/thumb/v7-m/nofp\libc_nano.a(libc_a-fwalk.o)
                0x08007d78                _fwalk_sglue
 .text.sprintf  0x08007db4       0x44 C:/ST/STM32CubeIDE_1.19.0/STM32CubeIDE/plugins/com.st.stm32cube.ide.mcu.externaltools.gnu-tools-for-stm32.13.3.rel1.win32_1.0.0.202411081344/tools/bin/../lib/gcc/arm-none-eabi/13.3.1/../../../../arm-none-eabi/lib/thumb/v7-m/nofp\libc_nano.a(libc_a-sprintf.o)
                0x08007db4                siprintf
                0x08007db4                sprintf
 .text.__sread  0x08007df8       0x22 C:/ST/STM32CubeIDE_1.19.0/STM32CubeIDE/plugins/com.st.stm32cube.ide.mcu.externaltools.gnu-tools-for-stm32.13.3.rel1.win32_1.0.0.202411081344/tools/bin/../lib/gcc/arm-none-eabi/13.3.1/../../../../arm-none-eabi/lib/thumb/v7-m/nofp\libc_nano.a(libc_a-stdio.o)
                0x08007df8                __sread
 .text.__swrite
                0x08007e1a       0x38 C:/ST/STM32CubeIDE_1.19.0/STM32CubeIDE/plugins/com.st.stm32cube.ide.mcu.externaltools.gnu-tools-for-stm32.13.3.rel1.win32_1.0.0.202411081344/tools/bin/../lib/gcc/arm-none-eabi/13.3.1/../../../../arm-none-eabi/lib/thumb/v7-m/nofp\libc_nano.a(libc_a-stdio.o)
                0x08007e1a                __swrite
 .text.__sseek  0x08007e52       0x24 C:/ST/STM32CubeIDE_1.19.0/STM32CubeIDE/plugins/com.st.stm32cube.ide.mcu.externaltools.gnu-tools-for-stm32.13.3.rel1.win32_1.0.0.202411081344/tools/bin/../lib/gcc/arm-none-eabi/13.3.1/../../../../arm-none-eabi/lib/thumb/v7-m/nofp\libc_nano.a(libc_a-stdio.o)
                0x08007e52                __sseek
 .text.__sclose
                0x08007e76        0x8 C:/ST/STM32CubeIDE_1.19.0/STM32CubeIDE/plugins/com.st.stm32cube.ide.mcu.externaltools.gnu-tools-for-stm32.13.3.rel1.win32_1.0.0.202411081344/tools/bin/../lib/gcc/arm-none-eabi/13.3.1/../../../../arm-none-eabi/lib/thumb/v7-m/nofp\libc_nano.a(libc_a-stdio.o)
                0x08007e76                __sclose
 .text._vsnprintf_r
                0x08007e7e       0x5c C:/ST/STM32CubeIDE_1.19.0/STM32CubeIDE/plugins/com.st.stm32cube.ide.mcu.externaltools.gnu-tools-for-stm32.13.3.rel1.win32_1.0.0.202411081344/tools/bin/../lib/gcc/arm-none-eabi/13.3.1/../../../../arm-none-eabi/lib/thumb/v7-m/nofp\libc_nano.a(libc_a-vsnprintf.o)
                0x08007e7e                _vsniprintf_r
                0x08007e7e                _vsnprintf_r
 *fill*         0x08007eda        0x2 
 .text.vsnprintf
                0x08007edc       0x1c C:/ST/STM32CubeIDE_1.19.0/STM32CubeIDE/plugins/com.st.stm32cube.ide.mcu.externaltools.gnu-tools-for-stm32.13.3.rel1.win32_1.0.0.202411081344/tools/bin/../lib/gcc/arm-none-eabi/13.3.1/../../../../arm-none-eabi/lib/thumb/v7-m/nofp\libc_nano.a(libc_a-vsnprintf.o)
                0x08007edc                vsniprintf
                0x08007edc                vsnprintf
 .text.memset   0x08007ef8       0x10 C:/ST/STM32CubeIDE_1.19.0/STM32CubeIDE/plugins/com.st.stm32cube.ide.mcu.externaltools.gnu-tools-for-stm32.13.3.rel1.win32_1.0.0.202411081344/tools/bin/../lib/gcc/arm-none-eabi/13.3.1/../../../../arm-none-eabi/lib/thumb/v7-m/nofp\libc_nano.a(libc_a-memset.o)
                0x08007ef8                memset
 .text._localeconv_r
                0x08007f08        0x8 C:/ST/STM32CubeIDE_1.19.0/STM32CubeIDE/plugins/com.st.stm32cube.ide.mcu.externaltools.gnu-tools-for-stm32.13.3.rel1.win32_1.0.0.202411081344/tools/bin/../lib/gcc/arm-none-eabi/13.3.1/../../../../arm-none-eabi/lib/thumb/v7-m/nofp\libc_nano.a(libc_a-localeconv.o)
                0x08007f08                _localeconv_r
 .text._close_r
                0x08007f10       0x20 C:/ST/STM32CubeIDE_1.19.0/STM32CubeIDE/plugins/com.st.stm32cube.ide.mcu.externaltools.gnu-tools-for-stm32.13.3.rel1.win32_1.0.0.202411081344/tools/bin/../lib/gcc/arm-none-eabi/13.3.1/../../../../arm-none-eabi/lib/thumb/v7-m/nofp\libc_nano.a(libc_a-closer.o)
                0x08007f10                _close_r
 .text._lseek_r
                0x08007f30       0x24 C:/ST/STM32CubeIDE_1.19.0/STM32CubeIDE/plugins/com.st.stm32cube.ide.mcu.externaltools.gnu-tools-for-stm32.13.3.rel1.win32_1.0.0.202411081344/tools/bin/../lib/gcc/arm-none-eabi/13.3.1/../../../../arm-none-eabi/lib/thumb/v7-m/nofp\libc_nano.a(libc_a-lseekr.o)
                0x08007f30                _lseek_r
 .text._read_r  0x08007f54       0x24 C:/ST/STM32CubeIDE_1.19.0/STM32CubeIDE/plugins/com.st.stm32cube.ide.mcu.externaltools.gnu-tools-for-stm32.13.3.rel1.win32_1.0.0.202411081344/tools/bin/../lib/gcc/arm-none-eabi/13.3.1/../../../../arm-none-eabi/lib/thumb/v7-m/nofp\libc_nano.a(libc_a-readr.o)
                0x08007f54                _read_r
 .text._write_r
                0x08007f78       0x24 C:/ST/STM32CubeIDE_1.19.0/STM32CubeIDE/plugins/com.st.stm32cube.ide.mcu.externaltools.gnu-tools-for-stm32.13.3.rel1.win32_1.0.0.202411081344/tools/bin/../lib/gcc/arm-none-eabi/13.3.1/../../../../arm-none-eabi/lib/thumb/v7-m/nofp\libc_nano.a(libc_a-writer.o)
                0x08007f78                _write_r
 .text.__errno  0x08007f9c        0xc C:/ST/STM32CubeIDE_1.19.0/STM32CubeIDE/plugins/com.st.stm32cube.ide.mcu.externaltools.gnu-tools-for-stm32.13.3.rel1.win32_1.0.0.202411081344/tools/bin/../lib/gcc/arm-none-eabi/13.3.1/../../../../arm-none-eabi/lib/thumb/v7-m/nofp\libc_nano.a(libc_a-errno.o)
                0x08007f9c                __errno
 .text.__libc_init_array
                0x08007fa8       0x48 C:/ST/STM32CubeIDE_1.19.0/STM32CubeIDE/plugins/com.st.stm32cube.ide.mcu.externaltools.gnu-tools-for-stm32.13.3.rel1.win32_1.0.0.202411081344/tools/bin/../lib/gcc/arm-none-eabi/13.3.1/../../../../arm-none-eabi/lib/thumb/v7-m/nofp\libc_nano.a(libc_a-init.o)
                0x08007fa8                __libc_init_array
 .text.__retarget_lock_init_recursive
                0x08007ff0        0x2 C:/ST/STM32CubeIDE_1.19.0/STM32CubeIDE/plugins/com.st.stm32cube.ide.mcu.externaltools.gnu-tools-for-stm32.13.3.rel1.win32_1.0.0.202411081344/tools/bin/../lib/gcc/arm-none-eabi/13.3.1/../../../../arm-none-eabi/lib/thumb/v7-m/nofp\libc_nano.a(libc_a-lock.o)
                0x08007ff0                __retarget_lock_init_recursive
 .text.__retarget_lock_acquire_recursive
                0x08007ff2        0x2 C:/ST/STM32CubeIDE_1.19.0/STM32CubeIDE/plugins/com.st.stm32cube.ide.mcu.externaltools.gnu-tools-for-stm32.13.3.rel1.win32_1.0.0.202411081344/tools/bin/../lib/gcc/arm-none-eabi/13.3.1/../../../../arm-none-eabi/lib/thumb/v7-m/nofp\libc_nano.a(libc_a-lock.o)
                0x08007ff2                __retarget_lock_acquire_recursive
 .text.__retarget_lock_release_recursive
                0x08007ff4        0x2 C:/ST/STM32CubeIDE_1.19.0/STM32CubeIDE/plugins/com.st.stm32cube.ide.mcu.externaltools.gnu-tools-for-stm32.13.3.rel1.win32_1.0.0.202411081344/tools/bin/../lib/gcc/arm-none-eabi/13.3.1/../../../../arm-none-eabi/lib/thumb/v7-m/nofp\libc_nano.a(libc_a-lock.o)
                0x08007ff4                __retarget_lock_release_recursive
 .text.strcpy   0x08007ff6       0x10 C:/ST/STM32CubeIDE_1.19.0/STM32CubeIDE/plugins/com.st.stm32cube.ide.mcu.externaltools.gnu-tools-for-stm32.13.3.rel1.win32_1.0.0.202411081344/tools/bin/../lib/gcc/arm-none-eabi/13.3.1/../../../../arm-none-eabi/lib/thumb/v7-m/nofp\libc_nano.a(libc_a-strcpy.o)
                0x08007ff6                strcpy
 .text.memchr   0x08008006       0x1c C:/ST/STM32CubeIDE_1.19.0/STM32CubeIDE/plugins/com.st.stm32cube.ide.mcu.externaltools.gnu-tools-for-stm32.13.3.rel1.win32_1.0.0.202411081344/tools/bin/../lib/gcc/arm-none-eabi/13.3.1/../../../../arm-none-eabi/lib/thumb/v7-m/nofp\libc_nano.a(libc_a-memchr-stub.o)
                0x08008006                memchr
 *fill*         0x08008022        0x2 
 .text.nanf     0x08008024        0x8 C:/ST/STM32CubeIDE_1.19.0/STM32CubeIDE/plugins/com.st.stm32cube.ide.mcu.externaltools.gnu-tools-for-stm32.13.3.rel1.win32_1.0.0.202411081344/tools/bin/../lib/gcc/arm-none-eabi/13.3.1/../../../../arm-none-eabi/lib/thumb/v7-m/nofp\libc_nano.a(libm_a-sf_nan.o)
                0x08008024                nanf
 .text.quorem   0x0800802c      0x110 C:/ST/STM32CubeIDE_1.19.0/STM32CubeIDE/plugins/com.st.stm32cube.ide.mcu.externaltools.gnu-tools-for-stm32.13.3.rel1.win32_1.0.0.202411081344/tools/bin/../lib/gcc/arm-none-eabi/13.3.1/../../../../arm-none-eabi/lib/thumb/v7-m/nofp\libc_nano.a(libc_a-dtoa.o)
 *fill*         0x0800813c        0x4 
 .text._dtoa_r  0x08008140      0xba8 C:/ST/STM32CubeIDE_1.19.0/STM32CubeIDE/plugins/com.st.stm32cube.ide.mcu.externaltools.gnu-tools-for-stm32.13.3.rel1.win32_1.0.0.202411081344/tools/bin/../lib/gcc/arm-none-eabi/13.3.1/../../../../arm-none-eabi/lib/thumb/v7-m/nofp\libc_nano.a(libc_a-dtoa.o)
                0x08008140                _dtoa_r
 .text._free_r  0x08008ce8       0x90 C:/ST/STM32CubeIDE_1.19.0/STM32CubeIDE/plugins/com.st.stm32cube.ide.mcu.externaltools.gnu-tools-for-stm32.13.3.rel1.win32_1.0.0.202411081344/tools/bin/../lib/gcc/arm-none-eabi/13.3.1/../../../../arm-none-eabi/lib/thumb/v7-m/nofp\libc_nano.a(libc_a-freer.o)
                0x08008ce8                _free_r
 .text.malloc   0x08008d78       0x10 C:/ST/STM32CubeIDE_1.19.0/STM32CubeIDE/plugins/com.st.stm32cube.ide.mcu.externaltools.gnu-tools-for-stm32.13.3.rel1.win32_1.0.0.202411081344/tools/bin/../lib/gcc/arm-none-eabi/13.3.1/../../../../arm-none-eabi/lib/thumb/v7-m/nofp\libc_nano.a(libc_a-malloc.o)
                0x08008d78                malloc
 .text.sbrk_aligned
                0x08008d88       0x44 C:/ST/STM32CubeIDE_1.19.0/STM32CubeIDE/plugins/com.st.stm32cube.ide.mcu.externaltools.gnu-tools-for-stm32.13.3.rel1.win32_1.0.0.202411081344/tools/bin/../lib/gcc/arm-none-eabi/13.3.1/../../../../arm-none-eabi/lib/thumb/v7-m/nofp\libc_nano.a(libc_a-mallocr.o)
 .text._malloc_r
                0x08008dcc      0x100 C:/ST/STM32CubeIDE_1.19.0/STM32CubeIDE/plugins/com.st.stm32cube.ide.mcu.externaltools.gnu-tools-for-stm32.13.3.rel1.win32_1.0.0.202411081344/tools/bin/../lib/gcc/arm-none-eabi/13.3.1/../../../../arm-none-eabi/lib/thumb/v7-m/nofp\libc_nano.a(libc_a-mallocr.o)
                0x08008dcc                _malloc_r
 .text.__malloc_lock
                0x08008ecc        0xc C:/ST/STM32CubeIDE_1.19.0/STM32CubeIDE/plugins/com.st.stm32cube.ide.mcu.externaltools.gnu-tools-for-stm32.13.3.rel1.win32_1.0.0.202411081344/tools/bin/../lib/gcc/arm-none-eabi/13.3.1/../../../../arm-none-eabi/lib/thumb/v7-m/nofp\libc_nano.a(libc_a-mlock.o)
                0x08008ecc                __malloc_lock
 .text.__malloc_unlock
                0x08008ed8        0xc C:/ST/STM32CubeIDE_1.19.0/STM32CubeIDE/plugins/com.st.stm32cube.ide.mcu.externaltools.gnu-tools-for-stm32.13.3.rel1.win32_1.0.0.202411081344/tools/bin/../lib/gcc/arm-none-eabi/13.3.1/../../../../arm-none-eabi/lib/thumb/v7-m/nofp\libc_nano.a(libc_a-mlock.o)
                0x08008ed8                __malloc_unlock
 .text._Balloc  0x08008ee4       0x80 C:/ST/STM32CubeIDE_1.19.0/STM32CubeIDE/plugins/com.st.stm32cube.ide.mcu.externaltools.gnu-tools-for-stm32.13.3.rel1.win32_1.0.0.202411081344/tools/bin/../lib/gcc/arm-none-eabi/13.3.1/../../../../arm-none-eabi/lib/thumb/v7-m/nofp\libc_nano.a(libc_a-mprec.o)
                0x08008ee4                _Balloc
 .text._Bfree   0x08008f64       0x44 C:/ST/STM32CubeIDE_1.19.0/STM32CubeIDE/plugins/com.st.stm32cube.ide.mcu.externaltools.gnu-tools-for-stm32.13.3.rel1.win32_1.0.0.202411081344/tools/bin/../lib/gcc/arm-none-eabi/13.3.1/../../../../arm-none-eabi/lib/thumb/v7-m/nofp\libc_nano.a(libc_a-mprec.o)
                0x08008f64                _Bfree
 .text.__multadd
                0x08008fa8       0x8c C:/ST/STM32CubeIDE_1.19.0/STM32CubeIDE/plugins/com.st.stm32cube.ide.mcu.externaltools.gnu-tools-for-stm32.13.3.rel1.win32_1.0.0.202411081344/tools/bin/../lib/gcc/arm-none-eabi/13.3.1/../../../../arm-none-eabi/lib/thumb/v7-m/nofp\libc_nano.a(libc_a-mprec.o)
                0x08008fa8                __multadd
 .text.__s2b    0x08009034       0x94 C:/ST/STM32CubeIDE_1.19.0/STM32CubeIDE/plugins/com.st.stm32cube.ide.mcu.externaltools.gnu-tools-for-stm32.13.3.rel1.win32_1.0.0.202411081344/tools/bin/../lib/gcc/arm-none-eabi/13.3.1/../../../../arm-none-eabi/lib/thumb/v7-m/nofp\libc_nano.a(libc_a-mprec.o)
                0x08009034                __s2b
 .text.__hi0bits
                0x080090c8       0x3e C:/ST/STM32CubeIDE_1.19.0/STM32CubeIDE/plugins/com.st.stm32cube.ide.mcu.externaltools.gnu-tools-for-stm32.13.3.rel1.win32_1.0.0.202411081344/tools/bin/../lib/gcc/arm-none-eabi/13.3.1/../../../../arm-none-eabi/lib/thumb/v7-m/nofp\libc_nano.a(libc_a-mprec.o)
                0x080090c8                __hi0bits
 .text.__lo0bits
                0x08009106       0x5a C:/ST/STM32CubeIDE_1.19.0/STM32CubeIDE/plugins/com.st.stm32cube.ide.mcu.externaltools.gnu-tools-for-stm32.13.3.rel1.win32_1.0.0.202411081344/tools/bin/../lib/gcc/arm-none-eabi/13.3.1/../../../../arm-none-eabi/lib/thumb/v7-m/nofp\libc_nano.a(libc_a-mprec.o)
                0x08009106                __lo0bits
 .text.__i2b    0x08009160       0x2c C:/ST/STM32CubeIDE_1.19.0/STM32CubeIDE/plugins/com.st.stm32cube.ide.mcu.externaltools.gnu-tools-for-stm32.13.3.rel1.win32_1.0.0.202411081344/tools/bin/../lib/gcc/arm-none-eabi/13.3.1/../../../../arm-none-eabi/lib/thumb/v7-m/nofp\libc_nano.a(libc_a-mprec.o)
                0x08009160                __i2b
 .text.__multiply
                0x0800918c      0x144 C:/ST/STM32CubeIDE_1.19.0/STM32CubeIDE/plugins/com.st.stm32cube.ide.mcu.externaltools.gnu-tools-for-stm32.13.3.rel1.win32_1.0.0.202411081344/tools/bin/../lib/gcc/arm-none-eabi/13.3.1/../../../../arm-none-eabi/lib/thumb/v7-m/nofp\libc_nano.a(libc_a-mprec.o)
                0x0800918c                __multiply
 .text.__pow5mult
                0x080092d0       0xb4 C:/ST/STM32CubeIDE_1.19.0/STM32CubeIDE/plugins/com.st.stm32cube.ide.mcu.externaltools.gnu-tools-for-stm32.13.3.rel1.win32_1.0.0.202411081344/tools/bin/../lib/gcc/arm-none-eabi/13.3.1/../../../../arm-none-eabi/lib/thumb/v7-m/nofp\libc_nano.a(libc_a-mprec.o)
                0x080092d0                __pow5mult
 .text.__lshift
                0x08009384       0xd8 C:/ST/STM32CubeIDE_1.19.0/STM32CubeIDE/plugins/com.st.stm32cube.ide.mcu.externaltools.gnu-tools-for-stm32.13.3.rel1.win32_1.0.0.202411081344/tools/bin/../lib/gcc/arm-none-eabi/13.3.1/../../../../arm-none-eabi/lib/thumb/v7-m/nofp\libc_nano.a(libc_a-mprec.o)
                0x08009384                __lshift
 .text.__mcmp   0x0800945c       0x36 C:/ST/STM32CubeIDE_1.19.0/STM32CubeIDE/plugins/com.st.stm32cube.ide.mcu.externaltools.gnu-tools-for-stm32.13.3.rel1.win32_1.0.0.202411081344/tools/bin/../lib/gcc/arm-none-eabi/13.3.1/../../../../arm-none-eabi/lib/thumb/v7-m/nofp\libc_nano.a(libc_a-mprec.o)
                0x0800945c                __mcmp
 *fill*         0x08009492        0x2 
 .text.__mdiff  0x08009494      0x128 C:/ST/STM32CubeIDE_1.19.0/STM32CubeIDE/plugins/com.st.stm32cube.ide.mcu.externaltools.gnu-tools-for-stm32.13.3.rel1.win32_1.0.0.202411081344/tools/bin/../lib/gcc/arm-none-eabi/13.3.1/../../../../arm-none-eabi/lib/thumb/v7-m/nofp\libc_nano.a(libc_a-mprec.o)
                0x08009494                __mdiff
 .text.__ulp    0x080095bc       0x40 C:/ST/STM32CubeIDE_1.19.0/STM32CubeIDE/plugins/com.st.stm32cube.ide.mcu.externaltools.gnu-tools-for-stm32.13.3.rel1.win32_1.0.0.202411081344/tools/bin/../lib/gcc/arm-none-eabi/13.3.1/../../../../arm-none-eabi/lib/thumb/v7-m/nofp\libc_nano.a(libc_a-mprec.o)
                0x080095bc                __ulp
 .text.__b2d    0x080095fc       0x90 C:/ST/STM32CubeIDE_1.19.0/STM32CubeIDE/plugins/com.st.stm32cube.ide.mcu.externaltools.gnu-tools-for-stm32.13.3.rel1.win32_1.0.0.202411081344/tools/bin/../lib/gcc/arm-none-eabi/13.3.1/../../../../arm-none-eabi/lib/thumb/v7-m/nofp\libc_nano.a(libc_a-mprec.o)
                0x080095fc                __b2d
 .text.__d2b    0x0800968c       0xb0 C:/ST/STM32CubeIDE_1.19.0/STM32CubeIDE/plugins/com.st.stm32cube.ide.mcu.externaltools.gnu-tools-for-stm32.13.3.rel1.win32_1.0.0.202411081344/tools/bin/../lib/gcc/arm-none-eabi/13.3.1/../../../../arm-none-eabi/lib/thumb/v7-m/nofp\libc_nano.a(libc_a-mprec.o)
                0x0800968c                __d2b
 .text.__ratio  0x0800973c       0x60 C:/ST/STM32CubeIDE_1.19.0/STM32CubeIDE/plugins/com.st.stm32cube.ide.mcu.externaltools.gnu-tools-for-stm32.13.3.rel1.win32_1.0.0.202411081344/tools/bin/../lib/gcc/arm-none-eabi/13.3.1/../../../../arm-none-eabi/lib/thumb/v7-m/nofp\libc_nano.a(libc_a-mprec.o)
                0x0800973c                __ratio
 .text.__copybits
                0x0800979c       0x46 C:/ST/STM32CubeIDE_1.19.0/STM32CubeIDE/plugins/com.st.stm32cube.ide.mcu.externaltools.gnu-tools-for-stm32.13.3.rel1.win32_1.0.0.202411081344/tools/bin/../lib/gcc/arm-none-eabi/13.3.1/../../../../arm-none-eabi/lib/thumb/v7-m/nofp\libc_nano.a(libc_a-mprec.o)
                0x0800979c                __copybits
 .text.__any_on
                0x080097e2       0x42 C:/ST/STM32CubeIDE_1.19.0/STM32CubeIDE/plugins/com.st.stm32cube.ide.mcu.externaltools.gnu-tools-for-stm32.13.3.rel1.win32_1.0.0.202411081344/tools/bin/../lib/gcc/arm-none-eabi/13.3.1/../../../../arm-none-eabi/lib/thumb/v7-m/nofp\libc_nano.a(libc_a-mprec.o)
                0x080097e2                __any_on
 .text.sulp     0x08009824       0x42 C:/ST/STM32CubeIDE_1.19.0/STM32CubeIDE/plugins/com.st.stm32cube.ide.mcu.externaltools.gnu-tools-for-stm32.13.3.rel1.win32_1.0.0.202411081344/tools/bin/../lib/gcc/arm-none-eabi/13.3.1/../../../../arm-none-eabi/lib/thumb/v7-m/nofp\libc_nano.a(libc_a-strtod.o)
 *fill*         0x08009866        0x2 
 .text._strtod_l
                0x08009868      0xbb0 C:/ST/STM32CubeIDE_1.19.0/STM32CubeIDE/plugins/com.st.stm32cube.ide.mcu.externaltools.gnu-tools-for-stm32.13.3.rel1.win32_1.0.0.202411081344/tools/bin/../lib/gcc/arm-none-eabi/13.3.1/../../../../arm-none-eabi/lib/thumb/v7-m/nofp\libc_nano.a(libc_a-strtod.o)
                0x08009868                _strtod_l
 .text._strtod_r
                0x0800a418        0xc C:/ST/STM32CubeIDE_1.19.0/STM32CubeIDE/plugins/com.st.stm32cube.ide.mcu.externaltools.gnu-tools-for-stm32.13.3.rel1.win32_1.0.0.202411081344/tools/bin/../lib/gcc/arm-none-eabi/13.3.1/../../../../arm-none-eabi/lib/thumb/v7-m/nofp\libc_nano.a(libc_a-strtod.o)
                0x0800a418                _strtod_r
 .text._strtol_l.isra.0
                0x0800a424       0xf4 C:/ST/STM32CubeIDE_1.19.0/STM32CubeIDE/plugins/com.st.stm32cube.ide.mcu.externaltools.gnu-tools-for-stm32.13.3.rel1.win32_1.0.0.202411081344/tools/bin/../lib/gcc/arm-none-eabi/13.3.1/../../../../arm-none-eabi/lib/thumb/v7-m/nofp\libc_nano.a(libc_a-strtol.o)
 .text._strtol_r
                0x0800a518        0x4 C:/ST/STM32CubeIDE_1.19.0/STM32CubeIDE/plugins/com.st.stm32cube.ide.mcu.externaltools.gnu-tools-for-stm32.13.3.rel1.win32_1.0.0.202411081344/tools/bin/../lib/gcc/arm-none-eabi/13.3.1/../../../../arm-none-eabi/lib/thumb/v7-m/nofp\libc_nano.a(libc_a-strtol.o)
                0x0800a518                _strtol_r
 .text.__ssputs_r
                0x0800a51c       0xb6 C:/ST/STM32CubeIDE_1.19.0/STM32CubeIDE/plugins/com.st.stm32cube.ide.mcu.externaltools.gnu-tools-for-stm32.13.3.rel1.win32_1.0.0.202411081344/tools/bin/../lib/gcc/arm-none-eabi/13.3.1/../../../../arm-none-eabi/lib/thumb/v7-m/nofp\libc_nano.a(libc_a-nano-svfprintf.o)
                0x0800a51c                __ssputs_r
 *fill*         0x0800a5d2        0x2 
 .text._svfprintf_r
                0x0800a5d4      0x1f8 C:/ST/STM32CubeIDE_1.19.0/STM32CubeIDE/plugins/com.st.stm32cube.ide.mcu.externaltools.gnu-tools-for-stm32.13.3.rel1.win32_1.0.0.202411081344/tools/bin/../lib/gcc/arm-none-eabi/13.3.1/../../../../arm-none-eabi/lib/thumb/v7-m/nofp\libc_nano.a(libc_a-nano-svfprintf.o)
                0x0800a5d4                _svfiprintf_r
                0x0800a5d4                _svfprintf_r
 .text.__sflush_r
                0x0800a7cc      0x100 C:/ST/STM32CubeIDE_1.19.0/STM32CubeIDE/plugins/com.st.stm32cube.ide.mcu.externaltools.gnu-tools-for-stm32.13.3.rel1.win32_1.0.0.202411081344/tools/bin/../lib/gcc/arm-none-eabi/13.3.1/../../../../arm-none-eabi/lib/thumb/v7-m/nofp\libc_nano.a(libc_a-fflush.o)
                0x0800a7cc                __sflush_r
 .text._fflush_r
                0x0800a8cc       0x50 C:/ST/STM32CubeIDE_1.19.0/STM32CubeIDE/plugins/com.st.stm32cube.ide.mcu.externaltools.gnu-tools-for-stm32.13.3.rel1.win32_1.0.0.202411081344/tools/bin/../lib/gcc/arm-none-eabi/13.3.1/../../../../arm-none-eabi/lib/thumb/v7-m/nofp\libc_nano.a(libc_a-fflush.o)
                0x0800a8cc                _fflush_r
 .text.memmove  0x0800a91c       0x34 C:/ST/STM32CubeIDE_1.19.0/STM32CubeIDE/plugins/com.st.stm32cube.ide.mcu.externaltools.gnu-tools-for-stm32.13.3.rel1.win32_1.0.0.202411081344/tools/bin/../lib/gcc/arm-none-eabi/13.3.1/../../../../arm-none-eabi/lib/thumb/v7-m/nofp\libc_nano.a(libc_a-memmove.o)
                0x0800a91c                memmove
 .text.strncmp  0x0800a950       0x24 C:/ST/STM32CubeIDE_1.19.0/STM32CubeIDE/plugins/com.st.stm32cube.ide.mcu.externaltools.gnu-tools-for-stm32.13.3.rel1.win32_1.0.0.202411081344/tools/bin/../lib/gcc/arm-none-eabi/13.3.1/../../../../arm-none-eabi/lib/thumb/v7-m/nofp\libc_nano.a(libc_a-strncmp.o)
                0x0800a950                strncmp
 .text._sbrk_r  0x0800a974       0x20 C:/ST/STM32CubeIDE_1.19.0/STM32CubeIDE/plugins/com.st.stm32cube.ide.mcu.externaltools.gnu-tools-for-stm32.13.3.rel1.win32_1.0.0.202411081344/tools/bin/../lib/gcc/arm-none-eabi/13.3.1/../../../../arm-none-eabi/lib/thumb/v7-m/nofp\libc_nano.a(libc_a-sbrkr.o)
                0x0800a974                _sbrk_r
 .text.memcpy   0x0800a994       0x1c C:/ST/STM32CubeIDE_1.19.0/STM32CubeIDE/plugins/com.st.stm32cube.ide.mcu.externaltools.gnu-tools-for-stm32.13.3.rel1.win32_1.0.0.202411081344/tools/bin/../lib/gcc/arm-none-eabi/13.3.1/../../../../arm-none-eabi/lib/thumb/v7-m/nofp\libc_nano.a(libc_a-memcpy-stub.o)
                0x0800a994                memcpy
 .text.nan      0x0800a9b0        0xc C:/ST/STM32CubeIDE_1.19.0/STM32CubeIDE/plugins/com.st.stm32cube.ide.mcu.externaltools.gnu-tools-for-stm32.13.3.rel1.win32_1.0.0.202411081344/tools/bin/../lib/gcc/arm-none-eabi/13.3.1/../../../../arm-none-eabi/lib/thumb/v7-m/nofp\libc_nano.a(libm_a-s_nan.o)
                0x0800a9b0                nan
 .text.__assert_func
                0x0800a9bc       0x3c C:/ST/STM32CubeIDE_1.19.0/STM32CubeIDE/plugins/com.st.stm32cube.ide.mcu.externaltools.gnu-tools-for-stm32.13.3.rel1.win32_1.0.0.202411081344/tools/bin/../lib/gcc/arm-none-eabi/13.3.1/../../../../arm-none-eabi/lib/thumb/v7-m/nofp\libc_nano.a(libc_a-assert.o)
                0x0800a9bc                __assert_func
 .text._calloc_r
                0x0800a9f8       0x28 C:/ST/STM32CubeIDE_1.19.0/STM32CubeIDE/plugins/com.st.stm32cube.ide.mcu.externaltools.gnu-tools-for-stm32.13.3.rel1.win32_1.0.0.202411081344/tools/bin/../lib/gcc/arm-none-eabi/13.3.1/../../../../arm-none-eabi/lib/thumb/v7-m/nofp\libc_nano.a(libc_a-callocr.o)
                0x0800a9f8                _calloc_r
 .text.rshift   0x0800aa20       0xa6 C:/ST/STM32CubeIDE_1.19.0/STM32CubeIDE/plugins/com.st.stm32cube.ide.mcu.externaltools.gnu-tools-for-stm32.13.3.rel1.win32_1.0.0.202411081344/tools/bin/../lib/gcc/arm-none-eabi/13.3.1/../../../../arm-none-eabi/lib/thumb/v7-m/nofp\libc_nano.a(libc_a-gdtoa-gethex.o)
 .text.__hexdig_fun
                0x0800aac6       0x2a C:/ST/STM32CubeIDE_1.19.0/STM32CubeIDE/plugins/com.st.stm32cube.ide.mcu.externaltools.gnu-tools-for-stm32.13.3.rel1.win32_1.0.0.202411081344/tools/bin/../lib/gcc/arm-none-eabi/13.3.1/../../../../arm-none-eabi/lib/thumb/v7-m/nofp\libc_nano.a(libc_a-gdtoa-gethex.o)
                0x0800aac6                __hexdig_fun
 .text.__gethex
                0x0800aaf0      0x420 C:/ST/STM32CubeIDE_1.19.0/STM32CubeIDE/plugins/com.st.stm32cube.ide.mcu.externaltools.gnu-tools-for-stm32.13.3.rel1.win32_1.0.0.202411081344/tools/bin/../lib/gcc/arm-none-eabi/13.3.1/../../../../arm-none-eabi/lib/thumb/v7-m/nofp\libc_nano.a(libc_a-gdtoa-gethex.o)
                0x0800aaf0                __gethex
 .text.L_shift  0x0800af10       0x24 C:/ST/STM32CubeIDE_1.19.0/STM32CubeIDE/plugins/com.st.stm32cube.ide.mcu.externaltools.gnu-tools-for-stm32.13.3.rel1.win32_1.0.0.202411081344/tools/bin/../lib/gcc/arm-none-eabi/13.3.1/../../../../arm-none-eabi/lib/thumb/v7-m/nofp\libc_nano.a(libc_a-gdtoa-hexnan.o)
 .text.__match  0x0800af34       0x28 C:/ST/STM32CubeIDE_1.19.0/STM32CubeIDE/plugins/com.st.stm32cube.ide.mcu.externaltools.gnu-tools-for-stm32.13.3.rel1.win32_1.0.0.202411081344/tools/bin/../lib/gcc/arm-none-eabi/13.3.1/../../../../arm-none-eabi/lib/thumb/v7-m/nofp\libc_nano.a(libc_a-gdtoa-hexnan.o)
                0x0800af34                __match
 .text.__hexnan
                0x0800af5c      0x136 C:/ST/STM32CubeIDE_1.19.0/STM32CubeIDE/plugins/com.st.stm32cube.ide.mcu.externaltools.gnu-tools-for-stm32.13.3.rel1.win32_1.0.0.202411081344/tools/bin/../lib/gcc/arm-none-eabi/13.3.1/../../../../arm-none-eabi/lib/thumb/v7-m/nofp\libc_nano.a(libc_a-gdtoa-hexnan.o)
                0x0800af5c                __hexnan
 .text.__ascii_mbtowc
                0x0800b092       0x24 C:/ST/STM32CubeIDE_1.19.0/STM32CubeIDE/plugins/com.st.stm32cube.ide.mcu.externaltools.gnu-tools-for-stm32.13.3.rel1.win32_1.0.0.202411081344/tools/bin/../lib/gcc/arm-none-eabi/13.3.1/../../../../arm-none-eabi/lib/thumb/v7-m/nofp\libc_nano.a(libc_a-mbtowc_r.o)
                0x0800b092                __ascii_mbtowc
 .text._realloc_r
                0x0800b0b6       0x5c C:/ST/STM32CubeIDE_1.19.0/STM32CubeIDE/plugins/com.st.stm32cube.ide.mcu.externaltools.gnu-tools-for-stm32.13.3.rel1.win32_1.0.0.202411081344/tools/bin/../lib/gcc/arm-none-eabi/13.3.1/../../../../arm-none-eabi/lib/thumb/v7-m/nofp\libc_nano.a(libc_a-reallocr.o)
                0x0800b0b6                _realloc_r
 .text.__ascii_wctomb
                0x0800b112       0x1a C:/ST/STM32CubeIDE_1.19.0/STM32CubeIDE/plugins/com.st.stm32cube.ide.mcu.externaltools.gnu-tools-for-stm32.13.3.rel1.win32_1.0.0.202411081344/tools/bin/../lib/gcc/arm-none-eabi/13.3.1/../../../../arm-none-eabi/lib/thumb/v7-m/nofp\libc_nano.a(libc_a-wctomb_r.o)
                0x0800b112                __ascii_wctomb
 .text.fprintf  0x0800b12c       0x24 C:/ST/STM32CubeIDE_1.19.0/STM32CubeIDE/plugins/com.st.stm32cube.ide.mcu.externaltools.gnu-tools-for-stm32.13.3.rel1.win32_1.0.0.202411081344/tools/bin/../lib/gcc/arm-none-eabi/13.3.1/../../../../arm-none-eabi/lib/thumb/v7-m/nofp\libc_nano.a(libc_a-fprintf.o)
                0x0800b12c                fiprintf
                0x0800b12c                fprintf
 .text.abort    0x0800b150        0xe C:/ST/STM32CubeIDE_1.19.0/STM32CubeIDE/plugins/com.st.stm32cube.ide.mcu.externaltools.gnu-tools-for-stm32.13.3.rel1.win32_1.0.0.202411081344/tools/bin/../lib/gcc/arm-none-eabi/13.3.1/../../../../arm-none-eabi/lib/thumb/v7-m/nofp\libc_nano.a(libc_a-abort.o)
                0x0800b150                abort
 .text._malloc_usable_size_r
                0x0800b15e       0x10 C:/ST/STM32CubeIDE_1.19.0/STM32CubeIDE/plugins/com.st.stm32cube.ide.mcu.externaltools.gnu-tools-for-stm32.13.3.rel1.win32_1.0.0.202411081344/tools/bin/../lib/gcc/arm-none-eabi/13.3.1/../../../../arm-none-eabi/lib/thumb/v7-m/nofp\libc_nano.a(libc_a-msizer.o)
                0x0800b15e                _malloc_usable_size_r
 .text.__sfputc_r
                0x0800b16e       0x2a C:/ST/STM32CubeIDE_1.19.0/STM32CubeIDE/plugins/com.st.stm32cube.ide.mcu.externaltools.gnu-tools-for-stm32.13.3.rel1.win32_1.0.0.202411081344/tools/bin/../lib/gcc/arm-none-eabi/13.3.1/../../../../arm-none-eabi/lib/thumb/v7-m/nofp\libc_nano.a(libc_a-nano-vfprintf.o)
 .text.__sfputs_r
                0x0800b198       0x24 C:/ST/STM32CubeIDE_1.19.0/STM32CubeIDE/plugins/com.st.stm32cube.ide.mcu.externaltools.gnu-tools-for-stm32.13.3.rel1.win32_1.0.0.202411081344/tools/bin/../lib/gcc/arm-none-eabi/13.3.1/../../../../arm-none-eabi/lib/thumb/v7-m/nofp\libc_nano.a(libc_a-nano-vfprintf.o)
                0x0800b198                __sfputs_r
 .text._vfprintf_r
                0x0800b1bc      0x230 C:/ST/STM32CubeIDE_1.19.0/STM32CubeIDE/plugins/com.st.stm32cube.ide.mcu.externaltools.gnu-tools-for-stm32.13.3.rel1.win32_1.0.0.202411081344/tools/bin/../lib/gcc/arm-none-eabi/13.3.1/../../../../arm-none-eabi/lib/thumb/v7-m/nofp\libc_nano.a(libc_a-nano-vfprintf.o)
                0x0800b1bc                _vfprintf_r
                0x0800b1bc                _vfiprintf_r
 .text.__swbuf_r
                0x0800b3ec       0x7c C:/ST/STM32CubeIDE_1.19.0/STM32CubeIDE/plugins/com.st.stm32cube.ide.mcu.externaltools.gnu-tools-for-stm32.13.3.rel1.win32_1.0.0.202411081344/tools/bin/../lib/gcc/arm-none-eabi/13.3.1/../../../../arm-none-eabi/lib/thumb/v7-m/nofp\libc_nano.a(libc_a-wbuf.o)
                0x0800b3ec                __swbuf_r
 .text.__swsetup_r
                0x0800b468       0xac C:/ST/STM32CubeIDE_1.19.0/STM32CubeIDE/plugins/com.st.stm32cube.ide.mcu.externaltools.gnu-tools-for-stm32.13.3.rel1.win32_1.0.0.202411081344/tools/bin/../lib/gcc/arm-none-eabi/13.3.1/../../../../arm-none-eabi/lib/thumb/v7-m/nofp\libc_nano.a(libc_a-wsetup.o)
                0x0800b468                __swsetup_r
 .text._raise_r
                0x0800b514       0x50 C:/ST/STM32CubeIDE_1.19.0/STM32CubeIDE/plugins/com.st.stm32cube.ide.mcu.externaltools.gnu-tools-for-stm32.13.3.rel1.win32_1.0.0.202411081344/tools/bin/../lib/gcc/arm-none-eabi/13.3.1/../../../../arm-none-eabi/lib/thumb/v7-m/nofp\libc_nano.a(libc_a-signal.o)
                0x0800b514                _raise_r
 .text.raise    0x0800b564       0x10 C:/ST/STM32CubeIDE_1.19.0/STM32CubeIDE/plugins/com.st.stm32cube.ide.mcu.externaltools.gnu-tools-for-stm32.13.3.rel1.win32_1.0.0.202411081344/tools/bin/../lib/gcc/arm-none-eabi/13.3.1/../../../../arm-none-eabi/lib/thumb/v7-m/nofp\libc_nano.a(libc_a-signal.o)
                0x0800b564                raise
 .text._kill_r  0x0800b574       0x24 C:/ST/STM32CubeIDE_1.19.0/STM32CubeIDE/plugins/com.st.stm32cube.ide.mcu.externaltools.gnu-tools-for-stm32.13.3.rel1.win32_1.0.0.202411081344/tools/bin/../lib/gcc/arm-none-eabi/13.3.1/../../../../arm-none-eabi/lib/thumb/v7-m/nofp\libc_nano.a(libc_a-signalr.o)
                0x0800b574                _kill_r
 .text._getpid_r
                0x0800b598        0x4 C:/ST/STM32CubeIDE_1.19.0/STM32CubeIDE/plugins/com.st.stm32cube.ide.mcu.externaltools.gnu-tools-for-stm32.13.3.rel1.win32_1.0.0.202411081344/tools/bin/../lib/gcc/arm-none-eabi/13.3.1/../../../../arm-none-eabi/lib/thumb/v7-m/nofp\libc_nano.a(libc_a-signalr.o)
                0x0800b598                _getpid_r
 .text.__swhatbuf_r
                0x0800b59c       0x4a C:/ST/STM32CubeIDE_1.19.0/STM32CubeIDE/plugins/com.st.stm32cube.ide.mcu.externaltools.gnu-tools-for-stm32.13.3.rel1.win32_1.0.0.202411081344/tools/bin/../lib/gcc/arm-none-eabi/13.3.1/../../../../arm-none-eabi/lib/thumb/v7-m/nofp\libc_nano.a(libc_a-makebuf.o)
                0x0800b59c                __swhatbuf_r
 .text.__smakebuf_r
                0x0800b5e6       0x78 C:/ST/STM32CubeIDE_1.19.0/STM32CubeIDE/plugins/com.st.stm32cube.ide.mcu.externaltools.gnu-tools-for-stm32.13.3.rel1.win32_1.0.0.202411081344/tools/bin/../lib/gcc/arm-none-eabi/13.3.1/../../../../arm-none-eabi/lib/thumb/v7-m/nofp\libc_nano.a(libc_a-makebuf.o)
                0x0800b5e6                __smakebuf_r
 *fill*         0x0800b65e        0x2 
 .text._fstat_r
                0x0800b660       0x24 C:/ST/STM32CubeIDE_1.19.0/STM32CubeIDE/plugins/com.st.stm32cube.ide.mcu.externaltools.gnu-tools-for-stm32.13.3.rel1.win32_1.0.0.202411081344/tools/bin/../lib/gcc/arm-none-eabi/13.3.1/../../../../arm-none-eabi/lib/thumb/v7-m/nofp\libc_nano.a(libc_a-fstatr.o)
                0x0800b660                _fstat_r
 .text._isatty_r
                0x0800b684       0x20 C:/ST/STM32CubeIDE_1.19.0/STM32CubeIDE/plugins/com.st.stm32cube.ide.mcu.externaltools.gnu-tools-for-stm32.13.3.rel1.win32_1.0.0.202411081344/tools/bin/../lib/gcc/arm-none-eabi/13.3.1/../../../../arm-none-eabi/lib/thumb/v7-m/nofp\libc_nano.a(libc_a-isattyr.o)
                0x0800b684                _isatty_r
 *(.glue_7)
 .glue_7        0x0800b6a4        0x0 linker stubs
 *(.glue_7t)
 .glue_7t       0x0800b6a4        0x0 linker stubs
 *(.eh_frame)
 .eh_frame      0x0800b6a4        0x0 C:/ST/STM32CubeIDE_1.19.0/STM32CubeIDE/plugins/com.st.stm32cube.ide.mcu.externaltools.gnu-tools-for-stm32.13.3.rel1.win32_1.0.0.202411081344/tools/bin/../lib/gcc/arm-none-eabi/13.3.1/thumb/v7-m/nofp/crtbegin.o
 *(.init)
 .init          0x0800b6a4        0x4 C:/ST/STM32CubeIDE_1.19.0/STM32CubeIDE/plugins/com.st.stm32cube.ide.mcu.externaltools.gnu-tools-for-stm32.13.3.rel1.win32_1.0.0.202411081344/tools/bin/../lib/gcc/arm-none-eabi/13.3.1/thumb/v7-m/nofp/crti.o
                0x0800b6a4                _init
 .init          0x0800b6a8        0x8 C:/ST/STM32CubeIDE_1.19.0/STM32CubeIDE/plugins/com.st.stm32cube.ide.mcu.externaltools.gnu-tools-for-stm32.13.3.rel1.win32_1.0.0.202411081344/tools/bin/../lib/gcc/arm-none-eabi/13.3.1/thumb/v7-m/nofp/crtn.o
 *(.fini)
 .fini          0x0800b6b0        0x4 C:/ST/STM32CubeIDE_1.19.0/STM32CubeIDE/plugins/com.st.stm32cube.ide.mcu.externaltools.gnu-tools-for-stm32.13.3.rel1.win32_1.0.0.202411081344/tools/bin/../lib/gcc/arm-none-eabi/13.3.1/thumb/v7-m/nofp/crti.o
                0x0800b6b0                _fini
 .fini          0x0800b6b4        0x8 C:/ST/STM32CubeIDE_1.19.0/STM32CubeIDE/plugins/com.st.stm32cube.ide.mcu.externaltools.gnu-tools-for-stm32.13.3.rel1.win32_1.0.0.202411081344/tools/bin/../lib/gcc/arm-none-eabi/13.3.1/thumb/v7-m/nofp/crtn.o
                0x0800b6bc                        . = ALIGN (0x4)
                0x0800b6bc                        _etext = .

.vfp11_veneer   0x0800b6bc        0x0
 .vfp11_veneer  0x0800b6bc        0x0 linker stubs

.v4_bx          0x0800b6bc        0x0
 .v4_bx         0x0800b6bc        0x0 linker stubs

.iplt           0x0800b6bc        0x0
 .iplt          0x0800b6bc        0x0 C:/ST/STM32CubeIDE_1.19.0/STM32CubeIDE/plugins/com.st.stm32cube.ide.mcu.externaltools.gnu-tools-for-stm32.13.3.rel1.win32_1.0.0.202411081344/tools/bin/../lib/gcc/arm-none-eabi/13.3.1/thumb/v7-m/nofp/crtbegin.o

.rodata         0x0800b6c0     0x2194
                0x0800b6c0                        . = ALIGN (0x4)
 *(.rodata)
 .rodata        0x0800b6c0       0x58 ./Core/Src/ADC.o
 .rodata        0x0800b718       0x1a ./Core/Src/CAN.o
 *fill*         0x0800b732        0x2 
 .rodata        0x0800b734      0x4bc ./Core/Src/DECODE_BATTERY_MANAGEMENT_SYSTEM.o
 .rodata        0x0800bbf0      0x52a ./Core/Src/DECODE_MOTOR_CONTROLLER.o
 *fill*         0x0800c11a        0x2 
 .rodata        0x0800c11c      0x5f8 ./Core/Src/DWIN_DISPLAY.o
 .rodata        0x0800c714      0x223 ./Core/Src/GPIO.o
 *fill*         0x0800c937        0x1 
 .rodata        0x0800c938        0x8 ./Core/Src/MCP2515.o
 .rodata        0x0800c940       0x60 ./Core/Src/RCC.o
 .rodata        0x0800c9a0      0x430 ./Core/Src/main.o
 *(.rodata*)
 .rodata.ADC_Channels
                0x0800cdd0        0xc ./Core/Src/ADC.o
 .rodata.Bms_Fault_Names
                0x0800cddc      0x280 ./Core/Src/DECODE_BATTERY_MANAGEMENT_SYSTEM.o
                0x0800cddc                Bms_Fault_Names
 .rodata.Mcu_Fault_Names
                0x0800d05c      0x370 ./Core/Src/DECODE_MOTOR_CONTROLLER.o
                0x0800d05c                Mcu_Fault_Names
 .rodata.Digital_Input_Pins
                0x0800d3cc       0x38 ./Core/Src/GPIO.o
 .rodata.Digital_Output_Pins
                0x0800d404        0x8 ./Core/Src/GPIO.o
 .rodata.AHBPrescTable
                0x0800d40c       0x10 ./Core/Src/system_stm32f1xx.o
                0x0800d40c                AHBPrescTable
 .rodata.aPLLMULFactorTable.1
                0x0800d41c       0x10 ./Drivers/STM32F1xx_HAL_Driver/Src/stm32f1xx_hal_rcc.o
 .rodata.aPredivFactorTable.0
                0x0800d42c        0x2 ./Drivers/STM32F1xx_HAL_Driver/Src/stm32f1xx_hal_rcc.o
 .rodata._printf_float.str1.1
                0x0800d42e      0x1d6 C:/ST/STM32CubeIDE_1.19.0/STM32CubeIDE/plugins/com.st.stm32cube.ide.mcu.externaltools.gnu-tools-for-stm32.13.3.rel1.win32_1.0.0.202411081344/tools/bin/../lib/gcc/arm-none-eabi/13.3.1/../../../../arm-none-eabi/lib/thumb/v7-m/nofp\libc_nano.a(libc_a-nano-vfprintf_float.o)
                                 0x12 (size before relaxing)
 .rodata._printf_i.str1.1
                0x0800d604       0x22 C:/ST/STM32CubeIDE_1.19.0/STM32CubeIDE/plugins/com.st.stm32cube.ide.mcu.externaltools.gnu-tools-for-stm32.13.3.rel1.win32_1.0.0.202411081344/tools/bin/../lib/gcc/arm-none-eabi/13.3.1/../../../../arm-none-eabi/lib/thumb/v7-m/nofp\libc_nano.a(libc_a-nano-vfprintf_i.o)
 .rodata._scanf_float.str1.1
                0x0800d604        0x6 C:/ST/STM32CubeIDE_1.19.0/STM32CubeIDE/plugins/com.st.stm32cube.ide.mcu.externaltools.gnu-tools-for-stm32.13.3.rel1.win32_1.0.0.202411081344/tools/bin/../lib/gcc/arm-none-eabi/13.3.1/../../../../arm-none-eabi/lib/thumb/v7-m/nofp\libc_nano.a(libc_a-nano-vfscanf_float.o)
 .rodata._dtoa_r.str1.1
                0x0800d604       0x8f C:/ST/STM32CubeIDE_1.19.0/STM32CubeIDE/plugins/com.st.stm32cube.ide.mcu.externaltools.gnu-tools-for-stm32.13.3.rel1.win32_1.0.0.202411081344/tools/bin/../lib/gcc/arm-none-eabi/13.3.1/../../../../arm-none-eabi/lib/thumb/v7-m/nofp\libc_nano.a(libc_a-dtoa.o)
 .rodata._Balloc.str1.1
                0x0800d604       0x70 C:/ST/STM32CubeIDE_1.19.0/STM32CubeIDE/plugins/com.st.stm32cube.ide.mcu.externaltools.gnu-tools-for-stm32.13.3.rel1.win32_1.0.0.202411081344/tools/bin/../lib/gcc/arm-none-eabi/13.3.1/../../../../arm-none-eabi/lib/thumb/v7-m/nofp\libc_nano.a(libc_a-mprec.o)
 .rodata.__multadd.str1.1
                0x0800d604       0x11 C:/ST/STM32CubeIDE_1.19.0/STM32CubeIDE/plugins/com.st.stm32cube.ide.mcu.externaltools.gnu-tools-for-stm32.13.3.rel1.win32_1.0.0.202411081344/tools/bin/../lib/gcc/arm-none-eabi/13.3.1/../../../../arm-none-eabi/lib/thumb/v7-m/nofp\libc_nano.a(libc_a-mprec.o)
 .rodata.p05.0  0x0800d604        0xc C:/ST/STM32CubeIDE_1.19.0/STM32CubeIDE/plugins/com.st.stm32cube.ide.mcu.externaltools.gnu-tools-for-stm32.13.3.rel1.win32_1.0.0.202411081344/tools/bin/../lib/gcc/arm-none-eabi/13.3.1/../../../../arm-none-eabi/lib/thumb/v7-m/nofp\libc_nano.a(libc_a-mprec.o)
 .rodata.__mprec_bigtens
                0x0800d610       0x28 C:/ST/STM32CubeIDE_1.19.0/STM32CubeIDE/plugins/com.st.stm32cube.ide.mcu.externaltools.gnu-tools-for-stm32.13.3.rel1.win32_1.0.0.202411081344/tools/bin/../lib/gcc/arm-none-eabi/13.3.1/../../../../arm-none-eabi/lib/thumb/v7-m/nofp\libc_nano.a(libc_a-mprec.o)
                0x0800d610                __mprec_bigtens
 .rodata.__mprec_tens
                0x0800d638       0xc8 C:/ST/STM32CubeIDE_1.19.0/STM32CubeIDE/plugins/com.st.stm32cube.ide.mcu.externaltools.gnu-tools-for-stm32.13.3.rel1.win32_1.0.0.202411081344/tools/bin/../lib/gcc/arm-none-eabi/13.3.1/../../../../arm-none-eabi/lib/thumb/v7-m/nofp\libc_nano.a(libc_a-mprec.o)
                0x0800d638                __mprec_tens
 .rodata._strtod_l.str1.1
                0x0800d700        0xf C:/ST/STM32CubeIDE_1.19.0/STM32CubeIDE/plugins/com.st.stm32cube.ide.mcu.externaltools.gnu-tools-for-stm32.13.3.rel1.win32_1.0.0.202411081344/tools/bin/../lib/gcc/arm-none-eabi/13.3.1/../../../../arm-none-eabi/lib/thumb/v7-m/nofp\libc_nano.a(libc_a-strtod.o)
 .rodata.fpinan.0
                0x0800d700       0x14 C:/ST/STM32CubeIDE_1.19.0/STM32CubeIDE/plugins/com.st.stm32cube.ide.mcu.externaltools.gnu-tools-for-stm32.13.3.rel1.win32_1.0.0.202411081344/tools/bin/../lib/gcc/arm-none-eabi/13.3.1/../../../../arm-none-eabi/lib/thumb/v7-m/nofp\libc_nano.a(libc_a-strtod.o)
 .rodata.fpi.1  0x0800d714       0x14 C:/ST/STM32CubeIDE_1.19.0/STM32CubeIDE/plugins/com.st.stm32cube.ide.mcu.externaltools.gnu-tools-for-stm32.13.3.rel1.win32_1.0.0.202411081344/tools/bin/../lib/gcc/arm-none-eabi/13.3.1/../../../../arm-none-eabi/lib/thumb/v7-m/nofp\libc_nano.a(libc_a-strtod.o)
 .rodata.tinytens
                0x0800d728       0x28 C:/ST/STM32CubeIDE_1.19.0/STM32CubeIDE/plugins/com.st.stm32cube.ide.mcu.externaltools.gnu-tools-for-stm32.13.3.rel1.win32_1.0.0.202411081344/tools/bin/../lib/gcc/arm-none-eabi/13.3.1/../../../../arm-none-eabi/lib/thumb/v7-m/nofp\libc_nano.a(libc_a-strtod.o)
 .rodata._ctype_
                0x0800d750      0x101 C:/ST/STM32CubeIDE_1.19.0/STM32CubeIDE/plugins/com.st.stm32cube.ide.mcu.externaltools.gnu-tools-for-stm32.13.3.rel1.win32_1.0.0.202411081344/tools/bin/../lib/gcc/arm-none-eabi/13.3.1/../../../../arm-none-eabi/lib/thumb/v7-m/nofp\libc_nano.a(libc_a-ctype_.o)
                0x0800d750                _ctype_
 .rodata._svfprintf_r.str1.1
                0x0800d851       0x11 C:/ST/STM32CubeIDE_1.19.0/STM32CubeIDE/plugins/com.st.stm32cube.ide.mcu.externaltools.gnu-tools-for-stm32.13.3.rel1.win32_1.0.0.202411081344/tools/bin/../lib/gcc/arm-none-eabi/13.3.1/../../../../arm-none-eabi/lib/thumb/v7-m/nofp\libc_nano.a(libc_a-nano-svfprintf.o)
 .rodata._setlocale_r.str1.1
                0x0800d851        0x9 C:/ST/STM32CubeIDE_1.19.0/STM32CubeIDE/plugins/com.st.stm32cube.ide.mcu.externaltools.gnu-tools-for-stm32.13.3.rel1.win32_1.0.0.202411081344/tools/bin/../lib/gcc/arm-none-eabi/13.3.1/../../../../arm-none-eabi/lib/thumb/v7-m/nofp\libc_nano.a(libc_a-locale.o)
 .rodata.str1.1
                0x0800d851        0x2 C:/ST/STM32CubeIDE_1.19.0/STM32CubeIDE/plugins/com.st.stm32cube.ide.mcu.externaltools.gnu-tools-for-stm32.13.3.rel1.win32_1.0.0.202411081344/tools/bin/../lib/gcc/arm-none-eabi/13.3.1/../../../../arm-none-eabi/lib/thumb/v7-m/nofp\libc_nano.a(libc_a-locale.o)
 .rodata.__assert_func.str1.1
                0x0800d851       0x3d C:/ST/STM32CubeIDE_1.19.0/STM32CubeIDE/plugins/com.st.stm32cube.ide.mcu.externaltools.gnu-tools-for-stm32.13.3.rel1.win32_1.0.0.202411081344/tools/bin/../lib/gcc/arm-none-eabi/13.3.1/../../../../arm-none-eabi/lib/thumb/v7-m/nofp\libc_nano.a(libc_a-assert.o)
 .rodata.__gethex.str1.1
                0x0800d851       0x73 C:/ST/STM32CubeIDE_1.19.0/STM32CubeIDE/plugins/com.st.stm32cube.ide.mcu.externaltools.gnu-tools-for-stm32.13.3.rel1.win32_1.0.0.202411081344/tools/bin/../lib/gcc/arm-none-eabi/13.3.1/../../../../arm-none-eabi/lib/thumb/v7-m/nofp\libc_nano.a(libc_a-gdtoa-gethex.o)
 .rodata._vfprintf_r.str1.1
                0x0800d851       0x11 C:/ST/STM32CubeIDE_1.19.0/STM32CubeIDE/plugins/com.st.stm32cube.ide.mcu.externaltools.gnu-tools-for-stm32.13.3.rel1.win32_1.0.0.202411081344/tools/bin/../lib/gcc/arm-none-eabi/13.3.1/../../../../arm-none-eabi/lib/thumb/v7-m/nofp\libc_nano.a(libc_a-nano-vfprintf.o)
                0x0800d8c4                        . = ALIGN (0x4)
 *fill*         0x0800d851        0x3 

.ARM.extab      0x0800d854        0x0
                0x0800d854                        . = ALIGN (0x4)
 *(.ARM.extab* .gnu.linkonce.armextab.*)
                0x0800d854                        . = ALIGN (0x4)

.ARM            0x0800d854        0x8
                0x0800d854                        . = ALIGN (0x4)
                0x0800d854                        __exidx_start = .
 *(.ARM.exidx*)
 .ARM.exidx     0x0800d854        0x8 C:/ST/STM32CubeIDE_1.19.0/STM32CubeIDE/plugins/com.st.stm32cube.ide.mcu.externaltools.gnu-tools-for-stm32.13.3.rel1.win32_1.0.0.202411081344/tools/bin/../lib/gcc/arm-none-eabi/13.3.1/../../../../arm-none-eabi/lib/thumb/v7-m/nofp\libc_nano.a(libc_a-strlen.o)
                0x0800d85c                        __exidx_end = .
                0x0800d85c                        . = ALIGN (0x4)

.preinit_array  0x0800d85c        0x0
                0x0800d85c                        . = ALIGN (0x4)
                0x0800d85c                        PROVIDE (__preinit_array_start = .)
 *(.preinit_array*)
                0x0800d85c                        PROVIDE (__preinit_array_end = .)
                0x0800d85c                        . = ALIGN (0x4)

.init_array     0x0800d85c        0x4
                0x0800d85c                        . = ALIGN (0x4)
                0x0800d85c                        PROVIDE (__init_array_start = .)
 *(SORT_BY_NAME(.init_array.*))
 *(.init_array*)
 .init_array    0x0800d85c        0x4 C:/ST/STM32CubeIDE_1.19.0/STM32CubeIDE/plugins/com.st.stm32cube.ide.mcu.externaltools.gnu-tools-for-stm32.13.3.rel1.win32_1.0.0.202411081344/tools/bin/../lib/gcc/arm-none-eabi/13.3.1/thumb/v7-m/nofp/crtbegin.o
                0x0800d860                        PROVIDE (__init_array_end = .)
                0x0800d860                        . = ALIGN (0x4)

.fini_array     0x0800d860        0x4
                0x0800d860                        . = ALIGN (0x4)
                [!provide]                        PROVIDE (__fini_array_start = .)
 *(SORT_BY_NAME(.fini_array.*))
 *(.fini_array*)
 .fini_array    0x0800d860        0x4 C:/ST/STM32CubeIDE_1.19.0/STM32CubeIDE/plugins/com.st.stm32cube.ide.mcu.externaltools.gnu-tools-for-stm32.13.3.rel1.win32_1.0.0.202411081344/tools/bin/../lib/gcc/arm-none-eabi/13.3.1/thumb/v7-m/nofp/crtbegin.o
                [!provide]                        PROVIDE (__fini_array_end = .)
                0x0800d864                        . = ALIGN (0x4)
                0x0800d864                        _sidata = LOADADDR (.data)

.rel.dyn        0x0800d864        0x0
 .rel.iplt      0x0800d864        0x0 C:/ST/STM32CubeIDE_1.19.0/STM32CubeIDE/plugins/com.st.stm32cube.ide.mcu.externaltools.gnu-tools-for-stm32.13.3.rel1.win32_1.0.0.202411081344/tools/bin/../lib/gcc/arm-none-eabi/13.3.1/thumb/v7-m/nofp/crtbegin.o

.data           0x20000000      0x220 load address 0x0800d864
                0x20000000                        . = ALIGN (0x4)
                0x20000000                        _sdata = .
 *(.data)
 *(.data*)
 .data.status_print_task_id
                0x20000000        0x4 ./Core/Src/ADC.o
 .data.status_print_task_id
                0x20000004        0x4 ./Core/Src/DECODE_BATTERY_MANAGEMENT_SYSTEM.o
 .data.status_print_task_id
                0x20000008        0x4 ./Core/Src/DECODE_MOTOR_CONTROLLER.o
 .data.status_print_task_id
                0x2000000c        0x4 ./Core/Src/DWIN_DISPLAY.o
 .data.Hand_Brake_Index
                0x20000010        0x4 ./Core/Src/GPIO.o
 .data.Brake_Fluid_Index
                0x20000014        0x4 ./Core/Src/GPIO.o
 .data.Head_Light_Index
                0x20000018        0x4 ./Core/Src/GPIO.o
 .data.Charge_Index
                0x2000001c        0x4 ./Core/Src/GPIO.o
 .data.Left_Indicatior_Index
                0x20000020        0x4 ./Core/Src/GPIO.o
 .data.Right_Indicator_Index
                0x20000024        0x4 ./Core/Src/GPIO.o
 .data.Mppt_Index
                0x20000028        0x4 ./Core/Src/GPIO.o
 .data.status_print_task_id
                0x2000002c        0x4 ./Core/Src/GPIO.o
 .data.id       0x20000030       0x1a ./Core/Src/PROCESS.o
                0x20000030                id
 .data.id_size  0x2000004a        0x1 ./Core/Src/PROCESS.o
                0x2000004a                id_size
 *fill*         0x2000004b        0x1 
 .data.SystemCoreClock
                0x2000004c        0x4 ./Core/Src/system_stm32f1xx.o
                0x2000004c                SystemCoreClock
 .data.uwTickPrio
                0x20000050        0x4 ./Drivers/STM32F1xx_HAL_Driver/Src/stm32f1xx_hal.o
                0x20000050                uwTickPrio
 .data.uwTickFreq
                0x20000054        0x1 ./Drivers/STM32F1xx_HAL_Driver/Src/stm32f1xx_hal.o
                0x20000054                uwTickFreq
 *fill*         0x20000055        0x3 
 .data.__sglue  0x20000058        0xc C:/ST/STM32CubeIDE_1.19.0/STM32CubeIDE/plugins/com.st.stm32cube.ide.mcu.externaltools.gnu-tools-for-stm32.13.3.rel1.win32_1.0.0.202411081344/tools/bin/../lib/gcc/arm-none-eabi/13.3.1/../../../../arm-none-eabi/lib/thumb/v7-m/nofp\libc_nano.a(libc_a-findfp.o)
                0x20000058                __sglue
 .data._impure_ptr
                0x20000064        0x4 C:/ST/STM32CubeIDE_1.19.0/STM32CubeIDE/plugins/com.st.stm32cube.ide.mcu.externaltools.gnu-tools-for-stm32.13.3.rel1.win32_1.0.0.202411081344/tools/bin/../lib/gcc/arm-none-eabi/13.3.1/../../../../arm-none-eabi/lib/thumb/v7-m/nofp\libc_nano.a(libc_a-impure.o)
                0x20000064                _impure_ptr
 .data._impure_data
                0x20000068       0x4c C:/ST/STM32CubeIDE_1.19.0/STM32CubeIDE/plugins/com.st.stm32cube.ide.mcu.externaltools.gnu-tools-for-stm32.13.3.rel1.win32_1.0.0.202411081344/tools/bin/../lib/gcc/arm-none-eabi/13.3.1/../../../../arm-none-eabi/lib/thumb/v7-m/nofp\libc_nano.a(libc_a-impure.o)
                0x20000068                _impure_data
 .data.__global_locale
                0x200000b4      0x16c C:/ST/STM32CubeIDE_1.19.0/STM32CubeIDE/plugins/com.st.stm32cube.ide.mcu.externaltools.gnu-tools-for-stm32.13.3.rel1.win32_1.0.0.202411081344/tools/bin/../lib/gcc/arm-none-eabi/13.3.1/../../../../arm-none-eabi/lib/thumb/v7-m/nofp\libc_nano.a(libc_a-locale.o)
                0x200000b4                __global_locale
 *(.RamFunc)
 *(.RamFunc*)
                0x20000220                        . = ALIGN (0x4)
                0x20000220                        _edata = .

.igot.plt       0x20000220        0x0 load address 0x0800da84
 .igot.plt      0x20000220        0x0 C:/ST/STM32CubeIDE_1.19.0/STM32CubeIDE/plugins/com.st.stm32cube.ide.mcu.externaltools.gnu-tools-for-stm32.13.3.rel1.win32_1.0.0.202411081344/tools/bin/../lib/gcc/arm-none-eabi/13.3.1/thumb/v7-m/nofp/crtbegin.o
                0x20000220                        . = ALIGN (0x4)

.bss            0x20000220      0x600 load address 0x0800da84
                0x20000220                        _sbss = .
                0x20000220                        __bss_start__ = _sbss
 *(.bss)