Archive member included to satisfy reference by file (symbol)

C:/ST/STM32CubeIDE_1.19.0/STM32CubeIDE/plugins/com.st.stm32cube.ide.mcu.externaltools.gnu-tools-for-stm32.13.3.rel1.win32_1.0.0.202411081344/tools/bin/../lib/gcc/arm-none-eabi/13.3.1/../../../../arm-none-eabi/lib/thumb/v7-m/nofp\libc_nano.a(libc_a-exit.o)
                              C:/ST/STM32CubeIDE_1.19.0/STM32CubeIDE/plugins/com.st.stm32cube.ide.mcu.externaltools.gnu-tools-for-stm32.13.3.rel1.win32_1.0.0.202411081344/tools/bin/../lib/gcc/arm-none-eabi/13.3.1/../../../../arm-none-eabi/lib/thumb/v7-m/nofp/crt0.o (exit)
C:/ST/STM32CubeIDE_1.19.0/STM32CubeIDE/plugins/com.st.stm32cube.ide.mcu.externaltools.gnu-tools-for-stm32.13.3.rel1.win32_1.0.0.202411081344/tools/bin/../lib/gcc/arm-none-eabi/13.3.1/../../../../arm-none-eabi/lib/thumb/v7-m/nofp\libc_nano.a(libc_a-findfp.o)
                              C:/ST/STM32CubeIDE_1.19.0/STM32CubeIDE/plugins/com.st.stm32cube.ide.mcu.externaltools.gnu-tools-for-stm32.13.3.rel1.win32_1.0.0.202411081344/tools/bin/../lib/gcc/arm-none-eabi/13.3.1/../../../../arm-none-eabi/lib/thumb/v7-m/nofp\libc_nano.a(libc_a-exit.o) (__stdio_exit_handler)
C:/ST/STM32CubeIDE_1.19.0/STM32CubeIDE/plugins/com.st.stm32cube.ide.mcu.externaltools.gnu-tools-for-stm32.13.3.rel1.win32_1.0.0.202411081344/tools/bin/../lib/gcc/arm-none-eabi/13.3.1/../../../../arm-none-eabi/lib/thumb/v7-m/nofp\libc_nano.a(libc_a-fwalk.o)
                              C:/ST/STM32CubeIDE_1.19.0/STM32CubeIDE/plugins/com.st.stm32cube.ide.mcu.externaltools.gnu-tools-for-stm32.13.3.rel1.win32_1.0.0.202411081344/tools/bin/../lib/gcc/arm-none-eabi/13.3.1/../../../../arm-none-eabi/lib/thumb/v7-m/nofp\libc_nano.a(libc_a-findfp.o) (_fwalk_sglue)
C:/ST/STM32CubeIDE_1.19.0/STM32CubeIDE/plugins/com.st.stm32cube.ide.mcu.externaltools.gnu-tools-for-stm32.13.3.rel1.win32_1.0.0.202411081344/tools/bin/../lib/gcc/arm-none-eabi/13.3.1/../../../../arm-none-eabi/lib/thumb/v7-m/nofp\libc_nano.a(libc_a-stdio.o)
                              C:/ST/STM32CubeIDE_1.19.0/STM32CubeIDE/plugins/com.st.stm32cube.ide.mcu.externaltools.gnu-tools-for-stm32.13.3.rel1.win32_1.0.0.202411081344/tools/bin/../lib/gcc/arm-none-eabi/13.3.1/../../../../arm-none-eabi/lib/thumb/v7-m/nofp\libc_nano.a(libc_a-findfp.o) (__sread)
C:/ST/STM32CubeIDE_1.19.0/STM32CubeIDE/plugins/com.st.stm32cube.ide.mcu.externaltools.gnu-tools-for-stm32.13.3.rel1.win32_1.0.0.202411081344/tools/bin/../lib/gcc/arm-none-eabi/13.3.1/../../../../arm-none-eabi/lib/thumb/v7-m/nofp\libc_nano.a(libc_a-vsnprintf.o)
                              ./Core/Src/UART.o (vsnprintf)
C:/ST/STM32CubeIDE_1.19.0/STM32CubeIDE/plugins/com.st.stm32cube.ide.mcu.externaltools.gnu-tools-for-stm32.13.3.rel1.win32_1.0.0.202411081344/tools/bin/../lib/gcc/arm-none-eabi/13.3.1/../../../../arm-none-eabi/lib/thumb/v7-m/nofp\libc_nano.a(libc_a-memset.o)
                              C:/ST/STM32CubeIDE_1.19.0/STM32CubeIDE/plugins/com.st.stm32cube.ide.mcu.externaltools.gnu-tools-for-stm32.13.3.rel1.win32_1.0.0.202411081344/tools/bin/../lib/gcc/arm-none-eabi/13.3.1/../../../../arm-none-eabi/lib/thumb/v7-m/nofp/crt0.o (memset)
C:/ST/STM32CubeIDE_1.19.0/STM32CubeIDE/plugins/com.st.stm32cube.ide.mcu.externaltools.gnu-tools-for-stm32.13.3.rel1.win32_1.0.0.202411081344/tools/bin/../lib/gcc/arm-none-eabi/13.3.1/../../../../arm-none-eabi/lib/thumb/v7-m/nofp\libc_nano.a(libc_a-strncpy.o)
                              ./Core/Src/DECODE_MOTOR_CONTROLLER.o (strncpy)
C:/ST/STM32CubeIDE_1.19.0/STM32CubeIDE/plugins/com.st.stm32cube.ide.mcu.externaltools.gnu-tools-for-stm32.13.3.rel1.win32_1.0.0.202411081344/tools/bin/../lib/gcc/arm-none-eabi/13.3.1/../../../../arm-none-eabi/lib/thumb/v7-m/nofp\libc_nano.a(libc_a-closer.o)
                              C:/ST/STM32CubeIDE_1.19.0/STM32CubeIDE/plugins/com.st.stm32cube.ide.mcu.externaltools.gnu-tools-for-stm32.13.3.rel1.win32_1.0.0.202411081344/tools/bin/../lib/gcc/arm-none-eabi/13.3.1/../../../../arm-none-eabi/lib/thumb/v7-m/nofp\libc_nano.a(libc_a-stdio.o) (_close_r)
C:/ST/STM32CubeIDE_1.19.0/STM32CubeIDE/plugins/com.st.stm32cube.ide.mcu.externaltools.gnu-tools-for-stm32.13.3.rel1.win32_1.0.0.202411081344/tools/bin/../lib/gcc/arm-none-eabi/13.3.1/../../../../arm-none-eabi/lib/thumb/v7-m/nofp\libc_nano.a(libc_a-reent.o)
                              C:/ST/STM32CubeIDE_1.19.0/STM32CubeIDE/plugins/com.st.stm32cube.ide.mcu.externaltools.gnu-tools-for-stm32.13.3.rel1.win32_1.0.0.202411081344/tools/bin/../lib/gcc/arm-none-eabi/13.3.1/../../../../arm-none-eabi/lib/thumb/v7-m/nofp\libc_nano.a(libc_a-closer.o) (errno)
C:/ST/STM32CubeIDE_1.19.0/STM32CubeIDE/plugins/com.st.stm32cube.ide.mcu.externaltools.gnu-tools-for-stm32.13.3.rel1.win32_1.0.0.202411081344/tools/bin/../lib/gcc/arm-none-eabi/13.3.1/../../../../arm-none-eabi/lib/thumb/v7-m/nofp\libc_nano.a(libc_a-impure.o)
[...]
Memory Configuration

Name             Origin             Length             Attributes
RAM              0x20000000         0x00005000         xrw
FLASH            0x08000000         0x00020000         xr
*default*        0x00000000         0xffffffff

Linker script and memory map

LOAD C:/ST/STM32CubeIDE_1.19.0/STM32CubeIDE/plugins/com.st.stm32cube.ide.mcu.externaltools.gnu-tools-for-stm32.13.3.rel1.win32_1.0.0.202411081344/tools/bin/../lib/gcc/arm-none-eabi/13.3.1/thumb/v7-m/nofp/crti.o
LOAD C:/ST/STM32CubeIDE_1.19.0/STM32CubeIDE/plugins/com.st.stm32cube.ide.mcu.externaltools.gnu-tools-for-stm32.13.3.rel1.win32_1.0.0.202411081344/tools/bin/../lib/gcc/arm-none-eabi/13.3.1/thumb/v7-m/nofp/crtbegin.o
LOAD C:/ST/STM32CubeIDE_1.19.0/STM32CubeIDE/plugins/com.st.stm32cube.ide.mcu.externaltools.gnu-tools-for-stm32.13.3.rel1.win32_1.0.0.202411081344/tools/bin/../lib/gcc/arm-none-eabi/13.3.1/../../../../arm-none-eabi/lib/thumb/v7-m/nofp/crt0.o
LOAD ./Core/Src/ADC.o
LOAD ./Core/Src/CAN.o
LOAD ./Core/Src/DECODE_BATTERY_MANAGEMENT_SYSTEM.o
LOAD ./Core/Src/DECODE_MOTOR_CONTROLLER.o
LOAD ./Core/Src/DWIN_DISPLAY.o
LOAD ./Core/Src/GPIO.o
LOAD ./Core/Src/MCP2515.o
LOAD ./Core/Src/PROCESS.o
LOAD ./Core/Src/PROCESS_MOTOR_CONTROLLER.o
LOAD ./Core/Src/RCC.o
LOAD ./Core/Src/SPI.o
LOAD ./Core/Src/SYSTICK.o
LOAD ./Core/Src/TASK_TIMER.o
LOAD ./Core/Src/UART.o
LOAD ./Core/Src/main.o
LOAD ./Core/Src/stm32f1xx_hal_msp.o
LOAD ./Core/Src/stm32f1xx_it.o
LOAD ./Core/Src/syscalls.o
LOAD ./Core/Src/sysmem.o
LOAD ./Core/Src/system_stm32f1xx.o
LOAD ./Core/Startup/startup_stm32f103cbtx.o
LOAD ./Drivers/STM32F1xx_HAL_Driver/Src/stm32f1xx_hal.o
LOAD ./Drivers/STM32F1xx_HAL_Driver/Src/stm32f1xx_hal_cortex.o
LOAD ./Drivers/STM32F1xx_HAL_Driver/Src/stm32f1xx_hal_dma.o
LOAD ./Drivers/STM32F1xx_HAL_Driver/Src/stm32f1xx_hal_exti.o
LOAD ./Drivers/STM32F1xx_HAL_Driver/Src/stm32f1xx_hal_flash.o
LOAD ./Drivers/STM32F1xx_HAL_Driver/Src/stm32f1xx_hal_flash_ex.o
LOAD ./Drivers/STM32F1xx_HAL_Driver/Src/stm32f1xx_hal_gpio.o
LOAD ./Drivers/STM32F1xx_HAL_Driver/Src/stm32f1xx_hal_gpio_ex.o
LOAD ./Drivers/STM32F1xx_HAL_Driver/Src/stm32f1xx_hal_pwr.o
LOAD ./Drivers/STM32F1xx_HAL_Driver/Src/stm32f1xx_hal_rcc.o
LOAD ./Drivers/STM32F1xx_HAL_Driver/Src/stm32f1xx_hal_rcc_ex.o
START GROUP
LOAD C:/ST/STM32CubeIDE_1.19.0/STM32CubeIDE/plugins/com.st.stm32cube.ide.mcu.externaltools.gnu-tools-for-stm32.13.3.rel1.win32_1.0.0.202411081344/tools/bin/../lib/gcc/arm-none-eabi/13.3.1/../../../../arm-none-eabi/lib/thumb/v7-m/nofp\libc_nano.a
LOAD C:/ST/STM32CubeIDE_1.19.0/STM32CubeIDE/plugins/com.st.stm32cube.ide.mcu.externaltools.gnu-tools-for-stm32.13.3.rel1.win32_1.0.0.202411081344/tools/bin/../lib/gcc/arm-none-eabi/13.3.1/../../../../arm-none-eabi/lib/thumb/v7-m/nofp\libm.a
END GROUP
START GROUP
LOAD C:/ST/STM32CubeIDE_1.19.0/STM32CubeIDE/plugins/com.st.stm32cube.ide.mcu.externaltools.gnu-tools-for-stm32.13.3.rel1.win32_1.0.0.202411081344/tools/bin/../lib/gcc/arm-none-eabi/13.3.1/thumb/v7-m/nofp\libgcc.a
LOAD C:/ST/STM32CubeIDE_1.19.0/STM32CubeIDE/plugins/com.st.stm32cube.ide.mcu.externaltools.gnu-tools-for-stm32.13.3.rel1.win32_1.0.0.202411081344/tools/bin/../lib/gcc/arm-none-eabi/13.3.1/../../../../arm-none-eabi/lib/thumb/v7-m/nofp\libc_nano.a
END GROUP
START GROUP
LOAD C:/ST/STM32CubeIDE_1.19.0/STM32CubeIDE/plugins/com.st.stm32cube.ide.mcu.externaltools.gnu-tools-for-stm32.13.3.rel1.win32_1.0.0.202411081344/tools/bin/../lib/gcc/arm-none-eabi/13.3.1/thumb/v7-m/nofp\libgcc.a
LOAD C:/ST/STM32CubeIDE_1.19.0/STM32CubeIDE/plugins/com.st.stm32cube.ide.mcu.externaltools.gnu-tools-for-stm32.13.3.rel1.win32_1.0.0.202411081344/tools/bin/../lib/gcc/arm-none-eabi/13.3.1/../../../../arm-none-eabi/lib/thumb/v7-m/nofp\libc_nano.a
LOAD C:/ST/STM32CubeIDE_1.19.0/STM32CubeIDE/plugins/com.st.stm32cube.ide.mcu.externaltools.gnu-tools-for-stm32.13.3.rel1.win32_1.0.0.202411081344/tools/bin/../lib/gcc/arm-none-eabi/13.3.1/../../../../arm-none-eabi/lib/thumb/v7-m/nofp\libnosys.a
END GROUP
START GROUP
LOAD C:/ST/STM32CubeIDE_1.19.0/STM32CubeIDE/plugins/com.st.stm32cube.ide.mcu.externaltools.gnu-tools-for-stm32.13.3.rel1.win32_1.0.0.202411081344/tools/bin/../lib/gcc/arm-none-eabi/13.3.1/thumb/v7-m/nofp\libgcc.a
LOAD C:/ST/STM32CubeIDE_1.19.0/STM32CubeIDE/plugins/com.st.stm32cube.ide.mcu.externaltools.gnu-tools-for-stm32.13.3.rel1.win32_1.0.0.202411081344/tools/bin/../lib/gcc/arm-none-eabi/13.3.1/../../../../arm-none-eabi/lib/thumb/v7-m/nofp\libc_nano.a
LOAD C:/ST/STM32CubeIDE_1.19.0/STM32CubeIDE/plugins/com.st.stm32cube.ide.mcu.externaltools.gnu-tools-for-stm32.13.3.rel1.win32_1.0.0.202411081344/tools/bin/../lib/gcc/arm-none-eabi/13.3.1/../../../../arm-none-eabi/lib/thumb/v7-m/nofp\libnosys.a
END GROUP
LOAD C:/ST/STM32CubeIDE_1.19.0/STM32CubeIDE/plugins/com.st.stm32cube.ide.mcu.externaltools.gnu-tools-for-stm32.13.3.rel1.win32_1.0.0.202411081344/tools/bin/../lib/gcc/arm-none-eabi/13.3.1/thumb/v7-m/nofp/crtend.o
LOAD C:/ST/STM32CubeIDE_1.19.0/STM32CubeIDE/plugins/com.st.stm32cube.ide.mcu.externaltools.gnu-tools-for-stm32.13.3.rel1.win32_1.0.0.202411081344/tools/bin/../lib/gcc/arm-none-eabi/13.3.1/thumb/v7-m/nofp/crtn.o
                0x20005000                        _estack = (ORIGIN (RAM) + LENGTH (RAM))
                0x00000200                        _Min_Heap_Size = 0x200
                0x00000400                        _Min_Stack_Size = 0x400

.isr_vector     0x08000000      0x10c
                0x08000000                        . = ALIGN (0x4)
 *(.isr_vector)
 .isr_vector    0x08000000      0x10c ./Core/Startup/startup_stm32f103cbtx.o
                0x08000000                g_pfnVectors
                0x0800010c                        . = ALIGN (0x4)

.text           0x0800010c     0x6e98
                0x0800010c                        . = ALIGN (0x4)
 *(.text)
 .text          0x0800010c       0x40 C:/ST/STM32CubeIDE_1.19.0/STM32CubeIDE/plugins/com.st.stm32cube.ide.mcu.externaltools.gnu-tools-for-stm32.13.3.rel1.win32_1.0.0.202411081344/tools/bin/../lib/gcc/arm-none-eabi/13.3.1/thumb/v7-m/nofp/crtbegin.o
 .text          0x0800014c      0x378 C:/ST/STM32CubeIDE_1.19.0/STM32CubeIDE/plugins/com.st.stm32cube.ide.mcu.externaltools.gnu-tools-for-stm32.13.3.rel1.win32_1.0.0.202411081344/tools/bin/../lib/gcc/arm-none-eabi/13.3.1/thumb/v7-m/nofp\libgcc.a(_arm_addsubdf3.o)
                0x0800014c                __aeabi_drsub
                0x08000154                __aeabi_dsub
                0x08000154                __subdf3
                0x08000158                __aeabi_dadd
                0x08000158                __adddf3
                0x080003d0                __floatunsidf
                0x080003d0                __aeabi_ui2d
                0x080003f0                __floatsidf
                0x080003f0                __aeabi_i2d
                0x08000414                __aeabi_f2d
                0x08000414                __extendsfdf2
                0x08000458                __floatundidf
                0x08000458                __aeabi_ul2d
                0x08000468                __floatdidf
                0x08000468                __aeabi_l2d
 .text          0x080004c4      0x21c C:/ST/STM32CubeIDE_1.19.0/STM32CubeIDE/plugins/com.st.stm32cube.ide.mcu.externaltools.gnu-tools-for-stm32.13.3.rel1.win32_1.0.0.202411081344/tools/bin/../lib/gcc/arm-none-eabi/13.3.1/thumb/v7-m/nofp\libgcc.a(_arm_addsubsf3.o)
                0x080004c4                __aeabi_frsub
                0x080004cc                __subsf3
                0x080004cc                __aeabi_fsub
                0x080004d0                __aeabi_fadd
                0x080004d0                __addsf3
                0x08000630                __aeabi_ui2f
                0x08000630                __floatunsisf
                0x08000638                __aeabi_i2f
                0x08000638                __floatsisf
                0x08000654                __aeabi_ul2f
                0x08000654                __floatundisf
                0x08000664                __aeabi_l2f
                0x08000664                __floatdisf
 .text          0x080006e0      0x2a0 C:/ST/STM32CubeIDE_1.19.0/STM32CubeIDE/plugins/com.st.stm32cube.ide.mcu.externaltools.gnu-tools-for-stm32.13.3.rel1.win32_1.0.0.202411081344/tools/bin/../lib/gcc/arm-none-eabi/13.3.1/thumb/v7-m/nofp\libgcc.a(_arm_muldivsf3.o)
                0x080006e0                __mulsf3
                0x080006e0                __aeabi_fmul
                0x08000848                __aeabi_fdiv
                0x08000848                __divsf3
 .text          0x08000980       0xec C:/ST/STM32CubeIDE_1.19.0/STM32CubeIDE/plugins/com.st.stm32cube.ide.mcu.externaltools.gnu-tools-for-stm32.13.3.rel1.win32_1.0.0.202411081344/tools/bin/../lib/gcc/arm-none-eabi/13.3.1/thumb/v7-m/nofp\libgcc.a(_arm_cmpsf2.o)
                0x08000980                __gesf2
                0x08000980                __gtsf2
                0x08000988                __lesf2
                0x08000988                __ltsf2
                0x08000990                __nesf2
                0x08000990                __eqsf2
                0x08000990                __cmpsf2
                0x080009f0                __aeabi_cfrcmple
                0x080009f8                __aeabi_cfcmpeq
                0x080009f8                __aeabi_cfcmple
                0x08000a08                __aeabi_fcmpeq
                0x08000a1c                __aeabi_fcmplt
                0x08000a30                __aeabi_fcmple
                0x08000a44                __aeabi_fcmpge
                0x08000a58                __aeabi_fcmpgt
 .text          0x08000a6c       0x4c C:/ST/STM32CubeIDE_1.19.0/STM32CubeIDE/plugins/com.st.stm32cube.ide.mcu.externaltools.gnu-tools-for-stm32.13.3.rel1.win32_1.0.0.202411081344/tools/bin/../lib/gcc/arm-none-eabi/13.3.1/thumb/v7-m/nofp\libgcc.a(_arm_fixsfsi.o)
                0x08000a6c                __aeabi_f2iz
                0x08000a6c                __fixsfsi
 .text          0x08000ab8       0x40 C:/ST/STM32CubeIDE_1.19.0/STM32CubeIDE/plugins/com.st.stm32cube.ide.mcu.externaltools.gnu-tools-for-stm32.13.3.rel1.win32_1.0.0.202411081344/tools/bin/../lib/gcc/arm-none-eabi/13.3.1/thumb/v7-m/nofp\libgcc.a(_arm_fixunssfsi.o)
                0x08000ab8                __fixunssfsi
                0x08000ab8                __aeabi_f2uiz
 *(.text*)
 .text.ADC_Pin_Init
                0x08000af8       0x4c ./Core/Src/ADC.o
 .text.ADC_Set_Prescaler
                0x08000b44       0x80 ./Core/Src/ADC.o
 .text.ADC_Init
                0x08000bc4      0x1c8 ./Core/Src/ADC.o
 .text.ADC_Read_Channel
                0x08000d8c       0xd6 ./Core/Src/ADC.o
                0x08000d8c                ADC_Read_Channel
 *fill*         0x08000e62        0x2 
 .text.Battery_ADC_Get_Average
                0x08000e64       0x44 ./Core/Src/ADC.o
 .text.Battery_Voltage_Update
                0x08000ea8       0xb8 ./Core/Src/ADC.o
                0x08000ea8                Battery_Voltage_Update
 .text.Print_Adc_Data
                0x08000f60       0x78 ./Core/Src/ADC.o
 .text.Task_Id_For_Adc_Print
                0x08000fd8       0x38 ./Core/Src/ADC.o
 .text.Enable_Adc_Print_Task
                0x08001010        0xe ./Core/Src/ADC.o
                0x08001010                Enable_Adc_Print_Task
 .text.Update_Adc
                0x0800101e        0xc ./Core/Src/ADC.o
                0x0800101e                Update_Adc
 *fill*         0x0800102a        0x2 
 .text.Get_Adc_Data
                0x0800102c       0x30 ./Core/Src/ADC.o
                0x0800102c                Get_Adc_Data
 .text.Analog_To_Digital_Converter_Init
                0x0800105c       0x70 ./Core/Src/ADC.o
                0x0800105c                Analog_To_Digital_Converter_Init
 .text.CAN_Filter_Init
                0x080010cc      0x270 ./Core/Src/CAN.o
 .text.CAN1_Set_Bit_Timing
                0x0800133c       0x94 ./Core/Src/CAN.o
 .text.CAN1_Init
                0x080013d0      0x114 ./Core/Src/CAN.o
 .text.CAN1_Tx_Frame
                0x080014e4      0x190 ./Core/Src/CAN.o
 .text.CAN1_Rx_Frame
                0x08001674      0x114 ./Core/Src/CAN.o
 .text.CAN_Get_Free_Tx_Mailbox
                0x08001788       0x48 ./Core/Src/CAN.o
 .text.CAN_Message_Pending
                0x080017d0       0x34 ./Core/Src/CAN.o
 .text.Configure_Can_filter_Ids
                0x08001804       0x30 ./Core/Src/CAN.o
                0x08001804                Configure_Can_filter_Ids
 .text.Can_Send_Frame
                0x08001834       0x2e ./Core/Src/CAN.o
                0x08001834                Can_Send_Frame
 .text.Can_Collect_Frame
                0x08001862       0x2e ./Core/Src/CAN.o
                0x08001862                Can_Collect_Frame
 .text.Controller_Area_Network_Init
                0x08001890        0xe ./Core/Src/CAN.o
                0x08001890                Controller_Area_Network_Init
 *fill*         0x0800189e        0x2 
 .text.Decode_CAN_0x100
                0x080018a0       0xa0 ./Core/Src/DECODE_BATTERY_MANAGEMENT_SYSTEM.o
 .text.Decode_CAN_0x101
                0x08001940       0x8c ./Core/Src/DECODE_BATTERY_MANAGEMENT_SYSTEM.o
 .text.Decode_CAN_0x103
                0x080019cc       0x7a ./Core/Src/DECODE_BATTERY_MANAGEMENT_SYSTEM.o
                0x080019cc                Decode_CAN_0x103
 .text.Decode_CAN_0x102
                0x08001a46       0xd6 ./Core/Src/DECODE_BATTERY_MANAGEMENT_SYSTEM.o
 .text.Decode_CAN_0x104
                0x08001b1c       0x36 ./Core/Src/DECODE_BATTERY_MANAGEMENT_SYSTEM.o
 *fill*         0x08001b52        0x2 
 .text.Decode_CAN_0x105
                0x08001b54       0xfc ./Core/Src/DECODE_BATTERY_MANAGEMENT_SYSTEM.o
 .text.Decode_CAN_0x106
                0x08001c50       0xf0 ./Core/Src/DECODE_BATTERY_MANAGEMENT_SYSTEM.o
 .text.Decode_CAN_0x107
                0x08001d40       0xa0 ./Core/Src/DECODE_BATTERY_MANAGEMENT_SYSTEM.o
 .text.Decode_CAN_0x108
                0x08001de0       0xa0 ./Core/Src/DECODE_BATTERY_MANAGEMENT_SYSTEM.o
 .text.Decode_CAN_0x109
                0x08001e80       0xa0 ./Core/Src/DECODE_BATTERY_MANAGEMENT_SYSTEM.o
 .text.Decode_CAN_0x10A
                0x08001f20       0xa0 ./Core/Src/DECODE_BATTERY_MANAGEMENT_SYSTEM.o
 .text.Decode_CAN_0x10B
                0x08001fc0       0xa0 ./Core/Src/DECODE_BATTERY_MANAGEMENT_SYSTEM.o
 .text.Decode_CAN_0x10C
                0x08002060       0x50 ./Core/Src/DECODE_BATTERY_MANAGEMENT_SYSTEM.o
 .text.Print_Jbd_Bms_0x100_t
                0x080020b0       0x54 ./Core/Src/DECODE_BATTERY_MANAGEMENT_SYSTEM.o
 .text.Print_Jbd_Bms_0x105_t
                0x08002104       0x54 ./Core/Src/DECODE_BATTERY_MANAGEMENT_SYSTEM.o
 .text.Print_Jbd_Bms_0x106_t
                0x08002158       0x54 ./Core/Src/DECODE_BATTERY_MANAGEMENT_SYSTEM.o
 .text.Print_Jbd_Bms_0x107_t
                0x080021ac       0x54 ./Core/Src/DECODE_BATTERY_MANAGEMENT_SYSTEM.o
 .text.Print_Jbd_Bms_0x108_t
                0x08002200       0x54 ./Core/Src/DECODE_BATTERY_MANAGEMENT_SYSTEM.o
 .text.Print_Jbd_Bms_0x109_t
                0x08002254       0x54 ./Core/Src/DECODE_BATTERY_MANAGEMENT_SYSTEM.o
 .text.Print_Jbd_Bms_0x10A_t
                0x080022a8       0x54 ./Core/Src/DECODE_BATTERY_MANAGEMENT_SYSTEM.o
 .text.Print_Jbd_Bms_0x10B_t
                0x080022fc       0x54 ./Core/Src/DECODE_BATTERY_MANAGEMENT_SYSTEM.o
 .text.Print_Jbd_Bms_0x10C_t
                0x08002350       0x34 ./Core/Src/DECODE_BATTERY_MANAGEMENT_SYSTEM.o
 .text.Print_Bms_Messages
                0x08002384       0x78 ./Core/Src/DECODE_BATTERY_MANAGEMENT_SYSTEM.o
 .text.Process_Bms_Messages
                0x080023fc      0x1c0 ./Core/Src/DECODE_BATTERY_MANAGEMENT_SYSTEM.o
                0x080023fc                Process_Bms_Messages
 .text.Task_Id_For_Bms_Print
                0x080025bc       0x38 ./Core/Src/DECODE_BATTERY_MANAGEMENT_SYSTEM.o
 .text.Enable_Bms_Print_Task
                0x080025f4        0xe ./Core/Src/DECODE_BATTERY_MANAGEMENT_SYSTEM.o
                0x080025f4                Enable_Bms_Print_Task
 *fill*         0x08002602        0x2 
 .text.Get_Bms_Data
                0x08002604       0xf0 ./Core/Src/DECODE_BATTERY_MANAGEMENT_SYSTEM.o
                0x08002604                Get_Bms_Data
 .text.Extract_Raw_signal_Intel
                0x080026f4       0xe0 ./Core/Src/DECODE_MOTOR_CONTROLLER.o
 .text.Decode_MCU_0x011
                0x080027d4       0xfc ./Core/Src/DECODE_MOTOR_CONTROLLER.o
 .text.Decode_MCU_0x012
                0x080028d0      0x128 ./Core/Src/DECODE_MOTOR_CONTROLLER.o
 .text.Decode_MCU_0x013
                0x080029f8       0xd4 ./Core/Src/DECODE_MOTOR_CONTROLLER.o
 .text.Decode_MCU_0x014
                0x08002acc       0x6c ./Core/Src/DECODE_MOTOR_CONTROLLER.o
 .text.Print_MCU_Msg_0x011
                0x08002b38       0xf0 ./Core/Src/DECODE_MOTOR_CONTROLLER.o
 .text.Print_MCU_Msg_0x012
                0x08002c28       0xe8 ./Core/Src/DECODE_MOTOR_CONTROLLER.o
 .text.Print_MCU_Msg_0x013
                0x08002d10       0xb4 ./Core/Src/DECODE_MOTOR_CONTROLLER.o
 .text.Print_MCU_Msg_0x014
                0x08002dc4       0x90 ./Core/Src/DECODE_MOTOR_CONTROLLER.o
 .text.Print_Motor_Messages
                0x08002e54       0x48 ./Core/Src/DECODE_MOTOR_CONTROLLER.o
                0x08002e54                Print_Motor_Messages
 .text.Process_Motor_Controller_Messages
                0x08002e9c       0x98 ./Core/Src/DECODE_MOTOR_CONTROLLER.o
                0x08002e9c                Process_Motor_Controller_Messages
 .text.Task_Id_For_Mcu_Print
                0x08002f34       0x38 ./Core/Src/DECODE_MOTOR_CONTROLLER.o
 .text.Enable_Mcu_Print_Task
                0x08002f6c        0xe ./Core/Src/DECODE_MOTOR_CONTROLLER.o
                0x08002f6c                Enable_Mcu_Print_Task
 *fill*         0x08002f7a        0x2 
 .text.Get_Mcu_Data
                0x08002f7c      0x174 ./Core/Src/DECODE_MOTOR_CONTROLLER.o
                0x08002f7c                Get_Mcu_Data
 .text.Send_Cmd
                0x080030f0       0xf4 ./Core/Src/DWIN_DISPLAY.o
 .text.DWIN_Write_VP
                0x080031e4       0x36 ./Core/Src/DWIN_DISPLAY.o
 *fill*         0x0800321a        0x2 
 .text.Update_Dwin_Display
                0x0800321c      0x14c ./Core/Src/DWIN_DISPLAY.o
 .text.Update_Display_strucutres
                0x08003368       0x3c ./Core/Src/DWIN_DISPLAY.o
 .text.Display_Update_All
                0x080033a4       0x10 ./Core/Src/DWIN_DISPLAY.o
                0x080033a4                Display_Update_All
 .text.Print_Display_Data
                0x080033b4      0x40c ./Core/Src/DWIN_DISPLAY.o
 .text.Task_Id_For_Dispaly_Print
                0x080037c0       0x38 ./Core/Src/DWIN_DISPLAY.o
 .text.Enable_Display_Print_Task
                0x080037f8        0xe ./Core/Src/DWIN_DISPLAY.o
                0x080037f8                Enable_Display_Print_Task
 *fill*         0x08003806        0x2 
 .text.Input_Pin_Init
                0x08003808      0x130 ./Core/Src/GPIO.o
 .text.Output_Pin_Init
                0x08003938      0x128 ./Core/Src/GPIO.o
 .text.Debounce_Get_State
                0x08003a60       0x60 ./Core/Src/GPIO.o
 .text.Gpio_Update_Input_States
                0x08003ac0      0x120 ./Core/Src/GPIO.o
 .text.GPIO_Set_Reset_Verify
                0x08003be0       0x78 ./Core/Src/GPIO.o
                0x08003be0                GPIO_Set_Reset_Verify
 .text.Gpio_Update_Output_Pins
                0x08003c58       0x50 ./Core/Src/GPIO.o
 .text.Digital_Input_Pins_Init
                0x08003ca8       0x58 ./Core/Src/GPIO.o
 .text.Digital_Output_Pins_Init
                0x08003d00       0x64 ./Core/Src/GPIO.o
 .text.Debounce_Read_Pin
                0x08003d64       0x2c ./Core/Src/GPIO.o
 .text.Debounce_Update_Pin
                0x08003d90       0xb4 ./Core/Src/GPIO.o
 .text.Debounce_Init
                0x08003e44       0x38 ./Core/Src/GPIO.o
 .text.Debounce_Register_Pin
                0x08003e7c      0x15c ./Core/Src/GPIO.o
 .text.Debounce_Update_All
                0x08003fd8       0xb0 ./Core/Src/GPIO.o
 .text.Debounce_Get_Raw_State
                0x08004088       0x60 ./Core/Src/GPIO.o
 .text.Debounce_Pins_Init
                0x080040e8      0x12c ./Core/Src/GPIO.o
 .text.Update_Gpio_Pins
                0x08004214       0x14 ./Core/Src/GPIO.o
 .text.Debounce_Print_Status
                0x08004228       0xac ./Core/Src/GPIO.o
 .text.Print_Gpio_Data
                0x080042d4      0x120 ./Core/Src/GPIO.o
 .text.Task_Id_For_Gpio_Print
                0x080043f4       0x38 ./Core/Src/GPIO.o
 .text.Update_Gpio
                0x0800442c        0xc ./Core/Src/GPIO.o
                0x0800442c                Update_Gpio
 .text.Get_IO_Data
                0x08004438       0x48 ./Core/Src/GPIO.o
                0x08004438                Get_IO_Data
 .text.Enable_Gpio_Print_Task
                0x08004480        0xe ./Core/Src/GPIO.o
                0x08004480                Enable_Gpio_Print_Task
 .text.General_Purpose_Input_Output_Init
                0x0800448e       0x46 ./Core/Src/GPIO.o
                0x0800448e                General_Purpose_Input_Output_Init
 .text.MCP2515_Read_Register
                0x080044d4       0x38 ./Core/Src/MCP2515.o
 .text.MCP2515_Get_Mode
                0x0800450c       0x16 ./Core/Src/MCP2515.o
 .text.MCP2515_Bit_Modify
                0x08004522       0x44 ./Core/Src/MCP2515.o
 .text.MCP2515_Clear_Rx_Buffer
                0x08004566       0x34 ./Core/Src/MCP2515.o
 .text.MCP2515_Write_Register
                0x0800459a       0x3a ./Core/Src/MCP2515.o
 .text.MCP2515_Set_Mode
                0x080045d4       0x48 ./Core/Src/MCP2515.o
 .text.MCP2515_Read_Rx_Buffer
                0x0800461c       0xf8 ./Core/Src/MCP2515.o
 .text.MCP2515_Receive_Message
                0x08004714       0x54 ./Core/Src/MCP2515.o
 .text.MCP2515_Set_Bitrate
                0x08004768       0x8c ./Core/Src/MCP2515.o
 .text.MCP2515_Set_Filter
                0x080047f4      0x12c ./Core/Src/MCP2515.o
 .text.MCP2515_Set_Mask
                0x08004920       0xec ./Core/Src/MCP2515.o
 .text.MCP2515_Reset
                0x08004a0c       0x38 ./Core/Src/MCP2515.o
 .text.MCP2515_Set_Filters
                0x08004a44       0xe0 ./Core/Src/MCP2515.o
 .text.MCP2515_Is_Message_Available
                0x08004b24       0x28 ./Core/Src/MCP2515.o
 .text.MCP2515_Init
                0x08004b4c       0x5e ./Core/Src/MCP2515.o
 .text.Micro_Chip_Product_2515_Init
                0x08004baa       0x12 ./Core/Src/MCP2515.o
                0x08004baa                Micro_Chip_Product_2515_Init
 .text.MCP2515_Can_Collect_Frame
                0x08004bbc       0x26 ./Core/Src/MCP2515.o
                0x08004bbc                MCP2515_Can_Collect_Frame
 *fill*         0x08004be2        0x2 
 .text.Configure_Mcp2515_Can_Ids
                0x08004be4       0x2c ./Core/Src/MCP2515.o
                0x08004be4                Configure_Mcp2515_Can_Ids
 .text.Process_Can_Messages
                0x08004c10       0x40 ./Core/Src/PROCESS.o
                0x08004c10                Process_Can_Messages
 .text.Request_Bms_Messages
                0x08004c50       0x60 ./Core/Src/PROCESS.o
                0x08004c50                Request_Bms_Messages
 .text.system_clock_init_to_72MHZ
                0x08004cb0       0xac ./Core/Src/RCC.o
 .text.Get_SYSCLK_freq
                0x08004d5c       0xa8 ./Core/Src/RCC.o
                0x08004d5c                Get_SYSCLK_freq
 .text.Get_AHB_freq
                0x08004e04       0x54 ./Core/Src/RCC.o
                0x08004e04                Get_AHB_freq
 .text.Get_APB1_freq
                0x08004e58       0x4c ./Core/Src/RCC.o
                0x08004e58                Get_APB1_freq
 .text.Get_APB2_freq
                0x08004ea4       0x4c ./Core/Src/RCC.o
                0x08004ea4                Get_APB2_freq
 .text.Stm32f103_System_Clock_Init
                0x08004ef0        0xc ./Core/Src/RCC.o
                0x08004ef0                Stm32f103_System_Clock_Init
 .text.SPI2_Init
                0x08004efc      0x134 ./Core/Src/SPI.o
 .text.SPI2_Chip_Select
                0x08005030       0x30 ./Core/Src/SPI.o
                0x08005030                SPI2_Chip_Select
 .text.SPI2_Transmit_Receive_Byte
                0x08005060       0x70 ./Core/Src/SPI.o
                0x08005060                SPI2_Transmit_Receive_Byte
 .text.Serial_Peripheral_Interface_Init
                0x080050d0        0xe ./Core/Src/SPI.o
                0x080050d0                Serial_Peripheral_Interface_Init
 *fill*         0x080050de        0x2 
 .text.Systick_Timer_Init
                0x080050e0       0x50 ./Core/Src/SYSTICK.o
 .text.Get_Tick_Ms
                0x08005130       0x14 ./Core/Src/SYSTICK.o
                0x08005130                Get_Tick_Ms
 .text.Core_Timer_Init
                0x08005144        0xe ./Core/Src/SYSTICK.o
                0x08005144                Core_Timer_Init
 *fill*         0x08005152        0x2 
 .text.Task_Timer_Init
                0x08005154       0x6c ./Core/Src/TASK_TIMER.o
                0x08005154                Task_Timer_Init
 .text.Task_Timer_Register
                0x080051c0       0x98 ./Core/Src/TASK_TIMER.o
                0x080051c0                Task_Timer_Register
 .text.Task_Timer_Run_All
                0x08005258       0x9c ./Core/Src/TASK_TIMER.o
                0x08005258                Task_Timer_Run_All
 .text.Task_Timer_Delete
                0x080052f4       0x68 ./Core/Src/TASK_TIMER.o
                0x080052f4                Task_Timer_Delete
 .text.Enable_Task_Timer_Init
                0x0800535c        0xe ./Core/Src/TASK_TIMER.o
                0x0800535c                Enable_Task_Timer_Init
 .text.Calculate_BRR
                0x0800536a       0x6a ./Core/Src/UART.o
 .text.UART1_Init
                0x080053d4       0xa4 ./Core/Src/UART.o
 .text.UART3_Init
                0x08005478       0xa4 ./Core/Src/UART.o
 .text.USART1_Send_Char
                0x0800551c       0x48 ./Core/Src/UART.o
                0x0800551c                USART1_Send_Char
 .text.USART1_Send_String
                0x08005564       0x2a ./Core/Src/UART.o
                0x08005564                USART1_Send_String
 .text.Send_On_Display_Uart
                0x0800558e       0x38 ./Core/Src/UART.o
                0x0800558e                Send_On_Display_Uart
 .text.Uart_Printf
                0x080055c6       0x30 ./Core/Src/UART.o
                0x080055c6                Uart_Printf
 .text.Universal_Asyn_Rx_Tx_1_Init
                0x080055f6        0xe ./Core/Src/UART.o
                0x080055f6                Universal_Asyn_Rx_Tx_1_Init
 .text.Universal_Asyn_Rx_Tx_3_Init
                0x08005604        0xe ./Core/Src/UART.o
                0x08005604                Universal_Asyn_Rx_Tx_3_Init
 *fill*         0x08005612        0x2 
 .text.main     0x08005614      0x294 ./Core/Src/main.o
                0x08005614                main
 .text.SystemClock_Config
                0x080058a8       0x76 ./Core/Src/main.o
                0x080058a8                SystemClock_Config
 *fill*         0x0800591e        0x2 
 .text.LED_Init
                0x08005920       0x40 ./Core/Src/main.o
                0x08005920                LED_Init
 .text.Error_Handler
                0x08005960       0x24 ./Core/Src/main.o
                0x08005960                Error_Handler
 .text.HAL_MspInit
                0x08005984       0x64 ./Core/Src/stm32f1xx_hal_msp.o
                0x08005984                HAL_MspInit
 .text.NMI_Handler
                0x080059e8        0x8 ./Core/Src/stm32f1xx_it.o
                0x080059e8                NMI_Handler
 .text.HardFault_Handler
                0x080059f0        0x8 ./Core/Src/stm32f1xx_it.o
                0x080059f0                HardFault_Handler
 .text.MemManage_Handler
                0x080059f8        0x8 ./Core/Src/stm32f1xx_it.o
                0x080059f8                MemManage_Handler
 .text.BusFault_Handler
                0x08005a00        0x8 ./Core/Src/stm32f1xx_it.o
                0x08005a00                BusFault_Handler
 .text.UsageFault_Handler
                0x08005a08        0x8 ./Core/Src/stm32f1xx_it.o
                0x08005a08                UsageFault_Handler
 .text.SVC_Handler
                0x08005a10        0xc ./Core/Src/stm32f1xx_it.o
                0x08005a10                SVC_Handler
 .text.DebugMon_Handler
                0x08005a1c        0xc ./Core/Src/stm32f1xx_it.o
                0x08005a1c                DebugMon_Handler
 .text.PendSV_Handler
                0x08005a28        0xc ./Core/Src/stm32f1xx_it.o
                0x08005a28                PendSV_Handler
 .text.SysTick_Handler
                0x08005a34       0x1c ./Core/Src/stm32f1xx_it.o
                0x08005a34                SysTick_Handler
 .text._sbrk    0x08005a50       0x6c ./Core/Src/sysmem.o
                0x08005a50                _sbrk
 .text.SystemInit
                0x08005abc        0xc ./Core/Src/system_stm32f1xx.o
                0x08005abc                SystemInit
 .text.Reset_Handler
                0x08005ac8       0x48 ./Core/Startup/startup_stm32f103cbtx.o
                0x08005ac8                Reset_Handler
 .text.Default_Handler
                0x08005b10        0x2 ./Core/Startup/startup_stm32f103cbtx.o
                0x08005b10                RTC_Alarm_IRQHandler
                0x08005b10                EXTI2_IRQHandler
                0x08005b10                TIM1_CC_IRQHandler
                0x08005b10                PVD_IRQHandler
                0x08005b10                EXTI3_IRQHandler
                0x08005b10                EXTI0_IRQHandler
                0x08005b10                I2C2_EV_IRQHandler
                0x08005b10                ADC1_2_IRQHandler
                0x08005b10                SPI1_IRQHandler
                0x08005b10                TAMPER_IRQHandler
                0x08005b10                DMA1_Channel4_IRQHandler
                0x08005b10                USART3_IRQHandler
                0x08005b10                RTC_IRQHandler
                0x08005b10                DMA1_Channel7_IRQHandler
                0x08005b10                CAN1_RX1_IRQHandler
                0x08005b10                TIM4_IRQHandler
                0x08005b10                I2C1_EV_IRQHandler
                0x08005b10                DMA1_Channel6_IRQHandler
                0x08005b10                TIM3_IRQHandler
                0x08005b10                RCC_IRQHandler
                0x08005b10                TIM1_TRG_COM_IRQHandler
                0x08005b10                DMA1_Channel1_IRQHandler
                0x08005b10                Default_Handler
                0x08005b10                EXTI15_10_IRQHandler
                0x08005b10                EXTI9_5_IRQHandler
                0x08005b10                SPI2_IRQHandler
                0x08005b10                DMA1_Channel5_IRQHandler
                0x08005b10                EXTI4_IRQHandler
                0x08005b10                USB_LP_CAN1_RX0_IRQHandler
                0x08005b10                USB_HP_CAN1_TX_IRQHandler
                0x08005b10                DMA1_Channel3_IRQHandler
                0x08005b10                TIM1_UP_IRQHandler
                0x08005b10                WWDG_IRQHandler
                0x08005b10                TIM2_IRQHandler
                0x08005b10                TIM1_BRK_IRQHandler
                0x08005b10                EXTI1_IRQHandler
                0x08005b10                USART2_IRQHandler
                0x08005b10                I2C2_ER_IRQHandler
                0x08005b10                DMA1_Channel2_IRQHandler
                0x08005b10                CAN1_SCE_IRQHandler
                0x08005b10                FLASH_IRQHandler
                0x08005b10                USART1_IRQHandler
                0x08005b10                I2C1_ER_IRQHandler
                0x08005b10                USBWakeUp_IRQHandler
 *fill*         0x08005b12        0x2 
 .text.HAL_Init
                0x08005b14       0x2c ./Drivers/STM32F1xx_HAL_Driver/Src/stm32f1xx_hal.o
                0x08005b14                HAL_Init
 .text.HAL_InitTick
                0x08005b40       0x60 ./Drivers/STM32F1xx_HAL_Driver/Src/stm32f1xx_hal.o
                0x08005b40                HAL_InitTick
 .text.HAL_IncTick
                0x08005ba0       0x24 ./Drivers/STM32F1xx_HAL_Driver/Src/stm32f1xx_hal.o
                0x08005ba0                HAL_IncTick
 .text.HAL_GetTick
                0x08005bc4       0x14 ./Drivers/STM32F1xx_HAL_Driver/Src/stm32f1xx_hal.o
                0x08005bc4                HAL_GetTick
 .text.HAL_Delay
                0x08005bd8       0x48 ./Drivers/STM32F1xx_HAL_Driver/Src/stm32f1xx_hal.o
                0x08005bd8                HAL_Delay
 .text.__NVIC_SetPriorityGrouping
                0x08005c20       0x48 ./Drivers/STM32F1xx_HAL_Driver/Src/stm32f1xx_hal_cortex.o
 .text.__NVIC_GetPriorityGrouping
                0x08005c68       0x1c ./Drivers/STM32F1xx_HAL_Driver/Src/stm32f1xx_hal_cortex.o
 .text.__NVIC_SetPriority
                0x08005c84       0x54 ./Drivers/STM32F1xx_HAL_Driver/Src/stm32f1xx_hal_cortex.o
 .text.NVIC_EncodePriority
                0x08005cd8       0x64 ./Drivers/STM32F1xx_HAL_Driver/Src/stm32f1xx_hal_cortex.o
 .text.SysTick_Config
                0x08005d3c       0x44 ./Drivers/STM32F1xx_HAL_Driver/Src/stm32f1xx_hal_cortex.o
 .text.HAL_NVIC_SetPriorityGrouping
                0x08005d80       0x16 ./Drivers/STM32F1xx_HAL_Driver/Src/stm32f1xx_hal_cortex.o
                0x08005d80                HAL_NVIC_SetPriorityGrouping
 .text.HAL_NVIC_SetPriority
                0x08005d96       0x38 ./Drivers/STM32F1xx_HAL_Driver/Src/stm32f1xx_hal_cortex.o
                0x08005d96                HAL_NVIC_SetPriority
 .text.HAL_SYSTICK_Config
                0x08005dce       0x18 ./Drivers/STM32F1xx_HAL_Driver/Src/stm32f1xx_hal_cortex.o
                0x08005dce                HAL_SYSTICK_Config
 .text.HAL_GPIO_ReadPin
                0x08005de6       0x2e ./Drivers/STM32F1xx_HAL_Driver/Src/stm32f1xx_hal_gpio.o
                0x08005de6                HAL_GPIO_ReadPin
 .text.HAL_RCC_OscConfig
                0x08005e14      0x504 ./Drivers/STM32F1xx_HAL_Driver/Src/stm32f1xx_hal_rcc.o
                0x08005e14                HAL_RCC_OscConfig
 .text.HAL_RCC_ClockConfig
                0x08006318      0x1d4 ./Drivers/STM32F1xx_HAL_Driver/Src/stm32f1xx_hal_rcc.o
                0x08006318                HAL_RCC_ClockConfig
 .text.HAL_RCC_GetSysClockFreq
                0x080064ec       0xa8 ./Drivers/STM32F1xx_HAL_Driver/Src/stm32f1xx_hal_rcc.o
                0x080064ec                HAL_RCC_GetSysClockFreq
 .text.RCC_Delay
                0x08006594       0x3c ./Drivers/STM32F1xx_HAL_Driver/Src/stm32f1xx_hal_rcc.o
 .text._vsnprintf_r
                0x080065d0       0x5c C:/ST/STM32CubeIDE_1.19.0/STM32CubeIDE/plugins/com.st.stm32cube.ide.mcu.externaltools.gnu-tools-for-stm32.13.3.rel1.win32_1.0.0.202411081344/tools/bin/../lib/gcc/arm-none-eabi/13.3.1/../../../../arm-none-eabi/lib/thumb/v7-m/nofp\libc_nano.a(libc_a-vsnprintf.o)
                0x080065d0                _vsniprintf_r
                0x080065d0                _vsnprintf_r
 .text.vsnprintf
                0x0800662c       0x1c C:/ST/STM32CubeIDE_1.19.0/STM32CubeIDE/plugins/com.st.stm32cube.ide.mcu.externaltools.gnu-tools-for-stm32.13.3.rel1.win32_1.0.0.202411081344/tools/bin/../lib/gcc/arm-none-eabi/13.3.1/../../../../arm-none-eabi/lib/thumb/v7-m/nofp\libc_nano.a(libc_a-vsnprintf.o)
                0x0800662c                vsniprintf
                0x0800662c                vsnprintf
 .text.memset   0x08006648       0x10 C:/ST/STM32CubeIDE_1.19.0/STM32CubeIDE/plugins/com.st.stm32cube.ide.mcu.externaltools.gnu-tools-for-stm32.13.3.rel1.win32_1.0.0.202411081344/tools/bin/../lib/gcc/arm-none-eabi/13.3.1/../../../../arm-none-eabi/lib/thumb/v7-m/nofp\libc_nano.a(libc_a-memset.o)
                0x08006648                memset
 .text.strncpy  0x08006658       0x26 C:/ST/STM32CubeIDE_1.19.0/STM32CubeIDE/plugins/com.st.stm32cube.ide.mcu.externaltools.gnu-tools-for-stm32.13.3.rel1.win32_1.0.0.202411081344/tools/bin/../lib/gcc/arm-none-eabi/13.3.1/../../../../arm-none-eabi/lib/thumb/v7-m/nofp\libc_nano.a(libc_a-strncpy.o)
                0x08006658                strncpy
 *fill*         0x0800667e        0x2 
 .text.__errno  0x08006680        0xc C:/ST/STM32CubeIDE_1.19.0/STM32CubeIDE/plugins/com.st.stm32cube.ide.mcu.externaltools.gnu-tools-for-stm32.13.3.rel1.win32_1.0.0.202411081344/tools/bin/../lib/gcc/arm-none-eabi/13.3.1/../../../../arm-none-eabi/lib/thumb/v7-m/nofp\libc_nano.a(libc_a-errno.o)
                0x08006680                __errno
 .text.__libc_init_array
                0x0800668c       0x48 C:/ST/STM32CubeIDE_1.19.0/STM32CubeIDE/plugins/com.st.stm32cube.ide.mcu.externaltools.gnu-tools-for-stm32.13.3.rel1.win32_1.0.0.202411081344/tools/bin/../lib/gcc/arm-none-eabi/13.3.1/../../../../arm-none-eabi/lib/thumb/v7-m/nofp\libc_nano.a(libc_a-init.o)
                0x0800668c                __libc_init_array
 .text.__retarget_lock_acquire_recursive
                0x080066d4        0x2 C:/ST/STM32CubeIDE_1.19.0/STM32CubeIDE/plugins/com.st.stm32cube.ide.mcu.externaltools.gnu-tools-for-stm32.13.3.rel1.win32_1.0.0.202411081344/tools/bin/../lib/gcc/arm-none-eabi/13.3.1/../../../../arm-none-eabi/lib/thumb/v7-m/nofp\libc_nano.a(libc_a-lock.o)
                0x080066d4                __retarget_lock_acquire_recursive
 .text.__retarget_lock_release_recursive
                0x080066d6        0x2 C:/ST/STM32CubeIDE_1.19.0/STM32CubeIDE/plugins/com.st.stm32cube.ide.mcu.externaltools.gnu-tools-for-stm32.13.3.rel1.win32_1.0.0.202411081344/tools/bin/../lib/gcc/arm-none-eabi/13.3.1/../../../../arm-none-eabi/lib/thumb/v7-m/nofp\libc_nano.a(libc_a-lock.o)
                0x080066d6                __retarget_lock_release_recursive
 .text._free_r  0x080066d8       0x90 C:/ST/STM32CubeIDE_1.19.0/STM32CubeIDE/plugins/com.st.stm32cube.ide.mcu.externaltools.gnu-tools-for-stm32.13.3.rel1.win32_1.0.0.202411081344/tools/bin/../lib/gcc/arm-none-eabi/13.3.1/../../../../arm-none-eabi/lib/thumb/v7-m/nofp\libc_nano.a(libc_a-freer.o)
                0x080066d8                _free_r
 .text.sbrk_aligned
                0x08006768       0x44 C:/ST/STM32CubeIDE_1.19.0/STM32CubeIDE/plugins/com.st.stm32cube.ide.mcu.externaltools.gnu-tools-for-stm32.13.3.rel1.win32_1.0.0.202411081344/tools/bin/../lib/gcc/arm-none-eabi/13.3.1/../../../../arm-none-eabi/lib/thumb/v7-m/nofp\libc_nano.a(libc_a-mallocr.o)
 .text._malloc_r
                0x080067ac      0x100 C:/ST/STM32CubeIDE_1.19.0/STM32CubeIDE/plugins/com.st.stm32cube.ide.mcu.externaltools.gnu-tools-for-stm32.13.3.rel1.win32_1.0.0.202411081344/tools/bin/../lib/gcc/arm-none-eabi/13.3.1/../../../../arm-none-eabi/lib/thumb/v7-m/nofp\libc_nano.a(libc_a-mallocr.o)
                0x080067ac                _malloc_r
 .text.__malloc_lock
                0x080068ac        0xc C:/ST/STM32CubeIDE_1.19.0/STM32CubeIDE/plugins/com.st.stm32cube.ide.mcu.externaltools.gnu-tools-for-stm32.13.3.rel1.win32_1.0.0.202411081344/tools/bin/../lib/gcc/arm-none-eabi/13.3.1/../../../../arm-none-eabi/lib/thumb/v7-m/nofp\libc_nano.a(libc_a-mlock.o)
                0x080068ac                __malloc_lock
 .text.__malloc_unlock
                0x080068b8        0xc C:/ST/STM32CubeIDE_1.19.0/STM32CubeIDE/plugins/com.st.stm32cube.ide.mcu.externaltools.gnu-tools-for-stm32.13.3.rel1.win32_1.0.0.202411081344/tools/bin/../lib/gcc/arm-none-eabi/13.3.1/../../../../arm-none-eabi/lib/thumb/v7-m/nofp\libc_nano.a(libc_a-mlock.o)
                0x080068b8                __malloc_unlock
 .text.__ssputs_r
                0x080068c4       0xb6 C:/ST/STM32CubeIDE_1.19.0/STM32CubeIDE/plugins/com.st.stm32cube.ide.mcu.externaltools.gnu-tools-for-stm32.13.3.rel1.win32_1.0.0.202411081344/tools/bin/../lib/gcc/arm-none-eabi/13.3.1/../../../../arm-none-eabi/lib/thumb/v7-m/nofp\libc_nano.a(libc_a-nano-svfprintf.o)
                0x080068c4                __ssputs_r
 *fill*         0x0800697a        0x2 
 .text._svfprintf_r
                0x0800697c      0x1f8 C:/ST/STM32CubeIDE_1.19.0/STM32CubeIDE/plugins/com.st.stm32cube.ide.mcu.externaltools.gnu-tools-for-stm32.13.3.rel1.win32_1.0.0.202411081344/tools/bin/../lib/gcc/arm-none-eabi/13.3.1/../../../../arm-none-eabi/lib/thumb/v7-m/nofp\libc_nano.a(libc_a-nano-svfprintf.o)
                0x0800697c                _svfiprintf_r
                0x0800697c                _svfprintf_r
 .text._printf_common
                0x08006b74       0xe4 C:/ST/STM32CubeIDE_1.19.0/STM32CubeIDE/plugins/com.st.stm32cube.ide.mcu.externaltools.gnu-tools-for-stm32.13.3.rel1.win32_1.0.0.202411081344/tools/bin/../lib/gcc/arm-none-eabi/13.3.1/../../../../arm-none-eabi/lib/thumb/v7-m/nofp\libc_nano.a(libc_a-nano-vfprintf_i.o)
                0x08006b74                _printf_common
 .text._printf_i
                0x08006c58      0x23c C:/ST/STM32CubeIDE_1.19.0/STM32CubeIDE/plugins/com.st.stm32cube.ide.mcu.externaltools.gnu-tools-for-stm32.13.3.rel1.win32_1.0.0.202411081344/tools/bin/../lib/gcc/arm-none-eabi/13.3.1/../../../../arm-none-eabi/lib/thumb/v7-m/nofp\libc_nano.a(libc_a-nano-vfprintf_i.o)
                0x08006c58                _printf_i
 .text.memmove  0x08006e94       0x34 C:/ST/STM32CubeIDE_1.19.0/STM32CubeIDE/plugins/com.st.stm32cube.ide.mcu.externaltools.gnu-tools-for-stm32.13.3.rel1.win32_1.0.0.202411081344/tools/bin/../lib/gcc/arm-none-eabi/13.3.1/../../../../arm-none-eabi/lib/thumb/v7-m/nofp\libc_nano.a(libc_a-memmove.o)
                0x08006e94                memmove
 .text._sbrk_r  0x08006ec8       0x20 C:/ST/STM32CubeIDE_1.19.0/STM32CubeIDE/plugins/com.st.stm32cube.ide.mcu.externaltools.gnu-tools-for-stm32.13.3.rel1.win32_1.0.0.202411081344/tools/bin/../lib/gcc/arm-none-eabi/13.3.1/../../../../arm-none-eabi/lib/thumb/v7-m/nofp\libc_nano.a(libc_a-sbrkr.o)
                0x08006ec8                _sbrk_r
 .text.memchr   0x08006ee8       0x1c C:/ST/STM32CubeIDE_1.19.0/STM32CubeIDE/plugins/com.st.stm32cube.ide.mcu.externaltools.gnu-tools-for-stm32.13.3.rel1.win32_1.0.0.202411081344/tools/bin/../lib/gcc/arm-none-eabi/13.3.1/../../../../arm-none-eabi/lib/thumb/v7-m/nofp\libc_nano.a(libc_a-memchr-stub.o)
                0x08006ee8                memchr
 .text.memcpy   0x08006f04       0x1c C:/ST/STM32CubeIDE_1.19.0/STM32CubeIDE/plugins/com.st.stm32cube.ide.mcu.externaltools.gnu-tools-for-stm32.13.3.rel1.win32_1.0.0.202411081344/tools/bin/../lib/gcc/arm-none-eabi/13.3.1/../../../../arm-none-eabi/lib/thumb/v7-m/nofp\libc_nano.a(libc_a-memcpy-stub.o)
                0x08006f04                memcpy
 .text._realloc_r
                0x08006f20       0x5c C:/ST/STM32CubeIDE_1.19.0/STM32CubeIDE/plugins/com.st.stm32cube.ide.mcu.externaltools.gnu-tools-for-stm32.13.3.rel1.win32_1.0.0.202411081344/tools/bin/../lib/gcc/arm-none-eabi/13.3.1/../../../../arm-none-eabi/lib/thumb/v7-m/nofp\libc_nano.a(libc_a-reallocr.o)
                0x08006f20                _realloc_r
 .text._malloc_usable_size_r
                0x08006f7c       0x10 C:/ST/STM32CubeIDE_1.19.0/STM32CubeIDE/plugins/com.st.stm32cube.ide.mcu.externaltools.gnu-tools-for-stm32.13.3.rel1.win32_1.0.0.202411081344/tools/bin/../lib/gcc/arm-none-eabi/13.3.1/../../../../arm-none-eabi/lib/thumb/v7-m/nofp\libc_nano.a(libc_a-msizer.o)
                0x08006f7c                _malloc_usable_size_r
 *(.glue_7)
 .glue_7        0x08006f8c        0x0 linker stubs
 *(.glue_7t)
 .glue_7t       0x08006f8c        0x0 linker stubs
 *(.eh_frame)
 .eh_frame      0x08006f8c        0x0 C:/ST/STM32CubeIDE_1.19.0/STM32CubeIDE/plugins/com.st.stm32cube.ide.mcu.externaltools.gnu-tools-for-stm32.13.3.rel1.win32_1.0.0.202411081344/tools/bin/../lib/gcc/arm-none-eabi/13.3.1/thumb/v7-m/nofp/crtbegin.o
 *(.init)
 .init          0x08006f8c        0x4 C:/ST/STM32CubeIDE_1.19.0/STM32CubeIDE/plugins/com.st.stm32cube.ide.mcu.externaltools.gnu-tools-for-stm32.13.3.rel1.win32_1.0.0.202411081344/tools/bin/../lib/gcc/arm-none-eabi/13.3.1/thumb/v7-m/nofp/crti.o
                0x08006f8c                _init
 .init          0x08006f90        0x8 C:/ST/STM32CubeIDE_1.19.0/STM32CubeIDE/plugins/com.st.stm32cube.ide.mcu.externaltools.gnu-tools-for-stm32.13.3.rel1.win32_1.0.0.202411081344/tools/bin/../lib/gcc/arm-none-eabi/13.3.1/thumb/v7-m/nofp/crtn.o
 *(.fini)
 .fini          0x08006f98        0x4 C:/ST/STM32CubeIDE_1.19.0/STM32CubeIDE/plugins/com.st.stm32cube.ide.mcu.externaltools.gnu-tools-for-stm32.13.3.rel1.win32_1.0.0.202411081344/tools/bin/../lib/gcc/arm-none-eabi/13.3.1/thumb/v7-m/nofp/crti.o
                0x08006f98                _fini
 .fini          0x08006f9c        0x8 C:/ST/STM32CubeIDE_1.19.0/STM32CubeIDE/plugins/com.st.stm32cube.ide.mcu.externaltools.gnu-tools-for-stm32.13.3.rel1.win32_1.0.0.202411081344/tools/bin/../lib/gcc/arm-none-eabi/13.3.1/thumb/v7-m/nofp/crtn.o
                0x08006fa4                        . = ALIGN (0x4)
                0x08006fa4                        _etext = .

.vfp11_veneer   0x08006fa4        0x0
 .vfp11_veneer  0x08006fa4        0x0 linker stubs

.v4_bx          0x08006fa4        0x0
 .v4_bx         0x08006fa4        0x0 linker stubs

.iplt           0x08006fa4        0x0
 .iplt          0x08006fa4        0x0 C:/ST/STM32CubeIDE_1.19.0/STM32CubeIDE/plugins/com.st.stm32cube.ide.mcu.externaltools.gnu-tools-for-stm32.13.3.rel1.win32_1.0.0.202411081344/tools/bin/../lib/gcc/arm-none-eabi/13.3.1/thumb/v7-m/nofp/crtbegin.o

.rodata         0x08006fa4     0x1bb0
                0x08006fa4                        . = ALIGN (0x4)
 *(.rodata)
 .rodata        0x08006fa4       0x58 ./Core/Src/ADC.o
 .rodata        0x08006ffc       0x1a ./Core/Src/CAN.o
 *fill*         0x08007016        0x2 
 .rodata        0x08007018      0x4bc ./Core/Src/DECODE_BATTERY_MANAGEMENT_SYSTEM.o
 .rodata        0x080074d4      0x539 ./Core/Src/DECODE_MOTOR_CONTROLLER.o
 *fill*         0x08007a0d        0x3 
 .rodata        0x08007a10      0x604 ./Core/Src/DWIN_DISPLAY.o
 .rodata        0x08008014      0x223 ./Core/Src/GPIO.o
 *fill*         0x08008237        0x1 
 .rodata        0x08008238        0x8 ./Core/Src/MCP2515.o
 .rodata        0x08008240       0x60 ./Core/Src/RCC.o
 .rodata        0x080082a0      0x49f ./Core/Src/main.o
 *(.rodata*)
 *fill*         0x0800873f        0x1 
 .rodata.ADC_Channels
                0x08008740        0xc ./Core/Src/ADC.o
 .rodata.Mcu_Fault_Names
                0x0800874c      0x370 ./Core/Src/DECODE_MOTOR_CONTROLLER.o
                0x0800874c                Mcu_Fault_Names
 .rodata.Digital_Input_Pins
                0x08008abc       0x38 ./Core/Src/GPIO.o
 .rodata.Digital_Output_Pins
                0x08008af4        0x8 ./Core/Src/GPIO.o
 .rodata.AHBPrescTable
                0x08008afc       0x10 ./Core/Src/system_stm32f1xx.o
                0x08008afc                AHBPrescTable
 .rodata.aPLLMULFactorTable.1
                0x08008b0c       0x10 ./Drivers/STM32F1xx_HAL_Driver/Src/stm32f1xx_hal_rcc.o
 .rodata.aPredivFactorTable.0
                0x08008b1c        0x2 ./Drivers/STM32F1xx_HAL_Driver/Src/stm32f1xx_hal_rcc.o
 .rodata._svfprintf_r.str1.1
                0x08008b1e       0x33 C:/ST/STM32CubeIDE_1.19.0/STM32CubeIDE/plugins/com.st.stm32cube.ide.mcu.externaltools.gnu-tools-for-stm32.13.3.rel1.win32_1.0.0.202411081344/tools/bin/../lib/gcc/arm-none-eabi/13.3.1/../../../../arm-none-eabi/lib/thumb/v7-m/nofp\libc_nano.a(libc_a-nano-svfprintf.o)
                                 0x11 (size before relaxing)
 .rodata._printf_i.str1.1
                0x08008b51       0x22 C:/ST/STM32CubeIDE_1.19.0/STM32CubeIDE/plugins/com.st.stm32cube.ide.mcu.externaltools.gnu-tools-for-stm32.13.3.rel1.win32_1.0.0.202411081344/tools/bin/../lib/gcc/arm-none-eabi/13.3.1/../../../../arm-none-eabi/lib/thumb/v7-m/nofp\libc_nano.a(libc_a-nano-vfprintf_i.o)
                0x08008b74                        . = ALIGN (0x4)
 *fill*         0x08008b51        0x3 

.ARM.extab      0x08008b54        0x0
                0x08008b54                        . = ALIGN (0x4)
 *(.ARM.extab* .gnu.linkonce.armextab.*)
                0x08008b54                        . = ALIGN (0x4)

.ARM            0x08008b54        0x0
                0x08008b54                        . = ALIGN (0x4)
                0x08008b54                        __exidx_start = .
 *(.ARM.exidx*)
                0x08008b54                        __exidx_end = .
                0x08008b54                        . = ALIGN (0x4)

.preinit_array  0x08008b54        0x0
                0x08008b54                        . = ALIGN (0x4)
                0x08008b54                        PROVIDE (__preinit_array_start = .)
 *(.preinit_array*)
                0x08008b54                        PROVIDE (__preinit_array_end = .)
                0x08008b54                        . = ALIGN (0x4)

.init_array     0x08008b54        0x4
                0x08008b54                        . = ALIGN (0x4)
                0x08008b54                        PROVIDE (__init_array_start = .)
 *(SORT_BY_NAME(.init_array.*))
 *(.init_array*)
 .init_array    0x08008b54        0x4 C:/ST/STM32CubeIDE_1.19.0/STM32CubeIDE/plugins/com.st.stm32cube.ide.mcu.externaltools.gnu-tools-for-stm32.13.3.rel1.win32_1.0.0.202411081344/tools/bin/../lib/gcc/arm-none-eabi/13.3.1/thumb/v7-m/nofp/crtbegin.o
                0x08008b58                        PROVIDE (__init_array_end = .)
                0x08008b58                        . = ALIGN (0x4)

.fini_array     0x08008b58        0x4
                0x08008b58                        . = ALIGN (0x4)
                [!provide]                        PROVIDE (__fini_array_start = .)
 *(SORT_BY_NAME(.fini_array.*))
 *(.fini_array*)
 .fini_array    0x08008b58        0x4 C:/ST/STM32CubeIDE_1.19.0/STM32CubeIDE/plugins/com.st.stm32cube.ide.mcu.externaltools.gnu-tools-for-stm32.13.3.rel1.win32_1.0.0.202411081344/tools/bin/../lib/gcc/arm-none-eabi/13.3.1/thumb/v7-m/nofp/crtbegin.o
                [!provide]                        PROVIDE (__fini_array_end = .)
                0x08008b5c                        . = ALIGN (0x4)
                0x08008b5c                        _sidata = LOADADDR (.data)

.rel.dyn        0x08008b5c        0x0
 .rel.iplt      0x08008b5c        0x0 C:/ST/STM32CubeIDE_1.19.0/STM32CubeIDE/plugins/com.st.stm32cube.ide.mcu.externaltools.gnu-tools-for-stm32.13.3.rel1.win32_1.0.0.202411081344/tools/bin/../lib/gcc/arm-none-eabi/13.3.1/thumb/v7-m/nofp/crtbegin.o

.data           0x20000000       0xa8 load address 0x08008b5c
                0x20000000                        . = ALIGN (0x4)
                0x20000000                        _sdata = .
 *(.data)
 *(.data*)
 .data.status_print_task_id
                0x20000000        0x4 ./Core/Src/ADC.o
 .data.status_print_task_id
                0x20000004        0x4 ./Core/Src/DECODE_BATTERY_MANAGEMENT_SYSTEM.o
 .data.status_print_task_id
                0x20000008        0x4 ./Core/Src/DECODE_MOTOR_CONTROLLER.o
 .data.status_print_task_id
                0x2000000c        0x4 ./Core/Src/DWIN_DISPLAY.o
 .data.Hand_Brake_Index
                0x20000010        0x4 ./Core/Src/GPIO.o
 .data.Brake_Fluid_Index
                0x20000014        0x4 ./Core/Src/GPIO.o
 .data.Head_Light_Index
                0x20000018        0x4 ./Core/Src/GPIO.o
 .data.Charge_Index
                0x2000001c        0x4 ./Core/Src/GPIO.o
 .data.Left_Indicatior_Index
                0x20000020        0x4 ./Core/Src/GPIO.o
 .data.Right_Indicator_Index
                0x20000024        0x4 ./Core/Src/GPIO.o
 .data.Mppt_Index
                0x20000028        0x4 ./Core/Src/GPIO.o
 .data.status_print_task_id
                0x2000002c        0x4 ./Core/Src/GPIO.o
 .data.id       0x20000030       0x1a ./Core/Src/PROCESS.o
                0x20000030                id
 .data.id_size  0x2000004a        0x1 ./Core/Src/PROCESS.o
                0x2000004a                id_size
 *fill*         0x2000004b        0x1 
 .data.SystemCoreClock
                0x2000004c        0x4 ./Core/Src/system_stm32f1xx.o
                0x2000004c                SystemCoreClock
 .data.uwTickPrio
                0x20000050        0x4 ./Drivers/STM32F1xx_HAL_Driver/Src/stm32f1xx_hal.o
                0x20000050                uwTickPrio
 .data.uwTickFreq
                0x20000054        0x1 ./Drivers/STM32F1xx_HAL_Driver/Src/stm32f1xx_hal.o
                0x20000054                uwTickFreq
 *fill*         0x20000055        0x3 
 .data._impure_ptr
                0x20000058        0x4 C:/ST/STM32CubeIDE_1.19.0/STM32CubeIDE/plugins/com.st.stm32cube.ide.mcu.externaltools.gnu-tools-for-stm32.13.3.rel1.win32_1.0.0.202411081344/tools/bin/../lib/gcc/arm-none-eabi/13.3.1/../../../../arm-none-eabi/lib/thumb/v7-m/nofp\libc_nano.a(libc_a-impure.o)
                0x20000058                _impure_ptr
 .data._impure_data
                0x2000005c       0x4c C:/ST/STM32CubeIDE_1.19.0/STM32CubeIDE/plugins/com.st.stm32cube.ide.mcu.externaltools.gnu-tools-for-stm32.13.3.rel1.win32_1.0.0.202411081344/tools/bin/../lib/gcc/arm-none-eabi/13.3.1/../../../../arm-none-eabi/lib/thumb/v7-m/nofp\libc_nano.a(libc_a-impure.o)
                0x2000005c                _impure_data
 *(.RamFunc)
 *(.RamFunc*)
                0x200000a8                        . = ALIGN (0x4)
                0x200000a8                        _edata = .

.igot.plt       0x200000a8        0x0 load address 0x08008c04
 .igot.plt      0x200000a8        0x0 C:/ST/STM32CubeIDE_1.19.0/STM32CubeIDE/plugins/com.st.stm32cube.ide.mcu.externaltools.gnu-tools-for-stm32.13.3.rel1.win32_1.0.0.202411081344/tools/bin/../lib/gcc/arm-none-eabi/13.3.1/thumb/v7-m/nofp/crtbegin.o
                0x200000a8                        . = ALIGN (0x4)

.bss            0x200000a8      0xc04 load address 0x08008c04
                0x200000a8                        _sbss = .
                0x200000a8                        __bss_start__ = _sbss
 *(.bss)
 .bss           0x200000a8       0x1c C:/ST/STM32CubeIDE_1.19.0/STM32CubeIDE/plugins/com.st.stm32cube.ide.mcu.externaltools.gnu-tools-for-stm32.13.3.rel1.win32_1.0.0.202411081344/tools/bin/../lib/gcc/arm-none-eabi/13.3.1/thumb/v7-m/nofp/crtbegin.o
 *(.bss*)
 .bss.Battery_Status
                0x200000c4       0x18 ./Core/Src/ADC.o
 .bss.ADC_Results
                0x200000dc        0x2 ./Core/Src/ADC.o
 *fill*         0x200000de        0x2 
 .bss.Bms_Frames
                0x200000e0      0x160 ./Core/Src/DECODE_BATTERY_MANAGEMENT_SYSTEM.o
                0x200000e0                Bms_Frames
 .bss.ntc       0x20000240        0x5 ./Core/Src/DECODE_BATTERY_MANAGEMENT_SYSTEM.o
                0x20000240                ntc
 .bss.Avg_Temp  0x20000245        0x1 ./Core/Src/DECODE_BATTERY_MANAGEMENT_SYSTEM.o
                0x20000245                Avg_Temp
 *fill*         0x20000246        0x2 
 .bss.Mcu_Msgs  0x20000248       0x4c ./Core/Src/DECODE_MOTOR_CONTROLLER.o
                0x20000248                Mcu_Msgs
 .bss.GEx_Display
                0x20000294      0x694 ./Core/Src/DWIN_DISPLAY.o
                0x20000294                GEx_Display
 .bss.Gpio_Pin_Sts
                0x20000928        0x9 ./Core/Src/GPIO.o
 *fill*         0x20000931        0x3 
 .bss.Debounce_Pins
                0x20000934       0xe0 ./Core/Src/GPIO.o
 .bss.Registered_Pin_Count
                0x20000a14        0x1 ./Core/Src/GPIO.o
 .bss.Debounce_Initialized
                0x20000a15        0x1 ./Core/Src/GPIO.o
 .bss.i.0       0x20000a16        0x1 ./Core/Src/PROCESS.o
 *fill*         0x20000a17        0x1 
 .bss.timers    0x20000a18      0x140 ./Core/Src/TASK_TIMER.o
 .bss.Get_Ms_Ticks
                0x20000b58        0x4 ./Core/Src/stm32f1xx_it.o
                0x20000b58                Get_Ms_Ticks
 .bss.__sbrk_heap_end
                0x20000b5c        0x4 ./Core/Src/sysmem.o
 .bss.uwTick    0x20000b60        0x4 ./Drivers/STM32F1xx_HAL_Driver/Src/stm32f1xx_hal.o
                0x20000b60                uwTick
 .bss.__sf      0x20000b64      0x138 C:/ST/STM32CubeIDE_1.19.0/STM32CubeIDE/plugins/com.st.stm32cube.ide.mcu.externaltools.gnu-tools-for-stm32.13.3.rel1.win32_1.0.0.202411081344/tools/bin/../lib/gcc/arm-none-eabi/13.3.1/../../../../arm-none-eabi/lib/thumb/v7-m/nofp\libc_nano.a(libc_a-findfp.o)
                0x20000b64                __sf
 .bss.errno     0x20000c9c        0x4 C:/ST/STM32CubeIDE_1.19.0/STM32CubeIDE/plugins/com.st.stm32cube.ide.mcu.externaltools.gnu-tools-for-stm32.13.3.rel1.win32_1.0.0.202411081344/tools/bin/../lib/gcc/arm-none-eabi/13.3.1/../../../../arm-none-eabi/lib/thumb/v7-m/nofp\libc_nano.a(libc_a-reent.o)
                0x20000c9c                errno
 .bss.__lock___malloc_recursive_mutex
                0x20000ca0        0x1 C:/ST/STM32CubeIDE_1.19.0/STM32CubeIDE/plugins/com.st.stm32cube.ide.mcu.externaltools.gnu-tools-for-stm32.13.3.rel1.win32_1.0.0.202411081344/tools/bin/../lib/gcc/arm-none-eabi/13.3.1/../../../../arm-none-eabi/lib/thumb/v7-m/nofp\libc_nano.a(libc_a-lock.o)
                0x20000ca0                __lock___malloc_recursive_mutex
 *fill*         0x20000ca1        0x3 
 .bss.__malloc_sbrk_start
                0x20000ca4        0x4 C:/ST/STM32CubeIDE_1.19.0/STM32CubeIDE/plugins/com.st.stm32cube.ide.mcu.externaltools.gnu-tools-for-stm32.13.3.rel1.win32_1.0.0.202411081344/tools/bin/../lib/gcc/arm-none-eabi/13.3.1/../../../../arm-none-eabi/lib/thumb/v7-m/nofp\libc_nano.a(libc_a-mallocr.o)
                0x20000ca4                __malloc_sbrk_start
 .bss.__malloc_free_list
                0x20000ca8        0x4 C:/ST/STM32CubeIDE_1.19.0/STM32CubeIDE/plugins/com.st.stm32cube.ide.mcu.externaltools.gnu-tools-for-stm32.13.3.rel1.win32_1.0.0.202411081344/tools/bin/../lib/gcc/arm-none-eabi/13.3.1/../../../../arm-none-eabi/lib/thumb/v7-m/nofp\libc_nano.a(libc_a-mallocr.o)
                0x20000ca8                __malloc_free_list
 *(COMMON)
                0x20000cac                        . = ALIGN (0x4)
                0x20000cac                        _ebss = .
                0x20000cac                        __bss_end__ = _ebss

._user_heap_stack
                0x20000cac      0x604 load address 0x08008c04
                0x20000cb0                        . = ALIGN (0x8)
 *fill*         0x20000cac        0x4 
                [!provide]                        PROVIDE (end = .)
                0x20000cb0                        PROVIDE (_end = .)
                0x20000eb0                        . = (. + _Min_Heap_Size)
 *fill*         0x20000cb0      0x200 
                0x200012b0                        . = (. + _Min_Stack_Size)
 *fill*         0x20000eb0      0x400 
                0x200012b0                        . = ALIGN (0x8)

/DISCARD/
 libc.a(*)
 libm.a(*)
 libgcc.a(*)

.ARM.attributes
                0x00000000       0x29
 *(.ARM.attributes)
 .ARM.attributes
                0x00000000       0x1d C:/ST/STM32CubeIDE_1.19.0/STM32CubeIDE/plugins/com.st.stm32cube.ide.mcu.externaltools.gnu-tools-for-stm32.13.3.rel1.win32_1.0.0.202411081344/tools/bin/../lib/gcc/arm-none-eabi/13.3.1/thumb/v7-m/nofp/crti.o
 .ARM.attributes
                0x0000001d       0x2d C:/ST/STM32CubeIDE_1.19.0/STM32CubeIDE/plugins/com.st.stm32cube.ide.mcu.externaltools.gnu-tools-for-stm32.13.3.rel1.win32_1.0.0.202411081344/tools/bin/../lib/gcc/arm-none-eabi/13.3.1/thumb/v7-m/nofp/crtbegin.o
 .ARM.attributes
                0x0000004a       0x2d ./Core/Src/ADC.o
 .ARM.attributes
                0x00000077       0x2d ./Core/Src/CAN.o
 .ARM.attributes
                0x000000a4       0x2d ./Core/Src/DECODE_BATTERY_MANAGEMENT_SYSTEM.o
 .ARM.attributes
                0x000000d1       0x2d ./Core/Src/DECODE_MOTOR_CONTROLLER.o
 .ARM.attributes
                0x000000fe       0x2d ./Core/Src/DWIN_DISPLAY.o
 .ARM.attributes
                0x0000012b       0x2d ./Core/Src/GPIO.o
 .ARM.attributes
                0x00000158       0x2d ./Core/Src/MCP2515.o
 .ARM.attributes
                0x00000185       0x2d ./Core/Src/PROCESS.o
 .ARM.attributes
                0x000001b2       0x2d ./Core/Src/RCC.o
 .ARM.attributes
                0x000001df       0x2d ./Core/Src/SPI.o
 .ARM.attributes
                0x0000020c       0x2d ./Core/Src/SYSTICK.o
 .ARM.attributes
                0x00000239       0x2d ./Core/Src/TASK_TIMER.o
 .ARM.attributes
                0x00000266       0x2d ./Core/Src/UART.o
 .ARM.attributes
                0x00000293       0x2d ./Core/Src/main.o
 .ARM.attributes
                0x000002c0       0x2d ./Core/Src/stm32f1xx_hal_msp.o
 .ARM.attributes
                0x000002ed       0x2d ./Core/Src/stm32f1xx_it.o
 .ARM.attributes
                0x0000031a       0x2d ./Core/Src/sysmem.o
 .ARM.attributes
                0x00000347       0x2d ./Core/Src/system_stm32f1xx.o
 .ARM.attributes
                0x00000374       0x21 ./Core/Startup/startup_stm32f103cbtx.o
 .ARM.attributes
                0x00000395       0x2d ./Drivers/STM32F1xx_HAL_Driver/Src/stm32f1xx_hal.o
 .ARM.attributes
                0x000003c2       0x2d ./Drivers/STM32F1xx_HAL_Driver/Src/stm32f1xx_hal_cortex.o
 .ARM.attributes
                0x000003ef       0x2d ./Drivers/STM32F1xx_HAL_Driver/Src/stm32f1xx_hal_gpio.o
 .ARM.attributes
                0x0000041c       0x2d ./Drivers/STM32F1xx_HAL_Driver/Src/stm32f1xx_hal_rcc.o
 .ARM.attributes
                0x00000449       0x2d C:/ST/STM32CubeIDE_1.19.0/STM32CubeIDE/plugins/com.st.stm32cube.ide.mcu.externaltools.gnu-tools-for-stm32.13.3.rel1.win32_1.0.0.202411081344/tools/bin/../lib/gcc/arm-none-eabi/13.3.1/../../../../arm-none-eabi/lib/thumb/v7-m/nofp\libc_nano.a(libc_a-findfp.o)
 .ARM.attributes
                0x00000476       0x2d C:/ST/STM32CubeIDE_1.19.0/STM32CubeIDE/plugins/com.st.stm32cube.ide.mcu.externaltools.gnu-tools-for-stm32.13.3.rel1.win32_1.0.0.202411081344/tools/bin/../lib/gcc/arm-none-eabi/13.3.1/../../../../arm-none-eabi/lib/thumb/v7-m/nofp\libc_nano.a(libc_a-vsnprintf.o)
 .ARM.attributes
                0x000004a3       0x2d C:/ST/STM32CubeIDE_1.19.0/STM32CubeIDE/plugins/com.st.stm32cube.ide.mcu.externaltools.gnu-tools-for-stm32.13.3.rel1.win32_1.0.0.202411081344/tools/bin/../lib/gcc/arm-none-eabi/13.3.1/../../../../arm-none-eabi/lib/thumb/v7-m/nofp\libc_nano.a(libc_a-memset.o)
 .ARM.attributes
                0x000004d0       0x2d C:/ST/STM32CubeIDE_1.19.0/STM32CubeIDE/plugins/com.st.stm32cube.ide.mcu.externaltools.gnu-tools-for-stm32.13.3.rel1.win32_1.0.0.202411081344/tools/bin/../lib/gcc/arm-none-eabi/13.3.1/../../../../arm-none-eabi/lib/thumb/v7-m/nofp\libc_nano.a(libc_a-strncpy.o)
 .ARM.attributes
                0x000004fd       0x2d C:/ST/STM32CubeIDE_1.19.0/STM32CubeIDE/plugins/com.st.stm32cube.ide.mcu.externaltools.gnu-tools-for-stm32.13.3.rel1.win32_1.0.0.202411081344/tools/bin/../lib/gcc/arm-none-eabi/13.3.1/../../../../arm-none-eabi/lib/thumb/v7-m/nofp\libc_nano.a(libc_a-reent.o)
 .ARM.attributes
                0x0000052a       0x2d C:/ST/STM32CubeIDE_1.19.0/STM32CubeIDE/plugins/com.st.stm32cube.ide.mcu.externaltools.gnu-tools-for-stm32.13.3.rel1.win32_1.0.0.202411081344/tools/bin/../lib/gcc/arm-none-eabi/13.3.1/../../../../arm-none-eabi/lib/thumb/v7-m/nofp\libc_nano.a(libc_a-impure.o)
 .ARM.attributes
                0x00000557       0x2d C:/ST/STM32CubeIDE_1.19.0/STM32CubeIDE/plugins/com.st.stm32cube.ide.mcu.externaltools.gnu-tools-for-stm32.13.3.rel1.win32_1.0.0.202411081344/tools/bin/../lib/gcc/arm-none-eabi/13.3.1/../../../../arm-none-eabi/lib/thumb/v7-m/nofp\libc_nano.a(libc_a-errno.o)
 .ARM.attributes
                0x00000584       0x2d C:/ST/STM32CubeIDE_1.19.0/STM32CubeIDE/plugins/com.st.stm32cube.ide.mcu.externaltools.gnu-tools-for-stm32.13.3.rel1.win32_1.0.0.202411081344/tools/bin/../lib/gcc/arm-none-eabi/13.3.1/../../../../arm-none-eabi/lib/thumb/v7-m/nofp\libc_nano.a(libc_a-init.o)
 .ARM.attributes
                0x000005b1       0x2d C:/ST/STM32CubeIDE_1.19.0/STM32CubeIDE/plugins/com.st.stm32cube.ide.mcu.externaltools.gnu-tools-for-stm32.13.3.rel1.win32_1.0.0.202411081344/tools/bin/../lib/gcc/arm-none-eabi/13.3.1/../../../../arm-none-eabi/lib/thumb/v7-m/nofp\libc_nano.a(libc_a-lock.o)
 .ARM.attributes
                0x000005de       0x2d C:/ST/STM32CubeIDE_1.19.0/STM32CubeIDE/plugins/com.st.stm32cube.ide.mcu.externaltools.gnu-tools-for-stm32.13.3.rel1.win32_1.0.0.202411081344/tools/bin/../lib/gcc/arm-none-eabi/13.3.1/../../../../arm-none-eabi/lib/thumb/v7-m/nofp\libc_nano.a(libc_a-freer.o)
 .ARM.attributes
                0x0000060b       0x2d C:/ST/STM32CubeIDE_1.19.0/STM32CubeIDE/plugins/com.st.stm32cube.ide.mcu.externaltools.gnu-tools-for-stm32.13.3.rel1.win32_1.0.0.202411081344/tools/bin/../lib/gcc/arm-none-eabi/13.3.1/../../../../arm-none-eabi/lib/thumb/v7-m/nofp\libc_nano.a(libc_a-mallocr.o)
 .ARM.attributes
                0x00000638       0x2d C:/ST/STM32CubeIDE_1.19.0/STM32CubeIDE/plugins/com.st.stm32cube.ide.mcu.externaltools.gnu-tools-for-stm32.13.3.rel1.win32_1.0.0.202411081344/tools/bin/../lib/gcc/arm-none-eabi/13.3.1/../../../../arm-none-eabi/lib/thumb/v7-m/nofp\libc_nano.a(libc_a-mlock.o)
 .ARM.attributes
                0x00000665       0x2d C:/ST/STM32CubeIDE_1.19.0/STM32CubeIDE/plugins/com.st.stm32cube.ide.mcu.externaltools.gnu-tools-for-stm32.13.3.rel1.win32_1.0.0.202411081344/tools/bin/../lib/gcc/arm-none-eabi/13.3.1/../../../../arm-none-eabi/lib/thumb/v7-m/nofp\libc_nano.a(libc_a-nano-svfprintf.o)
 .ARM.attributes
                0x00000692       0x2d C:/ST/STM32CubeIDE_1.19.0/STM32CubeIDE/plugins/com.st.stm32cube.ide.mcu.externaltools.gnu-tools-for-stm32.13.3.rel1.win32_1.0.0.202411081344/tools/bin/../lib/gcc/arm-none-eabi/13.3.1/../../../../arm-none-eabi/lib/thumb/v7-m/nofp\libc_nano.a(libc_a-nano-vfprintf_i.o)
 .ARM.attributes
                0x000006bf       0x2d C:/ST/STM32CubeIDE_1.19.0/STM32CubeIDE/plugins/com.st.stm32cube.ide.mcu.externaltools.gnu-tools-for-stm32.13.3.rel1.win32_1.0.0.202411081344/tools/bin/../lib/gcc/arm-none-eabi/13.3.1/../../../../arm-none-eabi/lib/thumb/v7-m/nofp\libc_nano.a(libc_a-memmove.o)
 .ARM.attributes
                0x000006ec       0x2d C:/ST/STM32CubeIDE_1.19.0/STM32CubeIDE/plugins/com.st.stm32cube.ide.mcu.externaltools.gnu-tools-for-stm32.13.3.rel1.win32_1.0.0.202411081344/tools/bin/../lib/gcc/arm-none-eabi/13.3.1/../../../../arm-none-eabi/lib/thumb/v7-m/nofp\libc_nano.a(libc_a-sbrkr.o)
 .ARM.attributes
                0x00000719       0x2d C:/ST/STM32CubeIDE_1.19.0/STM32CubeIDE/plugins/com.st.stm32cube.ide.mcu.externaltools.gnu-tools-for-stm32.13.3.rel1.win32_1.0.0.202411081344/tools/bin/../lib/gcc/arm-none-eabi/13.3.1/../../../../arm-none-eabi/lib/thumb/v7-m/nofp\libc_nano.a(libc_a-memchr-stub.o)
 .ARM.attributes
                0x00000746       0x2d C:/ST/STM32CubeIDE_1.19.0/STM32CubeIDE/plugins/com.st.stm32cube.ide.mcu.externaltools.gnu-tools-for-stm32.13.3.rel1.win32_1.0.0.202411081344/tools/bin/../lib/gcc/arm-none-eabi/13.3.1/../../../../arm-none-eabi/lib/thumb/v7-m/nofp\libc_nano.a(libc_a-memcpy-stub.o)
 .ARM.attributes
                0x00000773       0x2d C:/ST/STM32CubeIDE_1.19.0/STM32CubeIDE/plugins/com.st.stm32cube.ide.mcu.externaltools.gnu-tools-for-stm32.13.3.rel1.win32_1.0.0.202411081344/tools/bin/../lib/gcc/arm-none-eabi/13.3.1/../../../../arm-none-eabi/lib/thumb/v7-m/nofp\libc_nano.a(libc_a-reallocr.o)
 .ARM.attributes
                0x000007a0       0x2d C:/ST/STM32CubeIDE_1.19.0/STM32CubeIDE/plugins/com.st.stm32cube.ide.mcu.externaltools.gnu-tools-for-stm32.13.3.rel1.win32_1.0.0.202411081344/tools/bin/../lib/gcc/arm-none-eabi/13.3.1/../../../../arm-none-eabi/lib/thumb/v7-m/nofp\libc_nano.a(libc_a-msizer.o)
 .ARM.attributes
                0x000007cd       0x1d C:/ST/STM32CubeIDE_1.19.0/STM32CubeIDE/plugins/com.st.stm32cube.ide.mcu.externaltools.gnu-tools-for-stm32.13.3.rel1.win32_1.0.0.202411081344/tools/bin/../lib/gcc/arm-none-eabi/13.3.1/thumb/v7-m/nofp\libgcc.a(_arm_addsubdf3.o)
 .ARM.attributes
                0x000007ea       0x1d C:/ST/STM32CubeIDE_1.19.0/STM32CubeIDE/plugins/com.st.stm32cube.ide.mcu.externaltools.gnu-tools-for-stm32.13.3.rel1.win32_1.0.0.202411081344/tools/bin/../lib/gcc/arm-none-eabi/13.3.1/thumb/v7-m/nofp\libgcc.a(_arm_addsubsf3.o)
 .ARM.attributes
                0x00000807       0x1d C:/ST/STM32CubeIDE_1.19.0/STM32CubeIDE/plugins/com.st.stm32cube.ide.mcu.externaltools.gnu-tools-for-stm32.13.3.rel1.win32_1.0.0.202411081344/tools/bin/../lib/gcc/arm-none-eabi/13.3.1/thumb/v7-m/nofp\libgcc.a(_arm_muldivsf3.o)
 .ARM.attributes
                0x00000824       0x1d C:/ST/STM32CubeIDE_1.19.0/STM32CubeIDE/plugins/com.st.stm32cube.ide.mcu.externaltools.gnu-tools-for-stm32.13.3.rel1.win32_1.0.0.202411081344/tools/bin/../lib/gcc/arm-none-eabi/13.3.1/thumb/v7-m/nofp\libgcc.a(_arm_cmpsf2.o)
 .ARM.attributes
                0x00000841       0x1d C:/ST/STM32CubeIDE_1.19.0/STM32CubeIDE/plugins/com.st.stm32cube.ide.mcu.externaltools.gnu-tools-for-stm32.13.3.rel1.win32_1.0.0.202411081344/tools/bin/../lib/gcc/arm-none-eabi/13.3.1/thumb/v7-m/nofp\libgcc.a(_arm_fixsfsi.o)
 .ARM.attributes
                0x0000085e       0x1d C:/ST/STM32CubeIDE_1.19.0/STM32CubeIDE/plugins/com.st.stm32cube.ide.mcu.externaltools.gnu-tools-for-stm32.13.3.rel1.win32_1.0.0.202411081344/tools/bin/../lib/gcc/arm-none-eabi/13.3.1/thumb/v7-m/nofp\libgcc.a(_arm_fixunssfsi.o)
 .ARM.attributes
                0x0000087b       0x1d C:/ST/STM32CubeIDE_1.19.0/STM32CubeIDE/plugins/com.st.stm32cube.ide.mcu.externaltools.gnu-tools-for-stm32.13.3.rel1.win32_1.0.0.202411081344/tools/bin/../lib/gcc/arm-none-eabi/13.3.1/thumb/v7-m/nofp/crtn.o
OUTPUT(GITHUB_STM32_VCU_DISPLAY.elf elf32-littlearm)
LOAD linker stubs
LOAD C:/ST/STM32CubeIDE_1.19.0/STM32CubeIDE/plugins/com.st.stm32cube.ide.mcu.externaltools.gnu-tools-for-stm32.13.3.rel1.win32_1.0.0.202411081344/tools/bin/../lib/gcc/arm-none-eabi/13.3.1/../../../../arm-none-eabi/lib/thumb/v7-m/nofp\libc.a
LOAD C:/ST/STM32CubeIDE_1.19.0/STM32CubeIDE/plugins/com.st.stm32cube.ide.mcu.externaltools.gnu-tools-for-stm32.13.3.rel1.win32_1.0.0.202411081344/tools/bin/../lib/gcc/arm-none-eabi/13.3.1/../../../../arm-none-eabi/lib/thumb/v7-m/nofp\libm.a
LOAD C:/ST/STM32CubeIDE_1.19.0/STM32CubeIDE/plugins/com.st.stm32cube.ide.mcu.externaltools.gnu-tools-for-stm32.13.3.rel1.win32_1.0.0.202411081344/tools/bin/../lib/gcc/arm-none-eabi/13.3.1/thumb/v7-m/nofp\libgcc.a

.debug_info     0x00000000     0x7ade
 .debug_info    0x00000000      0x758 ./Core/Src/ADC.o
 .debug_info    0x00000758      0x76d ./Core/Src/CAN.o
 .debug_info    0x00000ec5      0xe60 ./Core/Src/DECODE_BATTERY_MANAGEMENT_SYSTEM.o
 .debug_info    0x00001d25      0x92d ./Core/Src/DECODE_MOTOR_CONTROLLER.o
 .debug_info    0x00002652      0x5dc ./Core/Src/DWIN_DISPLAY.o
 .debug_info    0x00002c2e      0xa9e ./Core/Src/GPIO.o
 .debug_info    0x000036cc      0x6fe ./Core/Src/MCP2515.o
 .debug_info    0x00003dca      0x237 ./Core/Src/PROCESS.o
 .debug_info    0x00004001      0x2f7 ./Core/Src/RCC.o
 .debug_info    0x000042f8      0x382 ./Core/Src/SPI.o
 .debug_info    0x0000467a      0x15c ./Core/Src/SYSTICK.o
 .debug_info    0x000047d6      0x305 ./Core/Src/TASK_TIMER.o
 .debug_info    0x00004adb      0x4aa ./Core/Src/UART.o
 .debug_info    0x00004f85      0x54b ./Core/Src/main.o
 .debug_info    0x000054d0      0x1f8 ./Core/Src/stm32f1xx_hal_msp.o
 .debug_info    0x000056c8      0x151 ./Core/Src/stm32f1xx_it.o
 .debug_info    0x00005819      0x168 ./Core/Src/sysmem.o
 .debug_info    0x00005981      0x222 ./Core/Src/system_stm32f1xx.o
 .debug_info    0x00005ba3       0x30 ./Core/Startup/startup_stm32f103cbtx.o
 .debug_info    0x00005bd3      0x704 ./Drivers/STM32F1xx_HAL_Driver/Src/stm32f1xx_hal.o
 .debug_info    0x000062d7      0xa87 ./Drivers/STM32F1xx_HAL_Driver/Src/stm32f1xx_hal_cortex.o
 .debug_info    0x00006d5e      0x5ab ./Drivers/STM32F1xx_HAL_Driver/Src/stm32f1xx_hal_gpio.o
 .debug_info    0x00007309      0x7d5 ./Drivers/STM32F1xx_HAL_Driver/Src/stm32f1xx_hal_rcc.o

.debug_abbrev   0x00000000     0x2922
 .debug_abbrev  0x00000000      0x2c2 ./Core/Src/ADC.o
 .debug_abbrev  0x000002c2      0x26d ./Core/Src/CAN.o
 .debug_abbrev  0x0000052f      0x271 ./Core/Src/DECODE_BATTERY_MANAGEMENT_SYSTEM.o
 .debug_abbrev  0x000007a0      0x24c ./Core/Src/DECODE_MOTOR_CONTROLLER.o
 .debug_abbrev  0x000009ec      0x1da ./Core/Src/DWIN_DISPLAY.o
 .debug_abbrev  0x00000bc6      0x348 ./Core/Src/GPIO.o
 .debug_abbrev  0x00000f0e      0x260 ./Core/Src/MCP2515.o
 .debug_abbrev  0x0000116e      0x14e ./Core/Src/PROCESS.o
 .debug_abbrev  0x000012bc      0x118 ./Core/Src/RCC.o
 .debug_abbrev  0x000013d4      0x191 ./Core/Src/SPI.o
 .debug_abbrev  0x00001565      0x111 ./Core/Src/SYSTICK.o
 .debug_abbrev  0x00001676      0x177 ./Core/Src/TASK_TIMER.o
 .debug_abbrev  0x000017ed      0x1e7 ./Core/Src/UART.o
 .debug_abbrev  0x000019d4      0x233 ./Core/Src/main.o
 .debug_abbrev  0x00001c07       0xdb ./Core/Src/stm32f1xx_hal_msp.o
 .debug_abbrev  0x00001ce2       0xab ./Core/Src/stm32f1xx_it.o
 .debug_abbrev  0x00001d8d       0xbc ./Core/Src/sysmem.o
 .debug_abbrev  0x00001e49      0x13f ./Core/Src/system_stm32f1xx.o
 .debug_abbrev  0x00001f88       0x24 ./Core/Startup/startup_stm32f103cbtx.o
 .debug_abbrev  0x00001fac      0x201 ./Drivers/STM32F1xx_HAL_Driver/Src/stm32f1xx_hal.o
 .debug_abbrev  0x000021ad      0x2f8 ./Drivers/STM32F1xx_HAL_Driver/Src/stm32f1xx_hal_cortex.o
 .debug_abbrev  0x000024a5      0x1ca ./Drivers/STM32F1xx_HAL_Driver/Src/stm32f1xx_hal_gpio.o
 .debug_abbrev  0x0000266f      0x2b3 ./Drivers/STM32F1xx_HAL_Driver/Src/stm32f1xx_hal_rcc.o

.debug_aranges  0x00000000      0xa00
 .debug_aranges
                0x00000000       0x88 ./Core/Src/ADC.o
 .debug_aranges
                0x00000088       0x70 ./Core/Src/CAN.o
 .debug_aranges
                0x000000f8       0xf0 ./Core/Src/DECODE_BATTERY_MANAGEMENT_SYSTEM.o
 .debug_aranges
                0x000001e8       0x88 ./Core/Src/DECODE_MOTOR_CONTROLLER.o
 .debug_aranges
                0x00000270       0x58 ./Core/Src/DWIN_DISPLAY.o
 .debug_aranges
                0x000002c8       0xd0 ./Core/Src/GPIO.o
 .debug_aranges
                0x00000398       0xa8 ./Core/Src/MCP2515.o
 .debug_aranges
                0x00000440       0x28 ./Core/Src/PROCESS.o
 .debug_aranges
                0x00000468       0x48 ./Core/Src/RCC.o
 .debug_aranges
                0x000004b0       0x50 ./Core/Src/SPI.o
 .debug_aranges
                0x00000500       0x30 ./Core/Src/SYSTICK.o
 .debug_aranges
                0x00000530       0x70 ./Core/Src/TASK_TIMER.o
 .debug_aranges
                0x000005a0       0x70 ./Core/Src/UART.o
 .debug_aranges
                0x00000610       0x38 ./Core/Src/main.o
 .debug_aranges
                0x00000648       0x20 ./Core/Src/stm32f1xx_hal_msp.o
 .debug_aranges
                0x00000668       0x60 ./Core/Src/stm32f1xx_it.o
 .debug_aranges
                0x000006c8       0x20 ./Core/Src/sysmem.o
 .debug_aranges
                0x000006e8       0x28 ./Core/Src/system_stm32f1xx.o
 .debug_aranges
                0x00000710       0x28 ./Core/Startup/startup_stm32f103cbtx.o
 .debug_aranges
                0x00000738       0xe0 ./Drivers/STM32F1xx_HAL_Driver/Src/stm32f1xx_hal.o
 .debug_aranges
                0x00000818      0x100 ./Drivers/STM32F1xx_HAL_Driver/Src/stm32f1xx_hal_cortex.o
 .debug_aranges
                0x00000918       0x58 ./Drivers/STM32F1xx_HAL_Driver/Src/stm32f1xx_hal_gpio.o
 .debug_aranges
                0x00000970       0x90 ./Drivers/STM32F1xx_HAL_Driver/Src/stm32f1xx_hal_rcc.o

.debug_rnglists
                0x00000000      0x74d
 .debug_rnglists
                0x00000000       0x65 ./Core/Src/ADC.o
 .debug_rnglists
                0x00000065       0x54 ./Core/Src/CAN.o
 .debug_rnglists
                0x000000b9       0xbb ./Core/Src/DECODE_BATTERY_MANAGEMENT_SYSTEM.o
 .debug_rnglists
                0x00000174       0x6b ./Core/Src/DECODE_MOTOR_CONTROLLER.o
 .debug_rnglists
                0x000001df       0x40 ./Core/Src/DWIN_DISPLAY.o
 .debug_rnglists
                0x0000021f       0xa0 ./Core/Src/GPIO.o
 .debug_rnglists
                0x000002bf       0x7e ./Core/Src/MCP2515.o
 .debug_rnglists
                0x0000033d       0x19 ./Core/Src/PROCESS.o
 .debug_rnglists
                0x00000356       0x33 ./Core/Src/RCC.o
 .debug_rnglists
                0x00000389       0x38 ./Core/Src/SPI.o
 .debug_rnglists
                0x000003c1       0x1f ./Core/Src/SYSTICK.o
 .debug_rnglists
                0x000003e0       0x51 ./Core/Src/TASK_TIMER.o
 .debug_rnglists
                0x00000431       0x51 ./Core/Src/UART.o
 .debug_rnglists
                0x00000482       0x26 ./Core/Src/main.o
 .debug_rnglists
                0x000004a8       0x13 ./Core/Src/stm32f1xx_hal_msp.o
 .debug_rnglists
                0x000004bb       0x43 ./Core/Src/stm32f1xx_it.o
 .debug_rnglists
                0x000004fe       0x13 ./Core/Src/sysmem.o
 .debug_rnglists
                0x00000511       0x1a ./Core/Src/system_stm32f1xx.o
 .debug_rnglists
                0x0000052b       0x19 ./Core/Startup/startup_stm32f103cbtx.o
 .debug_rnglists
                0x00000544       0xa3 ./Drivers/STM32F1xx_HAL_Driver/Src/stm32f1xx_hal.o
 .debug_rnglists
                0x000005e7       0xbb ./Drivers/STM32F1xx_HAL_Driver/Src/stm32f1xx_hal_cortex.o
 .debug_rnglists
                0x000006a2       0x3f ./Drivers/STM32F1xx_HAL_Driver/Src/stm32f1xx_hal_gpio.o
 .debug_rnglists
                0x000006e1       0x6c ./Drivers/STM32F1xx_HAL_Driver/Src/stm32f1xx_hal_rcc.o

.debug_macro    0x00000000    0x1984d
 .debug_macro   0x00000000      0x2f3 ./Core/Src/ADC.o
 .debug_macro   0x000002f3      0xacc ./Core/Src/ADC.o
 .debug_macro   0x00000dbf      0x209 ./Core/Src/ADC.o
 .debug_macro   0x00000fc8       0x2e ./Core/Src/ADC.o
 .debug_macro   0x00000ff6       0x22 ./Core/Src/ADC.o
 .debug_macro   0x00001018       0x22 ./Core/Src/ADC.o
 .debug_macro   0x0000103a       0x8e ./Core/Src/ADC.o
 .debug_macro   0x000010c8       0x51 ./Core/Src/ADC.o
 .debug_macro   0x00001119      0x103 ./Core/Src/ADC.o
 .debug_macro   0x0000121c       0x6a ./Core/Src/ADC.o
 .debug_macro   0x00001286      0x1df ./Core/Src/ADC.o
 .debug_macro   0x00001465       0x1c ./Core/Src/ADC.o
 .debug_macro   0x00001481       0x22 ./Core/Src/ADC.o
 .debug_macro   0x000014a3       0xbd ./Core/Src/ADC.o
 .debug_macro   0x00001560      0xd23 ./Core/Src/ADC.o
 .debug_macro   0x00002283     0xe09e ./Core/Src/ADC.o
 .debug_macro   0x00010321       0x6d ./Core/Src/ADC.o
 .debug_macro   0x0001038e     0x34a2 ./Core/Src/ADC.o
 .debug_macro   0x00013830      0x190 ./Core/Src/ADC.o
 .debug_macro   0x000139c0       0x5c ./Core/Src/ADC.o
 .debug_macro   0x00013a1c      0x5bc ./Core/Src/ADC.o
 .debug_macro   0x00013fd8      0x289 ./Core/Src/ADC.o
 .debug_macro   0x00014261      0x1cb ./Core/Src/ADC.o
 .debug_macro   0x0001442c      0x114 ./Core/Src/ADC.o
 .debug_macro   0x00014540      0x1b2 ./Core/Src/ADC.o
 .debug_macro   0x000146f2       0x27 ./Core/Src/ADC.o
 .debug_macro   0x00014719      0x136 ./Core/Src/ADC.o
 .debug_macro   0x0001484f      0x1bc ./Core/Src/ADC.o
 .debug_macro   0x00014a0b       0x34 ./Core/Src/ADC.o
 .debug_macro   0x00014a3f       0x3c ./Core/Src/ADC.o
 .debug_macro   0x00014a7b       0x57 ./Core/Src/ADC.o
 .debug_macro   0x00014ad2       0x87 ./Core/Src/ADC.o
 .debug_macro   0x00014b59      0x240 ./Core/Src/ADC.o
 .debug_macro   0x00014d99      0x140 ./Core/Src/ADC.o
 .debug_macro   0x00014ed9       0x83 ./Core/Src/ADC.o
 .debug_macro   0x00014f5c       0x22 ./Core/Src/ADC.o
 .debug_macro   0x00014f7e       0x24 ./Core/Src/ADC.o
 .debug_macro   0x00014fa2       0x61 ./Core/Src/ADC.o
 .debug_macro   0x00015003       0x43 ./Core/Src/ADC.o
 .debug_macro   0x00015046       0x34 ./Core/Src/ADC.o
 .debug_macro   0x0001507a       0x16 ./Core/Src/ADC.o
 .debug_macro   0x00015090       0x3c ./Core/Src/ADC.o
 .debug_macro   0x000150cc      0x370 ./Core/Src/ADC.o
 .debug_macro   0x0001543c       0x16 ./Core/Src/ADC.o
 .debug_macro   0x00015452       0x4a ./Core/Src/ADC.o
 .debug_macro   0x0001549c       0x34 ./Core/Src/ADC.o
 .debug_macro   0x000154d0       0x10 ./Core/Src/ADC.o
 .debug_macro   0x000154e0       0x58 ./Core/Src/ADC.o
 .debug_macro   0x00015538       0x8e ./Core/Src/ADC.o
 .debug_macro   0x000155c6       0x1c ./Core/Src/ADC.o
 .debug_macro   0x000155e2      0x185 ./Core/Src/ADC.o
 .debug_macro   0x00015767       0x16 ./Core/Src/ADC.o
 .debug_macro   0x0001577d       0x29 ./Core/Src/ADC.o
 .debug_macro   0x000157a6       0x10 ./Core/Src/ADC.o
 .debug_macro   0x000157b6       0x10 ./Core/Src/ADC.o
 .debug_macro   0x000157c6      0x214 ./Core/Src/ADC.o
 .debug_macro   0x000159da       0x16 ./Core/Src/ADC.o
 .debug_macro   0x000159f0       0x20 ./Core/Src/ADC.o
 .debug_macro   0x00015a10       0x52 ./Core/Src/ADC.o
 .debug_macro   0x00015a62      0x307 ./Core/Src/CAN.o
 .debug_macro   0x00015d69       0x16 ./Core/Src/CAN.o
 .debug_macro   0x00015d7f       0x16 ./Core/Src/CAN.o
 .debug_macro   0x00015d95       0x76 ./Core/Src/CAN.o
 .debug_macro   0x00015e0b       0x10 ./Core/Src/CAN.o
 .debug_macro   0x00015e1b      0x2f5 ./Core/Src/DECODE_BATTERY_MANAGEMENT_SYSTEM.o
 .debug_macro   0x00016110       0x10 ./Core/Src/DECODE_BATTERY_MANAGEMENT_SYSTEM.o
 .debug_macro   0x00016120      0x2f5 ./Core/Src/DECODE_MOTOR_CONTROLLER.o
 .debug_macro   0x00016415       0x28 ./Core/Src/DECODE_MOTOR_CONTROLLER.o
 .debug_macro   0x0001643d      0x2d0 ./Core/Src/DWIN_DISPLAY.o
 .debug_macro   0x0001670d      0x20e ./Core/Src/DWIN_DISPLAY.o
 .debug_macro   0x0001691b      0x2e2 ./Core/Src/GPIO.o
 .debug_macro   0x00016bfd       0xdc ./Core/Src/GPIO.o
 .debug_macro   0x00016cd9      0x306 ./Core/Src/MCP2515.o
 .debug_macro   0x00016fdf      0x178 ./Core/Src/MCP2515.o
 .debug_macro   0x00017157      0x31e ./Core/Src/PROCESS.o
 .debug_macro   0x00017475       0x2e ./Core/Src/PROCESS.o
 .debug_macro   0x000174a3      0x263 ./Core/Src/RCC.o
 .debug_macro   0x00017706      0x26d ./Core/Src/SPI.o
 .debug_macro   0x00017973      0x276 ./Core/Src/SYSTICK.o
 .debug_macro   0x00017be9      0x281 ./Core/Src/TASK_TIMER.o
 .debug_macro   0x00017e6a      0x2aa ./Core/Src/UART.o
 .debug_macro   0x00018114       0x58 ./Core/Src/UART.o
 .debug_macro   0x0001816c       0x1c ./Core/Src/UART.o
 .debug_macro   0x00018188       0x1c ./Core/Src/UART.o
 .debug_macro   0x000181a4       0x16 ./Core/Src/UART.o
 .debug_macro   0x000181ba      0x146 ./Core/Src/UART.o
 .debug_macro   0x00018300      0x394 ./Core/Src/main.o
 .debug_macro   0x00018694       0x10 ./Core/Src/main.o
 .debug_macro   0x000186a4       0x1c ./Core/Src/main.o
 .debug_macro   0x000186c0       0xe2 ./Core/Src/main.o
 .debug_macro   0x000187a2       0x58 ./Core/Src/main.o
 .debug_macro   0x000187fa      0x263 ./Core/Src/stm32f1xx_hal_msp.o
 .debug_macro   0x00018a5d      0x26d ./Core/Src/stm32f1xx_it.o
 .debug_macro   0x00018cca      0x112 ./Core/Src/sysmem.o
 .debug_macro   0x00018ddc      0x23c ./Core/Src/sysmem.o
 .debug_macro   0x00019018      0x184 ./Core/Src/system_stm32f1xx.o
 .debug_macro   0x0001919c      0x1a8 ./Drivers/STM32F1xx_HAL_Driver/Src/stm32f1xx_hal.o
 .debug_macro   0x00019344      0x184 ./Drivers/STM32F1xx_HAL_Driver/Src/stm32f1xx_hal_cortex.o
 .debug_macro   0x000194c8      0x1ef ./Drivers/STM32F1xx_HAL_Driver/Src/stm32f1xx_hal_gpio.o
 .debug_macro   0x000196b7      0x196 ./Drivers/STM32F1xx_HAL_Driver/Src/stm32f1xx_hal_rcc.o

.debug_line     0x00000000     0xf4e8
 .debug_line    0x00000000      0xcb7 ./Core/Src/ADC.o
 .debug_line    0x00000cb7      0xdea ./Core/Src/CAN.o
 .debug_line    0x00001aa1     0x1156 ./Core/Src/DECODE_BATTERY_MANAGEMENT_SYSTEM.o
 .debug_line    0x00002bf7      0xef3 ./Core/Src/DECODE_MOTOR_CONTROLLER.o
 .debug_line    0x00003aea      0xc06 ./Core/Src/DWIN_DISPLAY.o
 .debug_line    0x000046f0     0x1129 ./Core/Src/GPIO.o
 .debug_line    0x00005819      0xd0e ./Core/Src/MCP2515.o
 .debug_line    0x00006527      0x96c ./Core/Src/PROCESS.o
 .debug_line    0x00006e93      0x988 ./Core/Src/RCC.o
 .debug_line    0x0000781b      0x9e6 ./Core/Src/SPI.o
 .debug_line    0x00008201      0x87b ./Core/Src/SYSTICK.o
 .debug_line    0x00008a7c      0x9f7 ./Core/Src/TASK_TIMER.o
 .debug_line    0x00009473      0xa83 ./Core/Src/UART.o
 .debug_line    0x00009ef6      0xb7b ./Core/Src/main.o
 .debug_line    0x0000aa71      0x814 ./Core/Src/stm32f1xx_hal_msp.o
 .debug_line    0x0000b285      0x8c5 ./Core/Src/stm32f1xx_it.o
 .debug_line    0x0000bb4a      0x588 ./Core/Src/sysmem.o
 .debug_line    0x0000c0d2      0x732 ./Core/Src/system_stm32f1xx.o
 .debug_line    0x0000c804       0x78 ./Core/Startup/startup_stm32f103cbtx.o
 .debug_line    0x0000c87c      0x963 ./Drivers/STM32F1xx_HAL_Driver/Src/stm32f1xx_hal.o
 .debug_line    0x0000d1df      0xb2d ./Drivers/STM32F1xx_HAL_Driver/Src/stm32f1xx_hal_cortex.o
 .debug_line    0x0000dd0c      0x9c0 ./Drivers/STM32F1xx_HAL_Driver/Src/stm32f1xx_hal_gpio.o
 .debug_line    0x0000e6cc      0xe1c ./Drivers/STM32F1xx_HAL_Driver/Src/stm32f1xx_hal_rcc.o

.debug_str      0x00000000    0x82f86
 .debug_str     0x00000000    0x82f86 ./Core/Src/ADC.o
                              0x7ecb0 (size before relaxing)
 .debug_str     0x00082f86    0x7ec8f ./Core/Src/CAN.o
 .debug_str     0x00082f86    0x7f07b ./Core/Src/DECODE_BATTERY_MANAGEMENT_SYSTEM.o
 .debug_str     0x00082f86    0x7edcf ./Core/Src/DECODE_MOTOR_CONTROLLER.o
 .debug_str     0x00082f86    0x7eafb ./Core/Src/DWIN_DISPLAY.o
 .debug_str     0x00082f86    0x7f198 ./Core/Src/GPIO.o
 .debug_str     0x00082f86    0x7f1f4 ./Core/Src/MCP2515.o
 .debug_str     0x00082f86    0x7eb5c ./Core/Src/PROCESS.o
 .debug_str     0x00082f86    0x7e12b ./Core/Src/RCC.o
 .debug_str     0x00082f86    0x7e16b ./Core/Src/SPI.o
 .debug_str     0x00082f86    0x7e0c0 ./Core/Src/SYSTICK.o
 .debug_str     0x00082f86    0x7e1a5 ./Core/Src/TASK_TIMER.o
 .debug_str     0x00082f86    0x7e957 ./Core/Src/UART.o
 .debug_str     0x00082f86    0x7f995 ./Core/Src/main.o
 .debug_str     0x00082f86    0x7e08d ./Core/Src/stm32f1xx_hal_msp.o
 .debug_str     0x00082f86    0x7e0c3 ./Core/Src/stm32f1xx_it.o
 .debug_str     0x00082f86     0x773d ./Core/Src/sysmem.o
 .debug_str     0x00082f86    0x7ae25 ./Core/Src/system_stm32f1xx.o
 .debug_str     0x00082f86       0x97 ./Core/Startup/startup_stm32f103cbtx.o
 .debug_str     0x00082f86    0x7b558 ./Drivers/STM32F1xx_HAL_Driver/Src/stm32f1xx_hal.o
 .debug_str     0x00082f86    0x7b4a4 ./Drivers/STM32F1xx_HAL_Driver/Src/stm32f1xx_hal_cortex.o
 .debug_str     0x00082f86    0x7b1ab ./Drivers/STM32F1xx_HAL_Driver/Src/stm32f1xx_hal_gpio.o
 .debug_str     0x00082f86    0x7b254 ./Drivers/STM32F1xx_HAL_Driver/Src/stm32f1xx_hal_rcc.o

.comment        0x00000000       0x43
 .comment       0x00000000       0x43 ./Core/Src/ADC.o
                                 0x44 (size before relaxing)
 .comment       0x00000043       0x44 ./Core/Src/CAN.o
 .comment       0x00000043       0x44 ./Core/Src/DECODE_BATTERY_MANAGEMENT_SYSTEM.o
 .comment       0x00000043       0x44 ./Core/Src/DECODE_MOTOR_CONTROLLER.o
 .comment       0x00000043       0x44 ./Core/Src/DWIN_DISPLAY.o
 .comment       0x00000043       0x44 ./Core/Src/GPIO.o
 .comment       0x00000043       0x44 ./Core/Src/MCP2515.o
 .comment       0x00000043       0x44 ./Core/Src/PROCESS.o
 .comment       0x00000043       0x44 ./Core/Src/RCC.o
 .comment       0x00000043       0x44 ./Core/Src/SPI.o
 .comment       0x00000043       0x44 ./Core/Src/SYSTICK.o
 .comment       0x00000043       0x44 ./Core/Src/TASK_TIMER.o
 .comment       0x00000043       0x44 ./Core/Src/UART.o
 .comment       0x00000043       0x44 ./Core/Src/main.o
 .comment       0x00000043       0x44 ./Core/Src/stm32f1xx_hal_msp.o
 .comment       0x00000043       0x44 ./Core/Src/stm32f1xx_it.o
 .comment       0x00000043       0x44 ./Core/Src/sysmem.o
 .comment       0x00000043       0x44 ./Core/Src/system_stm32f1xx.o
 .comment       0x00000043       0x44 ./Drivers/STM32F1xx_HAL_Driver/Src/stm32f1xx_hal.o
 .comment       0x00000043       0x44 ./Drivers/STM32F1xx_HAL_Driver/Src/stm32f1xx_hal_cortex.o
 .comment       0x00000043       0x44 ./Drivers/STM32F1xx_HAL_Driver/Src/stm32f1xx_hal_gpio.o
 .comment       0x00000043       0x44 ./Drivers/STM32F1xx_HAL_Driver/Src/stm32f1xx_hal_rcc.o

.debug_frame    0x00000000     0x2b78
 .debug_frame   0x00000000      0x20c ./Core/Src/ADC.o
 .debug_frame   0x0000020c      0x19c ./Core/Src/CAN.o
 .debug_frame   0x000003a8      0x40c ./Core/Src/DECODE_BATTERY_MANAGEMENT_SYSTEM.o
 .debug_frame   0x000007b4      0x204 ./Core/Src/DECODE_MOTOR_CONTROLLER.o
 .debug_frame   0x000009b8      0x100 ./Core/Src/DWIN_DISPLAY.o
 .debug_frame   0x00000ab8      0x328 ./Core/Src/GPIO.o
 .debug_frame   0x00000de0      0x28c ./Core/Src/MCP2515.o
 .debug_frame   0x0000106c       0x58 ./Core/Src/PROCESS.o
 .debug_frame   0x000010c4       0xec ./Core/Src/RCC.o
 .debug_frame   0x000011b0      0x108 ./Core/Src/SPI.o
 .debug_frame   0x000012b8       0x70 ./Core/Src/SYSTICK.o
 .debug_frame   0x00001328      0x194 ./Core/Src/TASK_TIMER.o
 .debug_frame   0x000014bc      0x1b0 ./Core/Src/UART.o
 .debug_frame   0x0000166c       0x90 ./Core/Src/main.o
 .debug_frame   0x000016fc       0x38 ./Core/Src/stm32f1xx_hal_msp.o
 .debug_frame   0x00001734      0x104 ./Core/Src/stm32f1xx_it.o
 .debug_frame   0x00001838       0x34 ./Core/Src/sysmem.o
 .debug_frame   0x0000186c       0x58 ./Core/Src/system_stm32f1xx.o
 .debug_frame   0x000018c4      0x334 ./Drivers/STM32F1xx_HAL_Driver/Src/stm32f1xx_hal.o
 .debug_frame   0x00001bf8      0x428 ./Drivers/STM32F1xx_HAL_Driver/Src/stm32f1xx_hal_cortex.o
 .debug_frame   0x00002020      0x14c ./Drivers/STM32F1xx_HAL_Driver/Src/stm32f1xx_hal_gpio.o
 .debug_frame   0x0000216c      0x218 ./Drivers/STM32F1xx_HAL_Driver/Src/stm32f1xx_hal_rcc.o
 .debug_frame   0x00002384      0x144 C:/ST/STM32CubeIDE_1.19.0/STM32CubeIDE/plugins/com.st.stm32cube.ide.mcu.externaltools.gnu-tools-for-stm32.13.3.rel1.win32_1.0.0.202411081344/tools/bin/../lib/gcc/arm-none-eabi/13.3.1/../../../../arm-none-eabi/lib/thumb/v7-m/nofp\libc_nano.a(libc_a-findfp.o)
 .debug_frame   0x000024c8       0x4c C:/ST/STM32CubeIDE_1.19.0/STM32CubeIDE/plugins/com.st.stm32cube.ide.mcu.externaltools.gnu-tools-for-stm32.13.3.rel1.win32_1.0.0.202411081344/tools/bin/../lib/gcc/arm-none-eabi/13.3.1/../../../../arm-none-eabi/lib/thumb/v7-m/nofp\libc_nano.a(libc_a-vsnprintf.o)
 .debug_frame   0x00002514       0x20 C:/ST/STM32CubeIDE_1.19.0/STM32CubeIDE/plugins/com.st.stm32cube.ide.mcu.externaltools.gnu-tools-for-stm32.13.3.rel1.win32_1.0.0.202411081344/tools/bin/../lib/gcc/arm-none-eabi/13.3.1/../../../../arm-none-eabi/lib/thumb/v7-m/nofp\libc_nano.a(libc_a-memset.o)
 .debug_frame   0x00002534       0x28 C:/ST/STM32CubeIDE_1.19.0/STM32CubeIDE/plugins/com.st.stm32cube.ide.mcu.externaltools.gnu-tools-for-stm32.13.3.rel1.win32_1.0.0.202411081344/tools/bin/../lib/gcc/arm-none-eabi/13.3.1/../../../../arm-none-eabi/lib/thumb/v7-m/nofp\libc_nano.a(libc_a-strncpy.o)
 .debug_frame   0x0000255c       0x38 C:/ST/STM32CubeIDE_1.19.0/STM32CubeIDE/plugins/com.st.stm32cube.ide.mcu.externaltools.gnu-tools-for-stm32.13.3.rel1.win32_1.0.0.202411081344/tools/bin/../lib/gcc/arm-none-eabi/13.3.1/../../../../arm-none-eabi/lib/thumb/v7-m/nofp\libc_nano.a(libc_a-reent.o)
 .debug_frame   0x00002594       0x20 C:/ST/STM32CubeIDE_1.19.0/STM32CubeIDE/plugins/com.st.stm32cube.ide.mcu.externaltools.gnu-tools-for-stm32.13.3.rel1.win32_1.0.0.202411081344/tools/bin/../lib/gcc/arm-none-eabi/13.3.1/../../../../arm-none-eabi/lib/thumb/v7-m/nofp\libc_nano.a(libc_a-errno.o)
 .debug_frame   0x000025b4       0x2c C:/ST/STM32CubeIDE_1.19.0/STM32CubeIDE/plugins/com.st.stm32cube.ide.mcu.externaltools.gnu-tools-for-stm32.13.3.rel1.win32_1.0.0.202411081344/tools/bin/../lib/gcc/arm-none-eabi/13.3.1/../../../../arm-none-eabi/lib/thumb/v7-m/nofp\libc_nano.a(libc_a-init.o)
 .debug_frame   0x000025e0       0xb0 C:/ST/STM32CubeIDE_1.19.0/STM32CubeIDE/plugins/com.st.stm32cube.ide.mcu.externaltools.gnu-tools-for-stm32.13.3.rel1.win32_1.0.0.202411081344/tools/bin/../lib/gcc/arm-none-eabi/13.3.1/../../../../arm-none-eabi/lib/thumb/v7-m/nofp\libc_nano.a(libc_a-lock.o)
 .debug_frame   0x00002690       0x38 C:/ST/STM32CubeIDE_1.19.0/STM32CubeIDE/plugins/com.st.stm32cube.ide.mcu.externaltools.gnu-tools-for-stm32.13.3.rel1.win32_1.0.0.202411081344/tools/bin/../lib/gcc/arm-none-eabi/13.3.1/../../../../arm-none-eabi/lib/thumb/v7-m/nofp\libc_nano.a(libc_a-freer.o)
 .debug_frame   0x000026c8       0x50 C:/ST/STM32CubeIDE_1.19.0/STM32CubeIDE/plugins/com.st.stm32cube.ide.mcu.externaltools.gnu-tools-for-stm32.13.3.rel1.win32_1.0.0.202411081344/tools/bin/../lib/gcc/arm-none-eabi/13.3.1/../../../../arm-none-eabi/lib/thumb/v7-m/nofp\libc_nano.a(libc_a-mallocr.o)
 .debug_frame   0x00002718       0x30 C:/ST/STM32CubeIDE_1.19.0/STM32CubeIDE/plugins/com.st.stm32cube.ide.mcu.externaltools.gnu-tools-for-stm32.13.3.rel1.win32_1.0.0.202411081344/tools/bin/../lib/gcc/arm-none-eabi/13.3.1/../../../../arm-none-eabi/lib/thumb/v7-m/nofp\libc_nano.a(libc_a-mlock.o)
 .debug_frame   0x00002748       0x90 C:/ST/STM32CubeIDE_1.19.0/STM32CubeIDE/plugins/com.st.stm32cube.ide.mcu.externaltools.gnu-tools-for-stm32.13.3.rel1.win32_1.0.0.202411081344/tools/bin/../lib/gcc/arm-none-eabi/13.3.1/../../../../arm-none-eabi/lib/thumb/v7-m/nofp\libc_nano.a(libc_a-nano-svfprintf.o)
 .debug_frame   0x000027d8       0x60 C:/ST/STM32CubeIDE_1.19.0/STM32CubeIDE/plugins/com.st.stm32cube.ide.mcu.externaltools.gnu-tools-for-stm32.13.3.rel1.win32_1.0.0.202411081344/tools/bin/../lib/gcc/arm-none-eabi/13.3.1/../../../../arm-none-eabi/lib/thumb/v7-m/nofp\libc_nano.a(libc_a-nano-vfprintf_i.o)
 .debug_frame   0x00002838       0x28 C:/ST/STM32CubeIDE_1.19.0/STM32CubeIDE/plugins/com.st.stm32cube.ide.mcu.externaltools.gnu-tools-for-stm32.13.3.rel1.win32_1.0.0.202411081344/tools/bin/../lib/gcc/arm-none-eabi/13.3.1/../../../../arm-none-eabi/lib/thumb/v7-m/nofp\libc_nano.a(libc_a-memmove.o)
 .debug_frame   0x00002860       0x2c C:/ST/STM32CubeIDE_1.19.0/STM32CubeIDE/plugins/com.st.stm32cube.ide.mcu.externaltools.gnu-tools-for-stm32.13.3.rel1.win32_1.0.0.202411081344/tools/bin/../lib/gcc/arm-none-eabi/13.3.1/../../../../arm-none-eabi/lib/thumb/v7-m/nofp\libc_nano.a(libc_a-sbrkr.o)
 .debug_frame   0x0000288c       0x28 C:/ST/STM32CubeIDE_1.19.0/STM32CubeIDE/plugins/com.st.stm32cube.ide.mcu.externaltools.gnu-tools-for-stm32.13.3.rel1.win32_1.0.0.202411081344/tools/bin/../lib/gcc/arm-none-eabi/13.3.1/../../../../arm-none-eabi/lib/thumb/v7-m/nofp\libc_nano.a(libc_a-memchr-stub.o)