../Core/Src/ADC.c:34:13:ADC_Pin_Init	16	static
../Core/Src/ADC.c:54:13:ADC_Set_Prescaler	16	static
../Core/Src/ADC.c:95:13:ADC_Init	24	static,ignoring_inline_asm
../Core/Src/ADC.c:183:10:ADC_Read_Channel	16	static
../Core/Src/ADC.c:219:10:ADC_Get_Result	16	static
../Core/Src/ADC.c:237:17:Battery_ADC_Get_Average	16	static
../Core/Src/ADC.c:263:6:Battery_Voltage_Update	24	static
../Core/Src/ADC.c:310:6:ADC_Update_All_Channels	24	static
../Core/Src/ADC.c:331:13:Print_Adc_Data	56	static
../Core/Src/ADC.c:367:13:Task_Id_For_Adc_Print	8	static
../Core/Src/ADC.c:394:6:Enable_Adc_Print_Task	8	static
../Core/Src/ADC.c:407:6:Update_Adc	8	static
../Core/Src/ADC.c:421:6:Get_Adc_Data	16	static
../Core/Src/ADC.c:443:6:Analog_To_Digital_Converter_Init	16	static
