../Core/Src/CAN.c:23:13:CAN_Filter_Init	32	static
../Core/Src/CAN.c:80:13:CAN1_Set_Bit_Timing	16	static
../Core/Src/CAN.c:136:13:CAN1_Init	8	static
../Core/Src/CAN.c:181:13:CAN1_Tx_Frame	24	static
../Core/Src/CAN.c:221:13:CAN1_Rx_Frame	24	static
../Core/Src/CAN.c:258:16:CAN_Get_Free_Tx_Mailbox	16	static
../Core/Src/CAN.c:280:16:CAN_Message_Pending	4	static
../Core/Src/CAN.c:293:6:Can_Send_Frame	24	static
../Core/Src/CAN.c:303:6:Can_Collect_Frame	24	static
../Core/Src/CAN.c:315:6:Controller_Area_Network_Init	8	static
