../Core/Src/CAN.c:22:13:CAN_Filter_Init	32	static
../Core/Src/CAN.c:79:13:CAN1_Set_Bit_Timing	16	static
../Core/Src/CAN.c:135:13:CAN1_Init	8	static
../Core/Src/CAN.c:180:13:CAN1_Tx_Frame	24	static
../Core/Src/CAN.c:223:13:CAN1_Rx_Frame	24	static
../Core/Src/CAN.c:260:16:CAN_Get_Free_Tx_Mailbox	16	static
../Core/Src/CAN.c:282:16:CAN_Message_Pending	4	static
../Core/Src/CAN.c:295:6:Configure_Can_filter_Ids	48	static
../Core/Src/CAN.c:316:6:Can_Send_Frame	24	static
../Core/Src/CAN.c:326:6:Can_Collect_Frame	24	static
../Core/Src/CAN.c:336:6:Controller_Area_Network_Init	8	static
