../Core/Src/DECODE_MOTOR_CONTROLLER.c:23:17:Extract_Raw_signal_Intel	80	static
../Core/Src/DECODE_MOTOR_CONTROLLER.c:76:13:Decode_MCU_0x011	16	static
../Core/Src/DECODE_MOTOR_CONTROLLER.c:100:13:Decode_MCU_0x012	16	static
../Core/Src/DECODE_MOTOR_CONTROLLER.c:124:13:Decode_MCU_0x013	16	static
../Core/Src/DECODE_MOTOR_CONTROLLER.c:142:13:Decode_MCU_0x014	16	static
../Core/Src/DECODE_MOTOR_CONTROLLER.c:164:13:Print_MCU_Msg_0x011	24	static
../Core/Src/DECODE_MOTOR_CONTROLLER.c:191:13:Print_MCU_Msg_0x012	24	static
../Core/Src/DECODE_MOTOR_CONTROLLER.c:217:13:Print_MCU_Msg_0x013	24	static
../Core/Src/DECODE_MOTOR_CONTROLLER.c:239:13:Print_MCU_Msg_0x014	24	static
../Core/Src/DECODE_MOTOR_CONTROLLER.c:262:6:Print_Motor_Messages	8	static
../Core/Src/DECODE_MOTOR_CONTROLLER.c:278:6:Process_Motor_Controller_Messages	16	static
../Core/Src/DECODE_MOTOR_CONTROLLER.c:312:13:Task_Id_For_Mcu_Print	8	static
../Core/Src/DECODE_MOTOR_CONTROLLER.c:333:6:Enable_Mcu_Print_Task	8	static
../Core/Src/DECODE_MOTOR_CONTROLLER.c:337:6:Get_Mcu_Data	24	static
