../Core/Src/DECODE_BATTERY_MANAGEMENT_SYSTEM.c:45:13:Decode_CAN_0x100	16	static
../Core/Src/DECODE_BATTERY_MANAGEMENT_SYSTEM.c:63:13:Decode_CAN_0x101	16	static
../Core/Src/DECODE_BATTERY_MANAGEMENT_SYSTEM.c:81:6:Decode_CAN_0x103	16	static
../Core/Src/DECODE_BATTERY_MANAGEMENT_SYSTEM.c:99:13:Decode_CAN_0x102	32	static
../Core/Src/DECODE_BATTERY_MANAGEMENT_SYSTEM.c:119:13:Decode_CAN_0x104	16	static
../Core/Src/DECODE_BATTERY_MANAGEMENT_SYSTEM.c:136:13:Decode_CAN_0x105	16	static
../Core/Src/DECODE_BATTERY_MANAGEMENT_SYSTEM.c:154:13:Decode_CAN_0x106	16	static
../Core/Src/DECODE_BATTERY_MANAGEMENT_SYSTEM.c:172:13:Decode_CAN_0x107	16	static
../Core/Src/DECODE_BATTERY_MANAGEMENT_SYSTEM.c:190:13:Decode_CAN_0x108	16	static
../Core/Src/DECODE_BATTERY_MANAGEMENT_SYSTEM.c:208:13:Decode_CAN_0x109	16	static
../Core/Src/DECODE_BATTERY_MANAGEMENT_SYSTEM.c:226:13:Decode_CAN_0x10A	16	static
../Core/Src/DECODE_BATTERY_MANAGEMENT_SYSTEM.c:244:13:Decode_CAN_0x10B	16	static
../Core/Src/DECODE_BATTERY_MANAGEMENT_SYSTEM.c:262:13:Decode_CAN_0x10C	16	static
../Core/Src/DECODE_BATTERY_MANAGEMENT_SYSTEM.c:277:13:Print_Jbd_Bms_0x100_t	40	static
../Core/Src/DECODE_BATTERY_MANAGEMENT_SYSTEM.c:300:13:Print_Jbd_Bms_0x105_t	40	static
../Core/Src/DECODE_BATTERY_MANAGEMENT_SYSTEM.c:324:13:Print_Jbd_Bms_0x106_t	40	static
../Core/Src/DECODE_BATTERY_MANAGEMENT_SYSTEM.c:348:13:Print_Jbd_Bms_0x107_t	40	static
../Core/Src/DECODE_BATTERY_MANAGEMENT_SYSTEM.c:372:13:Print_Jbd_Bms_0x108_t	40	static
../Core/Src/DECODE_BATTERY_MANAGEMENT_SYSTEM.c:395:13:Print_Jbd_Bms_0x109_t	40	static
../Core/Src/DECODE_BATTERY_MANAGEMENT_SYSTEM.c:419:13:Print_Jbd_Bms_0x10A_t	40	static
../Core/Src/DECODE_BATTERY_MANAGEMENT_SYSTEM.c:443:13:Print_Jbd_Bms_0x10B_t	40	static
../Core/Src/DECODE_BATTERY_MANAGEMENT_SYSTEM.c:467:13:Print_Jbd_Bms_0x10C_t	24	static
../Core/Src/DECODE_BATTERY_MANAGEMENT_SYSTEM.c:489:13:Print_Bms_Messages	8	static
../Core/Src/DECODE_BATTERY_MANAGEMENT_SYSTEM.c:522:6:Process_Bms_Messages	16	static
../Core/Src/DECODE_BATTERY_MANAGEMENT_SYSTEM.c:593:13:Task_Id_For_Bms_Print	8	static
../Core/Src/DECODE_BATTERY_MANAGEMENT_SYSTEM.c:614:6:Enable_Bms_Print_Task	8	static
../Core/Src/DECODE_BATTERY_MANAGEMENT_SYSTEM.c:618:6:Get_Bms_Data	24	static
