../Core/Src/GPIO.c:57:13:Input_Pin_Init	24	static
../Core/Src/GPIO.c:113:13:Output_Pin_Init	24	static
../Core/Src/GPIO.c:158:13:Debounce_Get_State	16	static
../Core/Src/GPIO.c:176:13:Gpio_Update_Input_States	8	static
../Core/Src/GPIO.c:197:6:GPIO_Set_Reset_Verify	24	static
../Core/Src/GPIO.c:224:13:Gpio_Update_Output_Pins	8	static
../Core/Src/GPIO.c:309:13:Digital_Input_Pins_Init	16	static
../Core/Src/GPIO.c:331:13:Digital_Output_Pins_Init	32	static
../Core/Src/GPIO.c:355:13:Debounce_Read_Pin	16	static
../Core/Src/GPIO.c:371:13:Debounce_Update_Pin	32	static
../Core/Src/GPIO.c:414:13:Debounce_Init	8	static
../Core/Src/GPIO.c:438:16:Debounce_Register_Pin	40	static
../Core/Src/GPIO.c:470:13:Debounce_Update_All	16	static
../Core/Src/GPIO.c:494:13:Debounce_Get_Raw_State	16	static
../Core/Src/GPIO.c:512:13:Debounce_Pins_Init	16	static
../Core/Src/GPIO.c:540:13:Update_Gpio_Pins	8	static
../Core/Src/GPIO.c:555:13:Debounce_Print_Status	56	static
../Core/Src/GPIO.c:582:13:Print_Gpio_Data	8	static
../Core/Src/GPIO.c:605:13:Task_Id_For_Gpio_Print	8	static
../Core/Src/GPIO.c:618:6:Update_Gpio	8	static
../Core/Src/GPIO.c:622:6:Get_IO_Data	16	static
../Core/Src/GPIO.c:631:6:Enable_Gpio_Print_Task	8	static
../Core/Src/GPIO.c:635:6:General_Purpose_Input_Output_Init	8	static
