../Core/Src/MCP2515.c:20:16:MCP2515_Read_Register	24	static
../Core/Src/MCP2515.c:37:23:MCP2515_Get_Mode	8	static
../Core/Src/MCP2515.c:50:13:MCP2515_Bit_Modify	16	static
../Core/Src/MCP2515.c:66:13:MCP2515_Clear_Rx_Buffer	16	static
../Core/Src/MCP2515.c:85:13:MCP2515_Write_Register	16	static
../Core/Src/MCP2515.c:102:13:MCP2515_Set_Mode	24	static
../Core/Src/MCP2515.c:124:13:MCP2515_Read_Rx_Buffer	32	static
../Core/Src/MCP2515.c:160:13:MCP2515_Receive_Message	24	static
../Core/Src/MCP2515.c:190:13:MCP2515_Set_Bitrate	16	static
../Core/Src/MCP2515.c:227:13:MCP2515_Set_Filter	24	static
../Core/Src/MCP2515.c:272:13:MCP2515_Set_Mask	24	static
../Core/Src/MCP2515.c:309:13:MCP2515_Reset	16	static
../Core/Src/MCP2515.c:330:13:MCP2515_Set_Filters	32	static
../Core/Src/MCP2515.c:368:13:MCP2515_Is_Message_Available	16	static
../Core/Src/MCP2515.c:382:13:MCP2515_Init	16	static
../Core/Src/MCP2515.c:397:6:Micro_Chip_Product_2515_Init	8	static
../Core/Src/MCP2515.c:401:6:MCP2515_Can_Collect_Frame	16	static
../Core/Src/MCP2515.c:409:6:Configure_Mcp2515_Can_Ids	16	static
