../Core/Src/MCP2515.c:19:16:MCP2515_Get_Mode	8	static
../Core/Src/MCP2515.c:23:6:MCP2515_AbortTransmission	16	static
../Core/Src/MCP2515.c:32:6:MCP2515_BitModify	16	static
../Core/Src/MCP2515.c:43:6:MCP2515_ClearInterruptFlags	16	static
../Core/Src/MCP2515.c:48:6:MCP2515_ClearRxBuffer	16	static
../Core/Src/MCP2515.c:55:6:MCP2515_DeInit	8	static
../Core/Src/MCP2515.c:62:6:MCP2515_EnableInterrupts	16	static
../Core/Src/MCP2515.c:68:6:MCP2515_FlushTxBuffer	24	static
../Core/Src/MCP2515.c:79:9:MCP2515_GetErrorFlags	8	static
../Core/Src/MCP2515.c:84:9:MCP2515_GetRxErrorCount	8	static
../Core/Src/MCP2515.c:89:9:MCP2515_GetTxErrorCount	8	static
../Core/Src/MCP2515.c:94:6:MCP2515_IsBufferAvailable	16	static
../Core/Src/MCP2515.c:103:6:MCP2515_IsMessageAvailable	16	static
../Core/Src/MCP2515.c:109:6:MCP2515_LoadTxBuffer	24	static
../Core/Src/MCP2515.c:142:6:MCP2515_ModifyBit	16	static
../Core/Src/MCP2515.c:147:6:MCP2515_NormalMode	8	static
../Core/Src/MCP2515.c:152:6:MCP2515_OnInterruptServiceRoutine	16	static
../Core/Src/MCP2515.c:164:9:MCP2515_PollStatus	8	static
../Core/Src/MCP2515.c:169:9:MCP2515_ReadRegister	24	static
../Core/Src/MCP2515.c:179:6:MCP2515_ReadRegisters	32	static
../Core/Src/MCP2515.c:191:6:MCP2515_ReadRxBuffer	32	static
../Core/Src/MCP2515.c:225:9:MCP2515_ReadStatus	16	static
../Core/Src/MCP2515.c:234:6:MCP2515_ReceiveMessage	24	static
../Core/Src/MCP2515.c:254:6:MCP2515_RequestToSend	16	static
../Core/Src/MCP2515.c:263:6:MCP2515_SendMessage	24	static
../Core/Src/MCP2515.c:295:13:MCP2515_Set_Bitrate	16	static
../Core/Src/MCP2515.c:322:6:MCP2515_SetFilter	24	static
../Core/Src/MCP2515.c:358:6:MCP2515_SetMask	24	static
../Core/Src/MCP2515.c:392:6:MCP2515_Set_Mode	24	static
../Core/Src/MCP2515.c:402:6:MCP2515_SetOneShotMode	16	static
../Core/Src/MCP2515.c:407:6:MCP2515_SetPriority	24	static
../Core/Src/MCP2515.c:414:6:MCP2515_Sleep	8	static
../Core/Src/MCP2515.c:420:6:MCP2515_WakeUp	8	static
../Core/Src/MCP2515.c:426:6:MCP2515_Write_Register	16	static
../Core/Src/MCP2515.c:443:6:MCP2515_Write_Registers	24	static
../Core/Src/MCP2515.c:454:6:MCP2515_EchoMessage	16	static
../Core/Src/MCP2515.c:477:13:MCP2515_Reset	16	static
../Core/Src/MCP2515.c:493:13:MCP2515_Init	16	static
../Core/Src/MCP2515.c:516:6:Micro_Chip_Product_2515_Init	8	static
