../Core/Src/MCP2515.c:23:16:MCP2515_Get_Mode	8	static
../Core/Src/MCP2515.c:27:6:MCP2515_AbortTransmission	16	static
../Core/Src/MCP2515.c:36:6:MCP2515_BitModify	16	static
../Core/Src/MCP2515.c:47:6:MCP2515_ClearInterruptFlags	16	static
../Core/Src/MCP2515.c:52:6:MCP2515_ClearRxBuffer	16	static
../Core/Src/MCP2515.c:59:6:MCP2515_DeInit	8	static
../Core/Src/MCP2515.c:66:6:MCP2515_EnableInterrupts	16	static
../Core/Src/MCP2515.c:72:6:MCP2515_FlushTxBuffer	24	static
../Core/Src/MCP2515.c:83:9:MCP2515_GetErrorFlags	8	static
../Core/Src/MCP2515.c:88:9:MCP2515_GetRxErrorCount	8	static
../Core/Src/MCP2515.c:93:9:MCP2515_GetTxErrorCount	8	static
../Core/Src/MCP2515.c:98:6:MCP2515_IsBufferAvailable	16	static
../Core/Src/MCP2515.c:107:6:MCP2515_IsMessageAvailable	16	static
../Core/Src/MCP2515.c:113:6:MCP2515_LoadTxBuffer	24	static
../Core/Src/MCP2515.c:146:6:MCP2515_ModifyBit	16	static
../Core/Src/MCP2515.c:151:6:MCP2515_NormalMode	8	static
../Core/Src/MCP2515.c:156:6:MCP2515_OnInterruptServiceRoutine	16	static
../Core/Src/MCP2515.c:168:9:MCP2515_PollStatus	8	static
../Core/Src/MCP2515.c:173:9:MCP2515_ReadRegister	24	static
../Core/Src/MCP2515.c:183:6:MCP2515_ReadRegisters	32	static
../Core/Src/MCP2515.c:195:6:MCP2515_ReadRxBuffer	32	static
../Core/Src/MCP2515.c:229:9:MCP2515_ReadStatus	16	static
../Core/Src/MCP2515.c:238:6:MCP2515_ReceiveMessage	24	static
../Core/Src/MCP2515.c:258:6:MCP2515_RequestToSend	16	static
../Core/Src/MCP2515.c:267:6:MCP2515_SendMessage	24	static
../Core/Src/MCP2515.c:299:13:MCP2515_Set_Bitrate	16	static
../Core/Src/MCP2515.c:326:6:MCP2515_SetFilter	24	static
../Core/Src/MCP2515.c:362:6:MCP2515_SetMask	24	static
../Core/Src/MCP2515.c:396:6:MCP2515_Set_Mode	24	static
../Core/Src/MCP2515.c:406:6:MCP2515_SetOneShotMode	16	static
../Core/Src/MCP2515.c:411:6:MCP2515_SetPriority	24	static
../Core/Src/MCP2515.c:418:6:MCP2515_Sleep	8	static
../Core/Src/MCP2515.c:424:6:MCP2515_WakeUp	8	static
../Core/Src/MCP2515.c:430:6:MCP2515_Write_Register	16	static
../Core/Src/MCP2515.c:447:6:MCP2515_Write_Registers	24	static
../Core/Src/MCP2515.c:458:6:MCP2515_EchoMessage	16	static
../Core/Src/MCP2515.c:481:13:MCP2515_Reset	16	static
../Core/Src/MCP2515.c:497:13:MCP2515_Init	16	static
../Core/Src/MCP2515.c:520:6:Micro_Chip_Product_2515_Init	8	static
