../Core/Src/TASK_TIMER.c:20:13:Task_Timer_Do_Nothing	0	static
../Core/Src/TASK_TIMER.c:25:6:Task_Timer_Init	0	static
../Core/Src/TASK_TIMER.c:37:5:Task_Timer_Register	16	static
../Core/Src/TASK_TIMER.c:54:5:Task_Timer_Schedule_Once	8	static
../Core/Src/TASK_TIMER.c:64:5:Task_Timer_Delay	0	static
../Core/Src/TASK_TIMER.c:91:6:Task_Timer_Disable	0	static
../Core/Src/TASK_TIMER.c:99:6:Task_Timer_Enable	8	static
../Core/Src/TASK_TIMER.c:108:6:Task_Timer_Delete	0	static
../Core/Src/TASK_TIMER.c:69:6:Task_Timer_Run_All	16	static
../Core/Src/TASK_TIMER.c:120:10:Task_Timer_Get_Tick	0	static
../Core/Src/TASK_TIMER.c:124:6:Enable_Task_Timer_Init	8	static
