../Core/Src/TASK_TIMER.c:20:13:Task_Timer_Do_Nothing	4	static
../Core/Src/TASK_TIMER.c:25:6:Task_Timer_Init	16	static
../Core/Src/TASK_TIMER.c:37:5:Task_Timer_Register	24	static
../Core/Src/TASK_TIMER.c:54:5:Task_Timer_Schedule_Once	24	static
../Core/Src/TASK_TIMER.c:64:5:Task_Timer_Delay	16	static
../Core/Src/TASK_TIMER.c:69:6:Task_Timer_Run_All	16	static
../Core/Src/TASK_TIMER.c:91:6:Task_Timer_Disable	16	static
../Core/Src/TASK_TIMER.c:99:6:Task_Timer_Enable	16	static
../Core/Src/TASK_TIMER.c:108:6:Task_Timer_Delete	16	static
../Core/Src/TASK_TIMER.c:120:10:Task_Timer_Get_Tick	8	static
../Core/Src/TASK_TIMER.c:124:6:Enable_Task_Timer_Init	8	static
